******************************************************************************
                  TI ARM Linker PC v16.9.4                     
******************************************************************************
>> Linked Wed Jun 06 11:36:32 2018

OUTPUT FILE NAME:   <EM_1_TIVA_Git.out>
ENTRY POINT SYMBOL: "_c_int00"  address: 00001d11


MEMORY CONFIGURATION

         name            origin    length      used     unused   attr    fill
----------------------  --------  ---------  --------  --------  ----  --------
  FLASH                 00000000   00040000  00002b00  0003d500  R  X
  SRAM                  20000000   00008000  00000924  000076dc  RW X


SEGMENT ALLOCATION MAP

run origin  load origin   length   init length attrs members
----------  ----------- ---------- ----------- ----- -------
00000000    00000000    00002b08   00002b08    r-x
  00000000    00000000    0000026c   0000026c    r-- .intvecs
  0000026c    0000026c    000020ee   000020ee    r-x .text
  0000235c    0000235c    0000074e   0000074e    r-- .const
  00002ab0    00002ab0    00000058   00000058    r-- .cinit
20000000    20000000    00000927   00000000    rw-
  20000000    20000000    0000026c   00000000    rw- .vtable
  2000026c    2000026c    0000040d   00000000    rw- .bss
  2000067c    2000067c    00000200   00000000    rw- .stack
  2000087c    2000087c    000000ab   00000000    rw- .data


SECTION ALLOCATION MAP

 output                                  attributes/
section   page    origin      length       input sections
--------  ----  ----------  ----------   ----------------
.intvecs   0    00000000    0000026c     
                  00000000    0000026c     tm4c123gh6pm_startup_ccs.obj (.intvecs)

.text      0    0000026c    000020ee     
                  0000026c    0000045c     dl_LCD.obj (.text)
                  000006c8    0000031c     dl_RF_Module.obj (.text)
                  000009e4    0000021c     main.obj (.text)
                  00000c00    000001e8     hal_uart1.obj (.text)
                  00000de8    000001e4     hal_gpio.obj (.text)
                  00000fcc    000001b4     dl_general.obj (.text)
                  00001180    00000154     hal_timer2.obj (.text)
                  000012d4    00000134     hal_us.obj (.text)
                  00001408    00000132     driverlib.lib : gpio.obj (.text:GPIOPadConfigSet)
                  0000153a    00000002     rtsv7M4_T_le_v4SPD16_eabi.lib : mpu_init.obj (.text)
                  0000153c    00000110     driverlib.lib : sysctl.obj (.text:SysCtlClockGet)
                  0000164c    000000f4                   : sysctl.obj (.text:SysCtlClockSet)
                  00001740    000000ec     hal_ssi1.obj (.text)
                  0000182c    000000b0     driverlib.lib : pwm.obj (.text:_PWMGenIntNumberGet)
                  000018dc    000000a4                   : gpio.obj (.text:GPIOPadConfigGet)
                  00001980    0000009c     rtsv7M4_T_le_v4SPD16_eabi.lib : memcpy_t2.obj (.text)
                  00001a1c    00000080     hal_pwm.obj (.text)
                  00001a9c    0000007a     rtsv7M4_T_le_v4SPD16_eabi.lib : memset_t2.obj (.text)
                  00001b16    00000002                                   : startup.obj (.text)
                  00001b18    00000070                                   : autoinit.obj (.text)
                  00001b88    00000068     driverlib.lib : interrupt.obj (.text:IntEnable)
                  00001bf0    00000068     rtsv7M4_T_le_v4SPD16_eabi.lib : copy_decompress_lzss.obj (.text:decompress:lzss)
                  00001c58    00000060     driverlib.lib : timer.obj (.text:TimerConfigure)
                  00001cb8    00000056                   : gpio.obj (.text:GPIOIntTypeSet)
                  00001d0e    00000002     --HOLE-- [fill = 0]
                  00001d10    00000054     rtsv7M4_T_le_v4SPD16_eabi.lib : boot.obj (.text)
                  00001d64    00000054                                   : exit.obj (.text)
                  00001db8    0000004c     driverlib.lib : timer.obj (.text:_TimerIntNumberGet)
                  00001e04    0000004c     rtsv7M4_T_le_v4SPD16_eabi.lib : cpy_tbl.obj (.text)
                  00001e50    00000048     driverlib.lib : gpio.obj (.text:GPIOPinConfigure)
                  00001e98    00000046                   : uart.obj (.text:UARTConfigSetExpClk)
                  00001ede    00000002     --HOLE-- [fill = 0]
                  00001ee0    00000044                   : gpio.obj (.text:_GPIOIntNumberGet)
                  00001f24    00000040                   : uart.obj (.text:_UARTIntNumberGet)
                  00001f64    0000003c                   : ssi.obj (.text:SSIConfigSetExpClk)
                  00001fa0    00000038                   : sysctl.obj (.text:SysCtlPeripheralReady)
                  00001fd8    00000034                   : interrupt.obj (.text:IntRegister)
                  0000200c    00000034                   : sysctl.obj (.text:SysCtlPeripheralEnable)
                  00002040    0000002a                   : gpio.obj (.text:GPIODirModeSet)
                  0000206a    00000022                   : pwm.obj (.text:PWMGenConfigure)
                  0000208c    00000020                   : uart.obj (.text:UARTDisable)
                  000020ac    00000020     hal_init.obj (.text)
                  000020cc    0000001e     driverlib.lib : pwm.obj (.text:PWMPulseWidthSet)
                  000020ea    00000018                   : gpio.obj (.text:GPIOIntRegister)
                  00002102    00000018                   : gpio.obj (.text:GPIOPinTypeGPIOOutput)
                  0000211a    00000018                   : pwm.obj (.text:PWMGenIntRegister)
                  00002132    00000018                   : timer.obj (.text:TimerIntRegister)
                  0000214a    00000018                   : uart.obj (.text:UARTIntRegister)
                  00002162    00000002     --HOLE-- [fill = 0]
                  00002164    00000018     rtsv7M4_T_le_v4SPD16_eabi.lib : args_main.obj (.text)
                  0000217c    00000014     driverlib.lib : sysctl.obj (.text:SysCtlPWMClockSet)
                  00002190    00000014                   : uart.obj (.text:UARTEnable)
                  000021a4    00000014     rtsv7M4_T_le_v4SPD16_eabi.lib : _lock.obj (.text)
                  000021b8    00000012     driverlib.lib : gpio.obj (.text:GPIOPinTypeGPIOInput)
                  000021ca    00000012                   : gpio.obj (.text:GPIOPinTypePWM)
                  000021dc    00000012                   : gpio.obj (.text:GPIOPinTypeSSI)
                  000021ee    00000012                   : gpio.obj (.text:GPIOPinTypeUART)
                  00002200    00000012                   : pwm.obj (.text:PWMOutputState)
                  00002212    00000012                   : timer.obj (.text:TimerLoadSet)
                  00002224    00000010                   : pwm.obj (.text:PWMGenPeriodSet)
                  00002234    00000010     hal_usc.obj (.text)
                  00002244    0000000e     driverlib.lib : gpio.obj (.text:GPIOIntStatus)
                  00002252    0000000e                   : timer.obj (.text:TimerEnable)
                  00002260    0000000e                   : uart.obj (.text:UARTCharPutNonBlocking)
                  0000226e    0000000e                   : uart.obj (.text:UARTCharsAvail)
                  0000227c    0000000e     rtsv7M4_T_le_v4SPD16_eabi.lib : copy_decompress_none.obj (.text:decompress:none)
                  0000228a    0000000c     driverlib.lib : gpio.obj (.text:GPIOIntEnable)
                  00002296    0000000c                   : pwm.obj (.text:PWMGenEnable)
                  000022a2    0000000c                   : pwm.obj (.text:PWMGenIntStatus)
                  000022ae    0000000c     rtsv7M4_T_le_v4SPD16_eabi.lib : copy_zero_init.obj (.text:decompress:ZI)
                  000022ba    0000000c     tm4c123gh6pm_startup_ccs.obj (.text)
                  000022c6    0000000a     driverlib.lib : pwm.obj (.text:PWMGenIntTrigEnable)
                  000022d0    0000000a                   : ssi.obj (.text:SSIDataPut)
                  000022da    0000000a                   : ssi.obj (.text:SSIEnable)
                  000022e4    0000000a                   : timer.obj (.text:TimerLoadGet)
                  000022ee    0000000a                   : uart.obj (.text:UARTCharGet)
                  000022f8    0000000a                   : uart.obj (.text:UARTIntStatus)
                  00002302    00000008                   : pwm.obj (.text:PWMIntEnable)
                  0000230a    00000008                   : ssi.obj (.text:SSIBusy)
                  00002312    00000008                   : timer.obj (.text:TimerIntEnable)
                  0000231a    00000008                   : uart.obj (.text:UARTBusy)
                  00002322    00000008                   : uart.obj (.text:UARTIntEnable)
                  0000232a    00000006                   : gpio.obj (.text:GPIOIntClear)
                  00002330    00000006                   : gpio.obj (.text:GPIOPinWrite)
                  00002336    00000006                   : pwm.obj (.text:PWMGenIntClear)
                  0000233c    00000006                   : sysctl.obj (.text:SysCtlDelay)
                  00002342    00000006                   : timer.obj (.text:TimerClockSourceSet)
                  00002348    00000006                   : uart.obj (.text:UARTFIFOLevelSet)
                  0000234e    00000004                   : timer.obj (.text:TimerIntClear)
                  00002352    00000004                   : uart.obj (.text:UARTIntClear)
                  00002356    00000004     rtsv7M4_T_le_v4SPD16_eabi.lib : pre_init.obj (.text)

.const     0    0000235c    0000074e     
                  0000235c    00000300     dl_LCD.obj (.const:font_table)
                  0000265c    000000d8     driverlib.lib : gpio.obj (.const:g_ppui32GPIOIntMapSnowflake)
                  00002734    000000c0                   : gpio.obj (.const:g_ppui32GPIOIntMapBlizzard)
                  000027f4    00000090                   : gpio.obj (.const:g_pui32GPIOBaseAddrs)
                  00002884    00000070                   : interrupt.obj (.const)
                  000028f4    0000006c                   : sysctl.obj (.const:g_pui32Xtals)
                  00002960    00000060                   : timer.obj (.const:g_ppui32TimerIntMap)
                  000029c0    00000040                   : timer.obj (.const:g_ppui32TimerIntMapSnowflake)
                  00002a00    00000040                   : uart.obj (.const:g_ppui32UARTIntMap)
                  00002a40    00000040                   : uart.obj (.const:g_ppui32UARTIntMapSnowflake)
                  00002a80    00000013     main.obj (.const:.string:$P$T0$1)
                  00002a93    0000000a     main.obj (.const:.string:$P$T1$2)
                  00002a9d    00000004     dl_RF_Module.obj (.const:.string:$P$T2$3)
                  00002aa1    00000003     dl_RF_Module.obj (.const:.string:$P$T0$1)
                  00002aa4    00000003     dl_RF_Module.obj (.const:.string:$P$T1$2)
                  00002aa7    00000003     dl_RF_Module.obj (.const:.string:$P$T3$4)

.cinit     0    00002ab0    00000058     
                  00002ab0    00000021     (.cinit..data.load) [load image, compression = lzss]
                  00002ad1    00000003     --HOLE-- [fill = 0]
                  00002ad4    0000000c     (__TI_handler_table)
                  00002ae0    00000008     (.cinit..bss.load) [load image, compression = zero_init]
                  00002ae8    00000008     (.cinit..vtable.load) [load image, compression = zero_init]
                  00002af0    00000018     (__TI_cinit_table)

.init_array 
*          0    00000000    00000000     UNINITIALIZED

.vtable    0    20000000    0000026c     UNINITIALIZED
                  20000000    0000026c     driverlib.lib : interrupt.obj (.vtable)

.bss       0    2000026c    0000040d     UNINITIALIZED
                  2000026c    00000205     (.common:LCD_cmd_)
                  20000471    00000205     (.common:uart_status_)
                  20000676    00000002     dl_general.obj (.bss)
                  20000678    00000001     (.common:switch_backlight_)

.stack     0    2000067c    00000200     UNINITIALIZED
                  2000067c    00000200     --HOLE--

.data      0    2000087c    000000ab     UNINITIALIZED
                  2000087c    00000080     dl_LCD.obj (.data:lcdDataArray_)
                  200008fc    0000000c     rtsv7M4_T_le_v4SPD16_eabi.lib : exit.obj (.data:$O1$$)
                  20000908    00000009     dl_LCD.obj (.data:lcdInitCmd_)
                  20000911    00000003     dl_LCD.obj (.data:lcdPositionArray_)
                  20000914    00000008     rtsv7M4_T_le_v4SPD16_eabi.lib : _lock.obj (.data:$O1$$)
                  2000091c    00000004     hal_us.obj (.data)
                  20000920    00000004     rtsv7M4_T_le_v4SPD16_eabi.lib : stkdepth_vars.obj (.data)
                  20000924    00000001     hal_gpio.obj (.data)
                  20000925    00000001     hal_timer2.obj (.data)
                  20000926    00000001     hal_uart1.obj (.data)

MODULE SUMMARY

       Module                         code   ro data   rw data
       ------                         ----   -------   -------
    .\
       tm4c123gh6pm_startup_ccs.obj   12     620       0      
       main.obj                       540    29        0      
    +--+------------------------------+------+---------+---------+
       Total:                         552    649       0      
                                                              
    .\F_DL\
       dl_LCD.obj                     1116   768       657    
       dl_RF_Module.obj               796    13        0      
       dl_general.obj                 436    0         2      
    +--+------------------------------+------+---------+---------+
       Total:                         2348   781       659    
                                                              
    .\F_HAL\
       hal_uart1.obj                  488    0         519    
       hal_gpio.obj                   484    0         1      
       hal_timer2.obj                 340    0         1      
       hal_us.obj                     308    0         4      
       hal_ssi1.obj                   236    0         0      
       hal_pwm.obj                    128    0         0      
       hal_init.obj                   32     0         0      
       hal_usc.obj                    16     0         0      
    +--+------------------------------+------+---------+---------+
       Total:                         2032   0         525    
                                                              
    D:/FH Joanneum/ECE16/Semester4/EM/TivaWare/driverlib/ccs/Debug/driverlib.lib
       gpio.obj                       896    552       0      
       interrupt.obj                  156    112       620    
       sysctl.obj                     650    108       0      
       timer.obj                      256    160       0      
       uart.obj                       284    128       0      
       pwm.obj                        346    0         0      
       ssi.obj                        88     0         0      
    +--+------------------------------+------+---------+---------+
       Total:                         2676   1060      620    
                                                              
    D:\Programs\TI_CodeComp\ccsv7\tools\compiler\ti-cgt-arm_16.9.4.LTS\lib\rtsv7M4_T_le_v4SPD16_eabi.lib
       memcpy_t2.obj                  156    0         0      
       memset_t2.obj                  122    0         0      
       autoinit.obj                   112    0         0      
       copy_decompress_lzss.obj       104    0         0      
       exit.obj                       84     0         12     
       boot.obj                       84     0         0      
       cpy_tbl.obj                    76     0         0      
       _lock.obj                      20     0         8      
       args_main.obj                  24     0         0      
       copy_decompress_none.obj       14     0         0      
       copy_zero_init.obj             12     0         0      
       pre_init.obj                   4      0         0      
       stkdepth_vars.obj              0      0         4      
       mpu_init.obj                   2      0         0      
       startup.obj                    2      0         0      
    +--+------------------------------+------+---------+---------+
       Total:                         816    0         24     
                                                              
       Stack:                         0      0         512    
       Linker Generated:              0      85        0      
    +--+------------------------------+------+---------+---------+
       Grand Total:                   8424   2575      2340   


LINKER GENERATED COPY TABLES

__TI_cinit_table @ 00002af0 records: 3, size/record: 8, table size: 24
	.data: load addr=00002ab0, load size=00000021 bytes, run addr=2000087c, run size=000000ab bytes, compression=lzss
	.bss: load addr=00002ae0, load size=00000008 bytes, run addr=2000026c, run size=0000040d bytes, compression=zero_init
	.vtable: load addr=00002ae8, load size=00000008 bytes, run addr=20000000, run size=0000026c bytes, compression=zero_init


LINKER GENERATED HANDLER TABLE

__TI_handler_table @ 00002ad4 records: 3, size/record: 4, table size: 12
	index: 0, handler: __TI_zero_init
	index: 1, handler: __TI_decompress_lzss
	index: 2, handler: __TI_decompress_none


GLOBAL SYMBOLS: SORTED ALPHABETICALLY BY Name 

address   name                           
-------   ----                           
00001d65  C$$EXIT                        
00002041  GPIODirModeSet                 
0000232b  GPIOIntClear                   
0000228b  GPIOIntEnable                  
000020eb  GPIOIntRegister                
00002245  GPIOIntStatus                  
00001cb9  GPIOIntTypeSet                 
000018dd  GPIOPadConfigGet               
00001409  GPIOPadConfigSet               
00001e51  GPIOPinConfigure               
000021b9  GPIOPinTypeGPIOInput           
00002103  GPIOPinTypeGPIOOutput          
000021cb  GPIOPinTypePWM                 
000021dd  GPIOPinTypeSSI                 
000021ef  GPIOPinTypeUART                
00002331  GPIOPinWrite                   
00001b89  IntEnable                      
00001fd9  IntRegister                    
2000026c  LCD_cmd_                       
00001393  PWM0_Int_handler               
0000206b  PWMGenConfigure                
00002297  PWMGenEnable                   
00002337  PWMGenIntClear                 
0000211b  PWMGenIntRegister              
000022a3  PWMGenIntStatus                
000022c7  PWMGenIntTrigEnable            
00002225  PWMGenPeriodSet                
00002303  PWMIntEnable                   
00002201  PWMOutputState                 
000020cd  PWMPulseWidthSet               
000022bb  ResetISR                       
UNDEFED   SHT$$INIT_ARRAY$$Base          
UNDEFED   SHT$$INIT_ARRAY$$Limit         
0000230b  SSIBusy                        
00001f65  SSIConfigSetExpClk             
000022d1  SSIDataPut                     
000022db  SSIEnable                      
0000153d  SysCtlClockGet                 
0000164d  SysCtlClockSet                 
0000233d  SysCtlDelay                    
0000217d  SysCtlPWMClockSet              
0000200d  SysCtlPeripheralEnable         
00001fa1  SysCtlPeripheralReady          
00002343  TimerClockSourceSet            
00001c59  TimerConfigure                 
00002253  TimerEnable                    
0000234f  TimerIntClear                  
00002313  TimerIntEnable                 
00002133  TimerIntRegister               
000022e5  TimerLoadGet                   
00002213  TimerLoadSet                   
0000231b  UARTBusy                       
000022ef  UARTCharGet                    
00002261  UARTCharPutNonBlocking         
0000226f  UARTCharsAvail                 
00001e99  UARTConfigSetExpClk            
0000208d  UARTDisable                    
00002191  UARTEnable                     
00002349  UARTFIFOLevelSet               
00002353  UARTIntClear                   
00002323  UARTIntEnable                  
0000214b  UARTIntRegister                
000022f9  UARTIntStatus                  
2000087c  __STACK_END                    
00000200  __STACK_SIZE                   
2000087c  __STACK_TOP                    
00002af0  __TI_CINIT_Base                
00002b08  __TI_CINIT_Limit               
00002ad4  __TI_Handler_Table_Base        
00002ae0  __TI_Handler_Table_Limit       
00001b19  __TI_auto_init                 
200008fc  __TI_cleanup_ptr               
00001bf1  __TI_decompress_lzss           
0000227d  __TI_decompress_none           
20000900  __TI_dtors_ptr                 
20000904  __TI_enable_exit_profile_output
ffffffff  __TI_pprof_out_hndl            
ffffffff  __TI_prof_data_size            
ffffffff  __TI_prof_data_start           
00000000  __TI_static_base__             
000022af  __TI_zero_init                 
00001a9d  __aeabi_memclr                 
00001a9d  __aeabi_memclr4                
00001a9d  __aeabi_memclr8                
00001981  __aeabi_memcpy                 
00001981  __aeabi_memcpy4                
00001981  __aeabi_memcpy8                
00001a9f  __aeabi_memset                 
00001a9f  __aeabi_memset4                
00001a9f  __aeabi_memset8                
ffffffff  __binit__                      
ffffffff  __c_args__                     
0000153b  __mpu_init                     
2000067c  __stack                        
00002165  _args_main                     
00001d11  _c_int00                       
20000914  _lock                          
000021b3  _nop                           
000021ab  _register_lock                 
000021a5  _register_unlock               
00001b17  _system_post_cinit             
00002357  _system_pre_init               
20000918  _unlock                        
00001d69  abort                          
ffffffff  binit                          
2000091c  burst_finished_                
00000e05  configPort_A                   
00000e39  configPort_B                   
00000eb5  configPort_C                   
00000ec9  configPort_D                   
00000f01  configPort_E                   
00000f1d  configPort_F                   
00001e05  copy_in                        
0000082f  dlGetDataPayloadRF             
00000707  dlGetSettingInfoRF             
00000319  dlLcdClear                     
000002d7  dlLcdInit                      
0000038b  dlLcdSetPosition               
0000026d  dlLcdWriteCommand              
000003cb  dlLcdWriteData                 
0000043d  dlLcdWriteText                 
0000058d  dlLcdWriteUInt                 
000007a1  dlSendDataRF                   
000007f1  dlSetCarAddress                
000006c9  dlSetChannelRF                 
00000fcd  dlSetSteering                  
0000103b  dlSetThrottle                  
00001d71  exit                           
00001231  extIntBHandler                 
00000f67  extIntFHandler                 
0000235c  font_table                     
20000000  g_pfnRAMVectors                
00000000  g_pfnVectors                   
00000ce7  halGetUart1Data                
00000de9  halGpioInit                    
00001385  halIsBurstFinished             
00001a1d  halPWMInit                     
0000138b  halResetBurstIndicator         
00000c79  halSendUart1Data               
00001741  halSsi1Int                     
0000136d  halStartBurstModeUS            
00002235  halSysClkInit                  
00001181  halTimer2Init                  
00000c01  halUart1Init                   
000012d5  halUsInit                      
000017b9  halUsciB1Transmit              
000020ad  hal_init                       
20000924  is_switch_active               
2000087c  lcdDataArray_                  
20000908  lcdInitCmd_                    
20000911  lcdPositionArray_              
000009e5  main                           
20000920  main_func_sp                   
00001981  memcpy                         
00001aa5  memset                         
20000678  switch_backlight_              
00001295  timer2ISR                      
20000471  uart_status_                   


GLOBAL SYMBOLS: SORTED BY Symbol Address 

address   name                           
-------   ----                           
00000000  __TI_static_base__             
00000000  g_pfnVectors                   
00000200  __STACK_SIZE                   
0000026d  dlLcdWriteCommand              
000002d7  dlLcdInit                      
00000319  dlLcdClear                     
0000038b  dlLcdSetPosition               
000003cb  dlLcdWriteData                 
0000043d  dlLcdWriteText                 
0000058d  dlLcdWriteUInt                 
000006c9  dlSetChannelRF                 
00000707  dlGetSettingInfoRF             
000007a1  dlSendDataRF                   
000007f1  dlSetCarAddress                
0000082f  dlGetDataPayloadRF             
000009e5  main                           
00000c01  halUart1Init                   
00000c79  halSendUart1Data               
00000ce7  halGetUart1Data                
00000de9  halGpioInit                    
00000e05  configPort_A                   
00000e39  configPort_B                   
00000eb5  configPort_C                   
00000ec9  configPort_D                   
00000f01  configPort_E                   
00000f1d  configPort_F                   
00000f67  extIntFHandler                 
00000fcd  dlSetSteering                  
0000103b  dlSetThrottle                  
00001181  halTimer2Init                  
00001231  extIntBHandler                 
00001295  timer2ISR                      
000012d5  halUsInit                      
0000136d  halStartBurstModeUS            
00001385  halIsBurstFinished             
0000138b  halResetBurstIndicator         
00001393  PWM0_Int_handler               
00001409  GPIOPadConfigSet               
0000153b  __mpu_init                     
0000153d  SysCtlClockGet                 
0000164d  SysCtlClockSet                 
00001741  halSsi1Int                     
000017b9  halUsciB1Transmit              
000018dd  GPIOPadConfigGet               
00001981  __aeabi_memcpy                 
00001981  __aeabi_memcpy4                
00001981  __aeabi_memcpy8                
00001981  memcpy                         
00001a1d  halPWMInit                     
00001a9d  __aeabi_memclr                 
00001a9d  __aeabi_memclr4                
00001a9d  __aeabi_memclr8                
00001a9f  __aeabi_memset                 
00001a9f  __aeabi_memset4                
00001a9f  __aeabi_memset8                
00001aa5  memset                         
00001b17  _system_post_cinit             
00001b19  __TI_auto_init                 
00001b89  IntEnable                      
00001bf1  __TI_decompress_lzss           
00001c59  TimerConfigure                 
00001cb9  GPIOIntTypeSet                 
00001d11  _c_int00                       
00001d65  C$$EXIT                        
00001d69  abort                          
00001d71  exit                           
00001e05  copy_in                        
00001e51  GPIOPinConfigure               
00001e99  UARTConfigSetExpClk            
00001f65  SSIConfigSetExpClk             
00001fa1  SysCtlPeripheralReady          
00001fd9  IntRegister                    
0000200d  SysCtlPeripheralEnable         
00002041  GPIODirModeSet                 
0000206b  PWMGenConfigure                
0000208d  UARTDisable                    
000020ad  hal_init                       
000020cd  PWMPulseWidthSet               
000020eb  GPIOIntRegister                
00002103  GPIOPinTypeGPIOOutput          
0000211b  PWMGenIntRegister              
00002133  TimerIntRegister               
0000214b  UARTIntRegister                
00002165  _args_main                     
0000217d  SysCtlPWMClockSet              
00002191  UARTEnable                     
000021a5  _register_unlock               
000021ab  _register_lock                 
000021b3  _nop                           
000021b9  GPIOPinTypeGPIOInput           
000021cb  GPIOPinTypePWM                 
000021dd  GPIOPinTypeSSI                 
000021ef  GPIOPinTypeUART                
00002201  PWMOutputState                 
00002213  TimerLoadSet                   
00002225  PWMGenPeriodSet                
00002235  halSysClkInit                  
00002245  GPIOIntStatus                  
00002253  TimerEnable                    
00002261  UARTCharPutNonBlocking         
0000226f  UARTCharsAvail                 
0000227d  __TI_decompress_none           
0000228b  GPIOIntEnable                  
00002297  PWMGenEnable                   
000022a3  PWMGenIntStatus                
000022af  __TI_zero_init                 
000022bb  ResetISR                       
000022c7  PWMGenIntTrigEnable            
000022d1  SSIDataPut                     
000022db  SSIEnable                      
000022e5  TimerLoadGet                   
000022ef  UARTCharGet                    
000022f9  UARTIntStatus                  
00002303  PWMIntEnable                   
0000230b  SSIBusy                        
00002313  TimerIntEnable                 
0000231b  UARTBusy                       
00002323  UARTIntEnable                  
0000232b  GPIOIntClear                   
00002331  GPIOPinWrite                   
00002337  PWMGenIntClear                 
0000233d  SysCtlDelay                    
00002343  TimerClockSourceSet            
00002349  UARTFIFOLevelSet               
0000234f  TimerIntClear                  
00002353  UARTIntClear                   
00002357  _system_pre_init               
0000235c  font_table                     
00002ad4  __TI_Handler_Table_Base        
00002ae0  __TI_Handler_Table_Limit       
00002af0  __TI_CINIT_Base                
00002b08  __TI_CINIT_Limit               
20000000  g_pfnRAMVectors                
2000026c  LCD_cmd_                       
20000471  uart_status_                   
20000678  switch_backlight_              
2000067c  __stack                        
2000087c  __STACK_END                    
2000087c  __STACK_TOP                    
2000087c  lcdDataArray_                  
200008fc  __TI_cleanup_ptr               
20000900  __TI_dtors_ptr                 
20000904  __TI_enable_exit_profile_output
20000908  lcdInitCmd_                    
20000911  lcdPositionArray_              
20000914  _lock                          
20000918  _unlock                        
2000091c  burst_finished_                
20000920  main_func_sp                   
20000924  is_switch_active               
ffffffff  __TI_pprof_out_hndl            
ffffffff  __TI_prof_data_size            
ffffffff  __TI_prof_data_start           
ffffffff  __binit__                      
ffffffff  __c_args__                     
ffffffff  binit                          
UNDEFED   SHT$$INIT_ARRAY$$Base          
UNDEFED   SHT$$INIT_ARRAY$$Limit         

[158 symbols]
