******************************************************************************
                  TI ARM Linker PC v16.9.4                     
******************************************************************************
>> Linked Mon Jun 25 17:14:44 2018

OUTPUT FILE NAME:   <EM_1_TIVA_Git.out>
ENTRY POINT SYMBOL: "_c_int00"  address: 000019b9


MEMORY CONFIGURATION

         name            origin    length      used     unused   attr    fill
----------------------  --------  ---------  --------  --------  ----  --------
  FLASH                 00000000   00040000  0000277e  0003d882  R  X
  SRAM                  20000000   00008000  00000935  000076cb  RW X


SEGMENT ALLOCATION MAP

run origin  load origin   length   init length attrs members
----------  ----------- ---------- ----------- ----- -------
00000000    00000000    00002780   00002780    r-x
  00000000    00000000    0000026c   0000026c    r-- .intvecs
  0000026c    0000026c    00001e1e   00001e1e    r-x .text
  0000208c    0000208c    0000068c   0000068c    r-- .const
  00002718    00002718    00000068   00000068    r-- .cinit
20000000    20000000    00000936   00000000    rw-
  20000000    20000000    0000026c   00000000    rw- .vtable
  2000026c    2000026c    0000040b   00000000    rw- .bss
  20000678    20000678    00000200   00000000    rw- .stack
  20000878    20000878    000000be   00000000    rw- .data


SECTION ALLOCATION MAP

 output                                  attributes/
section   page    origin      length       input sections
--------  ----  ----------  ----------   ----------------
.intvecs   0    00000000    0000026c     
                  00000000    0000026c     tm4c123gh6pm_startup_ccs.obj (.intvecs)

.text      0    0000026c    00001e1e     
                  0000026c    0000045c     dl_LCD.obj (.text)
                  000006c8    00000308     hal_mpu_9250.obj (.text)
                  000009d0    00000244     hal_i2c.obj (.text)
                  00000c14    000001e8     hal_uart1.obj (.text)
                  00000dfc    000001e4     hal_gpio.obj (.text)
                  00000fe0    00000132     driverlib.lib : gpio.obj (.text:GPIOPadConfigSet)
                  00001112    00000002     rtsv7M4_T_le_v4SPD16_eabi.lib : mpu_init.obj (.text)
                  00001114    00000130     hal_us.obj (.text)
                  00001244    00000110     driverlib.lib : sysctl.obj (.text:SysCtlClockGet)
                  00001354    000000f4                   : sysctl.obj (.text:SysCtlClockSet)
                  00001448    000000ec     hal_ssi1.obj (.text)
                  00001534    000000b0     driverlib.lib : pwm.obj (.text:_PWMGenIntNumberGet)
                  000015e4    000000a4                   : gpio.obj (.text:GPIOPadConfigGet)
                  00001688    0000009c     rtsv7M4_T_le_v4SPD16_eabi.lib : memcpy_t2.obj (.text)
                  00001724    00000080     hal_pwm.obj (.text)
                  000017a4    0000007a     rtsv7M4_T_le_v4SPD16_eabi.lib : memset_t2.obj (.text)
                  0000181e    00000002                                   : startup.obj (.text)
                  00001820    00000070                                   : autoinit.obj (.text)
                  00001890    00000068     driverlib.lib : interrupt.obj (.text:IntEnable)
                  000018f8    00000068     rtsv7M4_T_le_v4SPD16_eabi.lib : copy_decompress_lzss.obj (.text:decompress:lzss)
                  00001960    00000056     driverlib.lib : gpio.obj (.text:GPIOIntTypeSet)
                  000019b6    00000002     --HOLE-- [fill = 0]
                  000019b8    00000054     rtsv7M4_T_le_v4SPD16_eabi.lib : boot.obj (.text)
                  00001a0c    00000054                                   : exit.obj (.text)
                  00001a60    00000050     driverlib.lib : sysctl.obj (.text:SysCtlPeripheralReset)
                  00001ab0    0000004c                   : i2c.obj (.text:I2CMasterInitExpClk)
                  00001afc    0000004c     rtsv7M4_T_le_v4SPD16_eabi.lib : cpy_tbl.obj (.text)
                  00001b48    00000048     driverlib.lib : gpio.obj (.text:GPIOPinConfigure)
                  00001b90    00000046                   : uart.obj (.text:UARTConfigSetExpClk)
                  00001bd6    00000002     --HOLE-- [fill = 0]
                  00001bd8    00000044                   : gpio.obj (.text:_GPIOIntNumberGet)
                  00001c1c    00000040                   : uart.obj (.text:_UARTIntNumberGet)
                  00001c5c    00000040     main.obj (.text)
                  00001c9c    0000003c     driverlib.lib : ssi.obj (.text:SSIConfigSetExpClk)
                  00001cd8    00000038                   : sysctl.obj (.text:SysCtlPeripheralReady)
                  00001d10    00000034                   : interrupt.obj (.text:IntRegister)
                  00001d44    00000034                   : sysctl.obj (.text:SysCtlPeripheralEnable)
                  00001d78    0000002a                   : gpio.obj (.text:GPIODirModeSet)
                  00001da2    00000022                   : pwm.obj (.text:PWMGenConfigure)
                  00001dc4    00000020                   : uart.obj (.text:UARTDisable)
                  00001de4    0000001e                   : pwm.obj (.text:PWMPulseWidthSet)
                  00001e02    0000001c     hal_init.obj (.text)
                  00001e1e    00000018     driverlib.lib : gpio.obj (.text:GPIOIntRegister)
                  00001e36    00000018                   : gpio.obj (.text:GPIOPinTypeGPIOOutput)
                  00001e4e    00000018                   : pwm.obj (.text:PWMGenIntRegister)
                  00001e66    00000018                   : uart.obj (.text:UARTIntRegister)
                  00001e7e    00000002     --HOLE-- [fill = 0]
                  00001e80    00000018     rtsv7M4_T_le_v4SPD16_eabi.lib : args_main.obj (.text)
                  00001e98    00000014     driverlib.lib : sysctl.obj (.text:SysCtlPWMClockSet)
                  00001eac    00000014                   : uart.obj (.text:UARTEnable)
                  00001ec0    00000014     rtsv7M4_T_le_v4SPD16_eabi.lib : _lock.obj (.text)
                  00001ed4    00000012     driverlib.lib : gpio.obj (.text:GPIOPinTypeGPIOInput)
                  00001ee6    00000012                   : gpio.obj (.text:GPIOPinTypeI2C)
                  00001ef8    00000012                   : gpio.obj (.text:GPIOPinTypeI2CSCL)
                  00001f0a    00000012                   : gpio.obj (.text:GPIOPinTypePWM)
                  00001f1c    00000012                   : gpio.obj (.text:GPIOPinTypeSSI)
                  00001f2e    00000012                   : gpio.obj (.text:GPIOPinTypeUART)
                  00001f40    00000012                   : pwm.obj (.text:PWMOutputState)
                  00001f52    00000010                   : pwm.obj (.text:PWMGenPeriodSet)
                  00001f62    00000002     --HOLE-- [fill = 0]
                  00001f64    00000010     hal_usc.obj (.text)
                  00001f74    0000000e     driverlib.lib : gpio.obj (.text:GPIOIntStatus)
                  00001f82    0000000e                   : uart.obj (.text:UARTCharPutNonBlocking)
                  00001f90    0000000e                   : uart.obj (.text:UARTCharsAvail)
                  00001f9e    0000000e     rtsv7M4_T_le_v4SPD16_eabi.lib : copy_decompress_none.obj (.text:decompress:none)
                  00001fac    0000000c     driverlib.lib : gpio.obj (.text:GPIOIntEnable)
                  00001fb8    0000000c                   : pwm.obj (.text:PWMGenDisable)
                  00001fc4    0000000c                   : pwm.obj (.text:PWMGenEnable)
                  00001fd0    0000000c                   : pwm.obj (.text:PWMGenIntStatus)
                  00001fdc    0000000c     rtsv7M4_T_le_v4SPD16_eabi.lib : copy_zero_init.obj (.text:decompress:ZI)
                  00001fe8    0000000c     tm4c123gh6pm_startup_ccs.obj (.text)
                  00001ff4    0000000a     driverlib.lib : i2c.obj (.text:I2CMasterEnable)
                  00001ffe    0000000a                   : pwm.obj (.text:PWMGenIntTrigEnable)
                  00002008    0000000a                   : ssi.obj (.text:SSIDataPut)
                  00002012    0000000a                   : ssi.obj (.text:SSIEnable)
                  0000201c    0000000a                   : uart.obj (.text:UARTCharGet)
                  00002026    0000000a                   : uart.obj (.text:UARTIntStatus)
                  00002030    00000008                   : i2c.obj (.text:I2CMasterBusy)
                  00002038    00000008                   : i2c.obj (.text:I2CMasterSlaveAddrSet)
                  00002040    00000008                   : pwm.obj (.text:PWMIntEnable)
                  00002048    00000008                   : ssi.obj (.text:SSIBusy)
                  00002050    00000008                   : uart.obj (.text:UARTIntEnable)
                  00002058    00000006                   : gpio.obj (.text:GPIOIntClear)
                  0000205e    00000006                   : gpio.obj (.text:GPIOPinWrite)
                  00002064    00000006                   : pwm.obj (.text:PWMGenIntClear)
                  0000206a    00000006                   : sysctl.obj (.text:SysCtlDelay)
                  00002070    00000006                   : uart.obj (.text:UARTFIFOLevelSet)
                  00002076    00000004                   : i2c.obj (.text:I2CMasterControl)
                  0000207a    00000004                   : i2c.obj (.text:I2CMasterDataGet)
                  0000207e    00000004                   : i2c.obj (.text:I2CMasterDataPut)
                  00002082    00000004                   : uart.obj (.text:UARTIntClear)
                  00002086    00000004     rtsv7M4_T_le_v4SPD16_eabi.lib : pre_init.obj (.text)

.const     0    0000208c    0000068c     
                  0000208c    00000300     dl_LCD.obj (.const:font_table)
                  0000238c    000000d8     driverlib.lib : gpio.obj (.const:g_ppui32GPIOIntMapSnowflake)
                  00002464    000000c0                   : gpio.obj (.const:g_ppui32GPIOIntMapBlizzard)
                  00002524    00000090                   : gpio.obj (.const:g_pui32GPIOBaseAddrs)
                  000025b4    00000070                   : interrupt.obj (.const)
                  00002624    0000006c                   : sysctl.obj (.const:g_pui32Xtals)
                  00002690    00000040                   : uart.obj (.const:g_ppui32UARTIntMap)
                  000026d0    00000040                   : uart.obj (.const:g_ppui32UARTIntMapSnowflake)
                  00002710    00000002     hal_mpu_9250.obj (.const:.string:$P$T0$1)
                  00002712    00000002     hal_mpu_9250.obj (.const:.string:$P$T1$2)
                  00002714    00000002     hal_mpu_9250.obj (.const:.string:$P$T2$3)
                  00002716    00000002     hal_mpu_9250.obj (.const:.string:$P$T3$4)

.cinit     0    00002718    00000068     
                  00002718    00000033     (.cinit..data.load) [load image, compression = lzss]
                  0000274b    00000001     --HOLE-- [fill = 0]
                  0000274c    0000000c     (__TI_handler_table)
                  00002758    00000008     (.cinit..bss.load) [load image, compression = zero_init]
                  00002760    00000008     (.cinit..vtable.load) [load image, compression = zero_init]
                  00002768    00000018     (__TI_cinit_table)

.init_array 
*          0    00000000    00000000     UNINITIALIZED

.vtable    0    20000000    0000026c     UNINITIALIZED
                  20000000    0000026c     driverlib.lib : interrupt.obj (.vtable)

.bss       0    2000026c    0000040b     UNINITIALIZED
                  2000026c    00000205     (.common:LCD_cmd_)
                  20000471    00000205     (.common:uart_status_)
                  20000676    00000001     (.common:switch_backlight_)

.stack     0    20000678    00000200     UNINITIALIZED
                  20000678    00000200     --HOLE--

.data      0    20000878    000000be     UNINITIALIZED
                  20000878    00000080     dl_LCD.obj (.data:lcdDataArray_)
                  200008f8    0000000c     rtsv7M4_T_le_v4SPD16_eabi.lib : exit.obj (.data:$O1$$)
                  20000904    0000000c     hal_us.obj (.data)
                  20000910    00000009     dl_LCD.obj (.data:lcdInitCmd_)
                  20000919    00000003     dl_LCD.obj (.data:lcdPositionArray_)
                  2000091c    00000008     rtsv7M4_T_le_v4SPD16_eabi.lib : _lock.obj (.data:$O1$$)
                  20000924    00000006     hal_mpu_9250.obj (.data:Accel_reg_addr)
                  2000092a    00000006     hal_mpu_9250.obj (.data:gyro_reg_addr)
                  20000930    00000004     rtsv7M4_T_le_v4SPD16_eabi.lib : stkdepth_vars.obj (.data)
                  20000934    00000001     hal_gpio.obj (.data)
                  20000935    00000001     hal_uart1.obj (.data)

MODULE SUMMARY

       Module                         code   ro data   rw data
       ------                         ----   -------   -------
    .\
       tm4c123gh6pm_startup_ccs.obj   12     620       0      
       main.obj                       64     0         0      
    +--+------------------------------+------+---------+---------+
       Total:                         76     620       0      
                                                              
    .\F_DL\
       dl_LCD.obj                     1116   768       657    
    +--+------------------------------+------+---------+---------+
       Total:                         1116   768       657    
                                                              
    .\F_HAL\
       hal_uart1.obj                  488    0         519    
       hal_mpu_9250.obj               776    8         12     
       hal_i2c.obj                    580    0         0      
       hal_gpio.obj                   484    0         1      
       hal_us.obj                     304    0         12     
       hal_ssi1.obj                   236    0         0      
       hal_pwm.obj                    128    0         0      
       hal_init.obj                   28     0         0      
       hal_usc.obj                    16     0         0      
    +--+------------------------------+------+---------+---------+
       Total:                         3040   8         544    
                                                              
    C:/ti/TivaWare_C_Series-2.1.4.178/driverlib/ccs/Debug/driverlib.lib
       gpio.obj                       932    552       0      
       interrupt.obj                  156    112       620    
       sysctl.obj                     730    108       0      
       uart.obj                       276    128       0      
       pwm.obj                        358    0         0      
       i2c.obj                        114    0         0      
       ssi.obj                        88     0         0      
    +--+------------------------------+------+---------+---------+
       Total:                         2654   900       620    
                                                              
    C:\ti\ccsv7\tools\compiler\ti-cgt-arm_16.9.4.LTS\lib\rtsv7M4_T_le_v4SPD16_eabi.lib
       memcpy_t2.obj                  156    0         0      
       memset_t2.obj                  122    0         0      
       autoinit.obj                   112    0         0      
       copy_decompress_lzss.obj       104    0         0      
       exit.obj                       84     0         12     
       boot.obj                       84     0         0      
       cpy_tbl.obj                    76     0         0      
       _lock.obj                      20     0         8      
       args_main.obj                  24     0         0      
       copy_decompress_none.obj       14     0         0      
       copy_zero_init.obj             12     0         0      
       pre_init.obj                   4      0         0      
       stkdepth_vars.obj              0      0         4      
       mpu_init.obj                   2      0         0      
       startup.obj                    2      0         0      
    +--+------------------------------+------+---------+---------+
       Total:                         816    0         24     
                                                              
       Stack:                         0      0         512    
       Linker Generated:              0      103       0      
    +--+------------------------------+------+---------+---------+
       Grand Total:                   7702   2399      2357   


LINKER GENERATED COPY TABLES

__TI_cinit_table @ 00002768 records: 3, size/record: 8, table size: 24
	.data: load addr=00002718, load size=00000033 bytes, run addr=20000878, run size=000000be bytes, compression=lzss
	.bss: load addr=00002758, load size=00000008 bytes, run addr=2000026c, run size=0000040b bytes, compression=zero_init
	.vtable: load addr=00002760, load size=00000008 bytes, run addr=20000000, run size=0000026c bytes, compression=zero_init


LINKER GENERATED HANDLER TABLE

__TI_handler_table @ 0000274c records: 3, size/record: 4, table size: 12
	index: 0, handler: __TI_zero_init
	index: 1, handler: __TI_decompress_lzss
	index: 2, handler: __TI_decompress_none


GLOBAL SYMBOLS: SORTED ALPHABETICALLY BY Name 

address   name                           
-------   ----                           
20000924  Accel_reg_addr                 
00001a0d  C$$EXIT                        
00001d79  GPIODirModeSet                 
00002059  GPIOIntClear                   
00001fad  GPIOIntEnable                  
00001e1f  GPIOIntRegister                
00001f75  GPIOIntStatus                  
00001961  GPIOIntTypeSet                 
000015e5  GPIOPadConfigGet               
00000fe1  GPIOPadConfigSet               
00001b49  GPIOPinConfigure               
00001ed5  GPIOPinTypeGPIOInput           
00001e37  GPIOPinTypeGPIOOutput          
00001ee7  GPIOPinTypeI2C                 
00001ef9  GPIOPinTypeI2CSCL              
00001f0b  GPIOPinTypePWM                 
00001f1d  GPIOPinTypeSSI                 
00001f2f  GPIOPinTypeUART                
0000205f  GPIOPinWrite                   
00002031  I2CMasterBusy                  
00002077  I2CMasterControl               
0000207b  I2CMasterDataGet               
0000207f  I2CMasterDataPut               
00001ff5  I2CMasterEnable                
00001ab1  I2CMasterInitExpClk            
00002039  I2CMasterSlaveAddrSet          
00000b45  I2CReceiveBurst                
00000aed  I2CReceiveSingle               
00000a4f  I2cSendBurst                   
00000a1b  I2cSendByte                    
00001891  IntEnable                      
00001d11  IntRegister                    
2000026c  LCD_cmd_                       
000011d1  PWM0_Int_handler               
00001da3  PWMGenConfigure                
00001fb9  PWMGenDisable                  
00001fc5  PWMGenEnable                   
00002065  PWMGenIntClear                 
00001e4f  PWMGenIntRegister              
00001fd1  PWMGenIntStatus                
00001fff  PWMGenIntTrigEnable            
00001f53  PWMGenPeriodSet                
00002041  PWMIntEnable                   
00001f41  PWMOutputState                 
00001de5  PWMPulseWidthSet               
00001fe9  ResetISR                       
UNDEFED   SHT$$INIT_ARRAY$$Base          
UNDEFED   SHT$$INIT_ARRAY$$Limit         
00002049  SSIBusy                        
00001c9d  SSIConfigSetExpClk             
00002009  SSIDataPut                     
00002013  SSIEnable                      
00001245  SysCtlClockGet                 
00001355  SysCtlClockSet                 
0000206b  SysCtlDelay                    
00001e99  SysCtlPWMClockSet              
00001d45  SysCtlPeripheralEnable         
00001cd9  SysCtlPeripheralReady          
00001a61  SysCtlPeripheralReset          
0000201d  UARTCharGet                    
00001f83  UARTCharPutNonBlocking         
00001f91  UARTCharsAvail                 
00001b91  UARTConfigSetExpClk            
00001dc5  UARTDisable                    
00001ead  UARTEnable                     
00002071  UARTFIFOLevelSet               
00002083  UARTIntClear                   
00002051  UARTIntEnable                  
00001e67  UARTIntRegister                
00002027  UARTIntStatus                  
20000878  __STACK_END                    
00000200  __STACK_SIZE                   
20000878  __STACK_TOP                    
00002768  __TI_CINIT_Base                
00002780  __TI_CINIT_Limit               
0000274c  __TI_Handler_Table_Base        
00002758  __TI_Handler_Table_Limit       
00001821  __TI_auto_init                 
200008f8  __TI_cleanup_ptr               
000018f9  __TI_decompress_lzss           
00001f9f  __TI_decompress_none           
200008fc  __TI_dtors_ptr                 
20000900  __TI_enable_exit_profile_output
ffffffff  __TI_pprof_out_hndl            
ffffffff  __TI_prof_data_size            
ffffffff  __TI_prof_data_start           
00000000  __TI_static_base__             
00001fdd  __TI_zero_init                 
000017a5  __aeabi_memclr                 
000017a5  __aeabi_memclr4                
000017a5  __aeabi_memclr8                
00001689  __aeabi_memcpy                 
00001689  __aeabi_memcpy4                
00001689  __aeabi_memcpy8                
000017a7  __aeabi_memset                 
000017a7  __aeabi_memset4                
000017a7  __aeabi_memset8                
ffffffff  __binit__                      
ffffffff  __c_args__                     
00001113  __mpu_init                     
20000678  __stack                        
00001e81  _args_main                     
000019b9  _c_int00                       
2000091c  _lock                          
00001ecf  _nop                           
00001ec7  _register_lock                 
00001ec1  _register_unlock               
0000181f  _system_post_cinit             
00002087  _system_pre_init               
20000920  _unlock                        
00001a11  abort                          
ffffffff  binit                          
20000904  burst_finished_                
00000e19  configPort_A                   
00000e4d  configPort_B                   
00000ec9  configPort_C                   
00000edd  configPort_D                   
00000f15  configPort_E                   
00000f31  configPort_F                   
00001afd  copy_in                        
00000319  dlLcdClear                     
000002d7  dlLcdInit                      
0000038b  dlLcdSetPosition               
0000026d  dlLcdWriteCommand              
000003cb  dlLcdWriteData                 
0000043d  dlLcdWriteText                 
0000058d  dlLcdWriteUInt                 
00001a19  exit                           
00000f7b  extIntFHandler                 
0000208c  font_table                     
20000000  g_pfnRAMVectors                
00000000  g_pfnVectors                   
2000092a  gyro_reg_addr                  
0000071b  halAccInit                     
000007db  halGetAccData                  
000008b5  halGetGyrData                  
00000cfb  halGetUart1Data                
00000dfd  halGpioInit                    
0000075d  halGyrInit                     
000009d1  halI2cInit                     
000011c3  halIsBurstFinished             
0000079f  halMagInit                     
000006c9  halMpuInit                     
000006ef  halMpuReset                    
00001725  halPWMInit                     
000011c9  halResetBurstIndicator         
00000c8d  halSendUart1Data               
00001449  halSsi1Int                     
000011ab  halStartBurstModeUS            
00001f65  halSysClkInit                  
00000c15  halUart1Init                   
00001115  halUsInit                      
000014c1  halUsciB1Transmit              
0000070d  halWhoAmI                      
000007cf  halWhoAmI_Gyr                  
00001e03  hal_init                       
20000934  is_switch_active               
20000878  lcdDataArray_                  
20000910  lcdInitCmd_                    
20000919  lcdPositionArray_              
00001c5d  main                           
20000930  main_func_sp                   
00001689  memcpy                         
000017ad  memset                         
20000908  pwm_burst_cnt_                 
20000676  switch_backlight_              
20000471  uart_status_                   


GLOBAL SYMBOLS: SORTED BY Symbol Address 

address   name                           
-------   ----                           
00000000  __TI_static_base__             
00000000  g_pfnVectors                   
00000200  __STACK_SIZE                   
0000026d  dlLcdWriteCommand              
000002d7  dlLcdInit                      
00000319  dlLcdClear                     
0000038b  dlLcdSetPosition               
000003cb  dlLcdWriteData                 
0000043d  dlLcdWriteText                 
0000058d  dlLcdWriteUInt                 
000006c9  halMpuInit                     
000006ef  halMpuReset                    
0000070d  halWhoAmI                      
0000071b  halAccInit                     
0000075d  halGyrInit                     
0000079f  halMagInit                     
000007cf  halWhoAmI_Gyr                  
000007db  halGetAccData                  
000008b5  halGetGyrData                  
000009d1  halI2cInit                     
00000a1b  I2cSendByte                    
00000a4f  I2cSendBurst                   
00000aed  I2CReceiveSingle               
00000b45  I2CReceiveBurst                
00000c15  halUart1Init                   
00000c8d  halSendUart1Data               
00000cfb  halGetUart1Data                
00000dfd  halGpioInit                    
00000e19  configPort_A                   
00000e4d  configPort_B                   
00000ec9  configPort_C                   
00000edd  configPort_D                   
00000f15  configPort_E                   
00000f31  configPort_F                   
00000f7b  extIntFHandler                 
00000fe1  GPIOPadConfigSet               
00001113  __mpu_init                     
00001115  halUsInit                      
000011ab  halStartBurstModeUS            
000011c3  halIsBurstFinished             
000011c9  halResetBurstIndicator         
000011d1  PWM0_Int_handler               
00001245  SysCtlClockGet                 
00001355  SysCtlClockSet                 
00001449  halSsi1Int                     
000014c1  halUsciB1Transmit              
000015e5  GPIOPadConfigGet               
00001689  __aeabi_memcpy                 
00001689  __aeabi_memcpy4                
00001689  __aeabi_memcpy8                
00001689  memcpy                         
00001725  halPWMInit                     
000017a5  __aeabi_memclr                 
000017a5  __aeabi_memclr4                
000017a5  __aeabi_memclr8                
000017a7  __aeabi_memset                 
000017a7  __aeabi_memset4                
000017a7  __aeabi_memset8                
000017ad  memset                         
0000181f  _system_post_cinit             
00001821  __TI_auto_init                 
00001891  IntEnable                      
000018f9  __TI_decompress_lzss           
00001961  GPIOIntTypeSet                 
000019b9  _c_int00                       
00001a0d  C$$EXIT                        
00001a11  abort                          
00001a19  exit                           
00001a61  SysCtlPeripheralReset          
00001ab1  I2CMasterInitExpClk            
00001afd  copy_in                        
00001b49  GPIOPinConfigure               
00001b91  UARTConfigSetExpClk            
00001c5d  main                           
00001c9d  SSIConfigSetExpClk             
00001cd9  SysCtlPeripheralReady          
00001d11  IntRegister                    
00001d45  SysCtlPeripheralEnable         
00001d79  GPIODirModeSet                 
00001da3  PWMGenConfigure                
00001dc5  UARTDisable                    
00001de5  PWMPulseWidthSet               
00001e03  hal_init                       
00001e1f  GPIOIntRegister                
00001e37  GPIOPinTypeGPIOOutput          
00001e4f  PWMGenIntRegister              
00001e67  UARTIntRegister                
00001e81  _args_main                     
00001e99  SysCtlPWMClockSet              
00001ead  UARTEnable                     
00001ec1  _register_unlock               
00001ec7  _register_lock                 
00001ecf  _nop                           
00001ed5  GPIOPinTypeGPIOInput           
00001ee7  GPIOPinTypeI2C                 
00001ef9  GPIOPinTypeI2CSCL              
00001f0b  GPIOPinTypePWM                 
00001f1d  GPIOPinTypeSSI                 
00001f2f  GPIOPinTypeUART                
00001f41  PWMOutputState                 
00001f53  PWMGenPeriodSet                
00001f65  halSysClkInit                  
00001f75  GPIOIntStatus                  
00001f83  UARTCharPutNonBlocking         
00001f91  UARTCharsAvail                 
00001f9f  __TI_decompress_none           
00001fad  GPIOIntEnable                  
00001fb9  PWMGenDisable                  
00001fc5  PWMGenEnable                   
00001fd1  PWMGenIntStatus                
00001fdd  __TI_zero_init                 
00001fe9  ResetISR                       
00001ff5  I2CMasterEnable                
00001fff  PWMGenIntTrigEnable            
00002009  SSIDataPut                     
00002013  SSIEnable                      
0000201d  UARTCharGet                    
00002027  UARTIntStatus                  
00002031  I2CMasterBusy                  
00002039  I2CMasterSlaveAddrSet          
00002041  PWMIntEnable                   
00002049  SSIBusy                        
00002051  UARTIntEnable                  
00002059  GPIOIntClear                   
0000205f  GPIOPinWrite                   
00002065  PWMGenIntClear                 
0000206b  SysCtlDelay                    
00002071  UARTFIFOLevelSet               
00002077  I2CMasterControl               
0000207b  I2CMasterDataGet               
0000207f  I2CMasterDataPut               
00002083  UARTIntClear                   
00002087  _system_pre_init               
0000208c  font_table                     
0000274c  __TI_Handler_Table_Base        
00002758  __TI_Handler_Table_Limit       
00002768  __TI_CINIT_Base                
00002780  __TI_CINIT_Limit               
20000000  g_pfnRAMVectors                
2000026c  LCD_cmd_                       
20000471  uart_status_                   
20000676  switch_backlight_              
20000678  __stack                        
20000878  __STACK_END                    
20000878  __STACK_TOP                    
20000878  lcdDataArray_                  
200008f8  __TI_cleanup_ptr               
200008fc  __TI_dtors_ptr                 
20000900  __TI_enable_exit_profile_output
20000904  burst_finished_                
20000908  pwm_burst_cnt_                 
20000910  lcdInitCmd_                    
20000919  lcdPositionArray_              
2000091c  _lock                          
20000920  _unlock                        
20000924  Accel_reg_addr                 
2000092a  gyro_reg_addr                  
20000930  main_func_sp                   
20000934  is_switch_active               
ffffffff  __TI_pprof_out_hndl            
ffffffff  __TI_prof_data_size            
ffffffff  __TI_prof_data_start           
ffffffff  __binit__                      
ffffffff  __c_args__                     
ffffffff  binit                          
UNDEFED   SHT$$INIT_ARRAY$$Base          
UNDEFED   SHT$$INIT_ARRAY$$Limit         

[167 symbols]
