******************************************************************************
                  TI ARM Linker PC v16.9.4                     
******************************************************************************
>> Linked Wed Jun 13 23:29:11 2018

OUTPUT FILE NAME:   <EM_1_TIVA_Git.out>
ENTRY POINT SYMBOL: "_c_int00"  address: 00001df5


MEMORY CONFIGURATION

         name            origin    length      used     unused   attr    fill
----------------------  --------  ---------  --------  --------  ----  --------
  FLASH                 00000000   00040000  00002c14  0003d3ec  R  X
  SRAM                  20000000   00008000  000009bb  00007645  RW X


SEGMENT ALLOCATION MAP

run origin  load origin   length   init length attrs members
----------  ----------- ---------- ----------- ----- -------
00000000    00000000    00002c18   00002c18    r-x
  00000000    00000000    0000026c   0000026c    r-- .intvecs
  0000026c    0000026c    00002202   00002202    r-x .text
  00002470    00002470    0000074e   0000074e    r-- .const
  00002bc0    00002bc0    00000058   00000058    r-- .cinit
20000000    20000000    000009be   00000000    rw-
  20000000    20000000    0000026c   00000000    rw- .vtable
  2000026c    2000026c    000004a5   00000000    rw- .bss
  20000714    20000714    00000200   00000000    rw- .stack
  20000914    20000914    000000aa   00000000    rw- .data


SECTION ALLOCATION MAP

 output                                  attributes/
section   page    origin      length       input sections
--------  ----  ----------  ----------   ----------------
.intvecs   0    00000000    0000026c     
                  00000000    0000026c     tm4c123gh6pm_startup_ccs.obj (.intvecs)

.text      0    0000026c    00002202     
                  0000026c    0000045c     dl_LCD.obj (.text)
                  000006c8    0000031c     dl_RF_Module.obj (.text)
                  000009e4    0000021c     main.obj (.text)
                  00000c00    00000214     hal_gpio.obj (.text)
                  00000e14    00000204     hal_timer2.obj (.text)
                  00001018    000001e8     hal_uart1.obj (.text)
                  00001200    000001b4     dl_general.obj (.text)
                  000013b4    00000138     hal_us.obj (.text)
                  000014ec    00000132     driverlib.lib : gpio.obj (.text:GPIOPadConfigSet)
                  0000161e    00000002     rtsv7M4_T_le_v4SPD16_eabi.lib : mpu_init.obj (.text)
                  00001620    00000110     driverlib.lib : sysctl.obj (.text:SysCtlClockGet)
                  00001730    000000f4                   : sysctl.obj (.text:SysCtlClockSet)
                  00001824    000000ec     hal_ssi1.obj (.text)
                  00001910    000000b0     driverlib.lib : pwm.obj (.text:_PWMGenIntNumberGet)
                  000019c0    000000a4                   : gpio.obj (.text:GPIOPadConfigGet)
                  00001a64    0000009c     rtsv7M4_T_le_v4SPD16_eabi.lib : memcpy_t2.obj (.text)
                  00001b00    00000080     hal_pwm.obj (.text)
                  00001b80    0000007a     rtsv7M4_T_le_v4SPD16_eabi.lib : memset_t2.obj (.text)
                  00001bfa    00000002                                   : startup.obj (.text)
                  00001bfc    00000070                                   : autoinit.obj (.text)
                  00001c6c    00000068     driverlib.lib : interrupt.obj (.text:IntEnable)
                  00001cd4    00000068     rtsv7M4_T_le_v4SPD16_eabi.lib : copy_decompress_lzss.obj (.text:decompress:lzss)
                  00001d3c    00000060     driverlib.lib : timer.obj (.text:TimerConfigure)
                  00001d9c    00000056                   : gpio.obj (.text:GPIOIntTypeSet)
                  00001df2    00000002     --HOLE-- [fill = 0]
                  00001df4    00000054     rtsv7M4_T_le_v4SPD16_eabi.lib : boot.obj (.text)
                  00001e48    00000054                                   : exit.obj (.text)
                  00001e9c    0000004c     driverlib.lib : timer.obj (.text:_TimerIntNumberGet)
                  00001ee8    0000004c     rtsv7M4_T_le_v4SPD16_eabi.lib : cpy_tbl.obj (.text)
                  00001f34    00000048     driverlib.lib : gpio.obj (.text:GPIOPinConfigure)
                  00001f7c    00000046                   : uart.obj (.text:UARTConfigSetExpClk)
                  00001fc2    00000002     --HOLE-- [fill = 0]
                  00001fc4    00000044                   : gpio.obj (.text:_GPIOIntNumberGet)
                  00002008    00000040                   : uart.obj (.text:_UARTIntNumberGet)
                  00002048    0000003c                   : ssi.obj (.text:SSIConfigSetExpClk)
                  00002084    00000038                   : sysctl.obj (.text:SysCtlPeripheralReady)
                  000020bc    00000034                   : interrupt.obj (.text:IntRegister)
                  000020f0    00000034                   : sysctl.obj (.text:SysCtlPeripheralEnable)
                  00002124    0000002a                   : gpio.obj (.text:GPIODirModeSet)
                  0000214e    00000022                   : pwm.obj (.text:PWMGenConfigure)
                  00002170    00000020                   : uart.obj (.text:UARTDisable)
                  00002190    00000020     hal_init.obj (.text)
                  000021b0    0000001e     driverlib.lib : pwm.obj (.text:PWMPulseWidthSet)
                  000021ce    00000018                   : gpio.obj (.text:GPIOIntRegister)
                  000021e6    00000018                   : gpio.obj (.text:GPIOPinTypeGPIOOutput)
                  000021fe    00000018                   : pwm.obj (.text:PWMGenIntRegister)
                  00002216    00000002     --HOLE-- [fill = 0]
                  00002218    00000018                   : timer.obj (.text:TimerDisable)
                  00002230    00000018                   : timer.obj (.text:TimerIntRegister)
                  00002248    00000018                   : uart.obj (.text:UARTIntRegister)
                  00002260    00000018     rtsv7M4_T_le_v4SPD16_eabi.lib : args_main.obj (.text)
                  00002278    00000014     driverlib.lib : sysctl.obj (.text:SysCtlPWMClockSet)
                  0000228c    00000014                   : uart.obj (.text:UARTEnable)
                  000022a0    00000014     rtsv7M4_T_le_v4SPD16_eabi.lib : _lock.obj (.text)
                  000022b4    00000012     driverlib.lib : gpio.obj (.text:GPIOPinTypeGPIOInput)
                  000022c6    00000012                   : gpio.obj (.text:GPIOPinTypePWM)
                  000022d8    00000012                   : gpio.obj (.text:GPIOPinTypeSSI)
                  000022ea    00000012                   : gpio.obj (.text:GPIOPinTypeUART)
                  000022fc    00000012                   : pwm.obj (.text:PWMOutputState)
                  0000230e    00000012                   : timer.obj (.text:TimerLoadSet)
                  00002320    00000010                   : pwm.obj (.text:PWMGenPeriodSet)
                  00002330    00000010     hal_usc.obj (.text)
                  00002340    0000000e     driverlib.lib : gpio.obj (.text:GPIOIntDisable)
                  0000234e    0000000e                   : gpio.obj (.text:GPIOIntStatus)
                  0000235c    0000000e                   : timer.obj (.text:TimerEnable)
                  0000236a    0000000e                   : uart.obj (.text:UARTCharPutNonBlocking)
                  00002378    0000000e                   : uart.obj (.text:UARTCharsAvail)
                  00002386    0000000e     rtsv7M4_T_le_v4SPD16_eabi.lib : copy_decompress_none.obj (.text:decompress:none)
                  00002394    0000000c     driverlib.lib : gpio.obj (.text:GPIOIntEnable)
                  000023a0    0000000c                   : pwm.obj (.text:PWMGenEnable)
                  000023ac    0000000c                   : pwm.obj (.text:PWMGenIntStatus)
                  000023b8    0000000c     rtsv7M4_T_le_v4SPD16_eabi.lib : copy_zero_init.obj (.text:decompress:ZI)
                  000023c4    0000000c     tm4c123gh6pm_startup_ccs.obj (.text)
                  000023d0    0000000a     driverlib.lib : pwm.obj (.text:PWMGenIntTrigEnable)
                  000023da    0000000a                   : ssi.obj (.text:SSIDataPut)
                  000023e4    0000000a                   : ssi.obj (.text:SSIEnable)
                  000023ee    0000000a                   : timer.obj (.text:TimerIntStatus)
                  000023f8    0000000a                   : timer.obj (.text:TimerLoadGet)
                  00002402    0000000a                   : uart.obj (.text:UARTCharGet)
                  0000240c    0000000a                   : uart.obj (.text:UARTIntStatus)
                  00002416    00000008                   : pwm.obj (.text:PWMIntEnable)
                  0000241e    00000008                   : ssi.obj (.text:SSIBusy)
                  00002426    00000008                   : timer.obj (.text:TimerIntEnable)
                  0000242e    00000008                   : uart.obj (.text:UARTBusy)
                  00002436    00000008                   : uart.obj (.text:UARTIntEnable)
                  0000243e    00000006                   : gpio.obj (.text:GPIOIntClear)
                  00002444    00000006                   : gpio.obj (.text:GPIOPinWrite)
                  0000244a    00000006                   : pwm.obj (.text:PWMGenIntClear)
                  00002450    00000006                   : sysctl.obj (.text:SysCtlDelay)
                  00002456    00000006                   : timer.obj (.text:TimerClockSourceSet)
                  0000245c    00000006                   : uart.obj (.text:UARTFIFOLevelSet)
                  00002462    00000004                   : timer.obj (.text:TimerIntClear)
                  00002466    00000004                   : uart.obj (.text:UARTIntClear)
                  0000246a    00000004     rtsv7M4_T_le_v4SPD16_eabi.lib : pre_init.obj (.text)

.const     0    00002470    0000074e     
                  00002470    00000300     dl_LCD.obj (.const:font_table)
                  00002770    000000d8     driverlib.lib : gpio.obj (.const:g_ppui32GPIOIntMapSnowflake)
                  00002848    000000c0                   : gpio.obj (.const:g_ppui32GPIOIntMapBlizzard)
                  00002908    00000090                   : gpio.obj (.const:g_pui32GPIOBaseAddrs)
                  00002998    00000070                   : interrupt.obj (.const)
                  00002a08    0000006c                   : sysctl.obj (.const:g_pui32Xtals)
                  00002a74    00000060                   : timer.obj (.const:g_ppui32TimerIntMap)
                  00002ad4    00000040                   : timer.obj (.const:g_ppui32TimerIntMapSnowflake)
                  00002b14    00000040                   : uart.obj (.const:g_ppui32UARTIntMap)
                  00002b54    00000040                   : uart.obj (.const:g_ppui32UARTIntMapSnowflake)
                  00002b94    00000013     main.obj (.const:.string:$P$T0$1)
                  00002ba7    0000000a     main.obj (.const:.string:$P$T1$2)
                  00002bb1    00000004     dl_RF_Module.obj (.const:.string:$P$T2$3)
                  00002bb5    00000003     dl_RF_Module.obj (.const:.string:$P$T0$1)
                  00002bb8    00000003     dl_RF_Module.obj (.const:.string:$P$T1$2)
                  00002bbb    00000003     dl_RF_Module.obj (.const:.string:$P$T3$4)

.cinit     0    00002bc0    00000058     
                  00002bc0    00000021     (.cinit..data.load) [load image, compression = lzss]
                  00002be1    00000003     --HOLE-- [fill = 0]
                  00002be4    0000000c     (__TI_handler_table)
                  00002bf0    00000008     (.cinit..bss.load) [load image, compression = zero_init]
                  00002bf8    00000008     (.cinit..vtable.load) [load image, compression = zero_init]
                  00002c00    00000018     (__TI_cinit_table)

.init_array 
*          0    00000000    00000000     UNINITIALIZED

.vtable    0    20000000    0000026c     UNINITIALIZED
                  20000000    0000026c     driverlib.lib : interrupt.obj (.vtable)

.bss       0    2000026c    000004a5     UNINITIALIZED
                  2000026c    00000205     (.common:LCD_cmd_)
                  20000471    00000205     (.common:uart_status_)
                  20000676    00000002     dl_general.obj (.bss)
                  20000678    00000098     (.common:sensor_data_)
                  20000710    00000001     (.common:switch_backlight_)

.stack     0    20000714    00000200     UNINITIALIZED
                  20000714    00000200     --HOLE--

.data      0    20000914    000000aa     UNINITIALIZED
                  20000914    00000080     dl_LCD.obj (.data:lcdDataArray_)
                  20000994    0000000c     rtsv7M4_T_le_v4SPD16_eabi.lib : exit.obj (.data:$O1$$)
                  200009a0    00000009     dl_LCD.obj (.data:lcdInitCmd_)
                  200009a9    00000003     dl_LCD.obj (.data:lcdPositionArray_)
                  200009ac    00000008     rtsv7M4_T_le_v4SPD16_eabi.lib : _lock.obj (.data:$O1$$)
                  200009b4    00000004     hal_us.obj (.data)
                  200009b8    00000004     rtsv7M4_T_le_v4SPD16_eabi.lib : stkdepth_vars.obj (.data)
                  200009bc    00000001     hal_gpio.obj (.data)
                  200009bd    00000001     hal_uart1.obj (.data)

MODULE SUMMARY

       Module                         code   ro data   rw data
       ------                         ----   -------   -------
    .\
       tm4c123gh6pm_startup_ccs.obj   12     620       0      
       main.obj                       540    29        0      
    +--+------------------------------+------+---------+---------+
       Total:                         552    649       0      
                                                              
    .\F_DL\
       dl_LCD.obj                     1116   768       657    
       dl_RF_Module.obj               796    13        0      
       dl_general.obj                 436    0         154    
    +--+------------------------------+------+---------+---------+
       Total:                         2348   781       811    
                                                              
    .\F_HAL\
       hal_uart1.obj                  488    0         519    
       hal_gpio.obj                   532    0         1      
       hal_timer2.obj                 516    0         0      
       hal_us.obj                     312    0         4      
       hal_ssi1.obj                   236    0         0      
       hal_pwm.obj                    128    0         0      
       hal_init.obj                   32     0         0      
       hal_usc.obj                    16     0         0      
    +--+------------------------------+------+---------+---------+
       Total:                         2260   0         524    
                                                              
    D:/FH Joanneum/ECE16/Semester4/EM/TivaWare/driverlib/ccs/Debug/driverlib.lib
       gpio.obj                       910    552       0      
       interrupt.obj                  156    112       620    
       sysctl.obj                     650    108       0      
       timer.obj                      290    160       0      
       uart.obj                       284    128       0      
       pwm.obj                        346    0         0      
       ssi.obj                        88     0         0      
    +--+------------------------------+------+---------+---------+
       Total:                         2724   1060      620    
                                                              
    D:\Programs\TI_CodeComp\ccsv7\tools\compiler\ti-cgt-arm_16.9.4.LTS\lib\rtsv7M4_T_le_v4SPD16_eabi.lib
       memcpy_t2.obj                  156    0         0      
       memset_t2.obj                  122    0         0      
       autoinit.obj                   112    0         0      
       copy_decompress_lzss.obj       104    0         0      
       exit.obj                       84     0         12     
       boot.obj                       84     0         0      
       cpy_tbl.obj                    76     0         0      
       _lock.obj                      20     0         8      
       args_main.obj                  24     0         0      
       copy_decompress_none.obj       14     0         0      
       copy_zero_init.obj             12     0         0      
       pre_init.obj                   4      0         0      
       stkdepth_vars.obj              0      0         4      
       mpu_init.obj                   2      0         0      
       startup.obj                    2      0         0      
    +--+------------------------------+------+---------+---------+
       Total:                         816    0         24     
                                                              
       Stack:                         0      0         512    
       Linker Generated:              0      85        0      
    +--+------------------------------+------+---------+---------+
       Grand Total:                   8700   2575      2491   


LINKER GENERATED COPY TABLES

__TI_cinit_table @ 00002c00 records: 3, size/record: 8, table size: 24
	.data: load addr=00002bc0, load size=00000021 bytes, run addr=20000914, run size=000000aa bytes, compression=lzss
	.bss: load addr=00002bf0, load size=00000008 bytes, run addr=2000026c, run size=000004a5 bytes, compression=zero_init
	.vtable: load addr=00002bf8, load size=00000008 bytes, run addr=20000000, run size=0000026c bytes, compression=zero_init


LINKER GENERATED HANDLER TABLE

__TI_handler_table @ 00002be4 records: 3, size/record: 4, table size: 12
	index: 0, handler: __TI_zero_init
	index: 1, handler: __TI_decompress_lzss
	index: 2, handler: __TI_decompress_none


GLOBAL SYMBOLS: SORTED ALPHABETICALLY BY Name 

address   name                           
-------   ----                           
00001e49  C$$EXIT                        
00002125  GPIODirModeSet                 
0000243f  GPIOIntClear                   
00002341  GPIOIntDisable                 
00002395  GPIOIntEnable                  
000021cf  GPIOIntRegister                
0000234f  GPIOIntStatus                  
00001d9d  GPIOIntTypeSet                 
000019c1  GPIOPadConfigGet               
000014ed  GPIOPadConfigSet               
00001f35  GPIOPinConfigure               
000022b5  GPIOPinTypeGPIOInput           
000021e7  GPIOPinTypeGPIOOutput          
000022c7  GPIOPinTypePWM                 
000022d9  GPIOPinTypeSSI                 
000022eb  GPIOPinTypeUART                
00002445  GPIOPinWrite                   
00001c6d  IntEnable                      
000020bd  IntRegister                    
2000026c  LCD_cmd_                       
00001473  PWM0_Int_handler               
0000214f  PWMGenConfigure                
000023a1  PWMGenEnable                   
0000244b  PWMGenIntClear                 
000021ff  PWMGenIntRegister              
000023ad  PWMGenIntStatus                
000023d1  PWMGenIntTrigEnable            
00002321  PWMGenPeriodSet                
00002417  PWMIntEnable                   
000022fd  PWMOutputState                 
000021b1  PWMPulseWidthSet               
000023c5  ResetISR                       
UNDEFED   SHT$$INIT_ARRAY$$Base          
UNDEFED   SHT$$INIT_ARRAY$$Limit         
0000241f  SSIBusy                        
00002049  SSIConfigSetExpClk             
000023db  SSIDataPut                     
000023e5  SSIEnable                      
00001621  SysCtlClockGet                 
00001731  SysCtlClockSet                 
00002451  SysCtlDelay                    
00002279  SysCtlPWMClockSet              
000020f1  SysCtlPeripheralEnable         
00002085  SysCtlPeripheralReady          
00002457  TimerClockSourceSet            
00001d3d  TimerConfigure                 
00002219  TimerDisable                   
0000235d  TimerEnable                    
00002463  TimerIntClear                  
00002427  TimerIntEnable                 
00002231  TimerIntRegister               
000023ef  TimerIntStatus                 
000023f9  TimerLoadGet                   
0000230f  TimerLoadSet                   
0000242f  UARTBusy                       
00002403  UARTCharGet                    
0000236b  UARTCharPutNonBlocking         
00002379  UARTCharsAvail                 
00001f7d  UARTConfigSetExpClk            
00002171  UARTDisable                    
0000228d  UARTEnable                     
0000245d  UARTFIFOLevelSet               
00002467  UARTIntClear                   
00002437  UARTIntEnable                  
00002249  UARTIntRegister                
0000240d  UARTIntStatus                  
20000914  __STACK_END                    
00000200  __STACK_SIZE                   
20000914  __STACK_TOP                    
00002c00  __TI_CINIT_Base                
00002c18  __TI_CINIT_Limit               
00002be4  __TI_Handler_Table_Base        
00002bf0  __TI_Handler_Table_Limit       
00001bfd  __TI_auto_init                 
20000994  __TI_cleanup_ptr               
00001cd5  __TI_decompress_lzss           
00002387  __TI_decompress_none           
20000998  __TI_dtors_ptr                 
2000099c  __TI_enable_exit_profile_output
ffffffff  __TI_pprof_out_hndl            
ffffffff  __TI_prof_data_size            
ffffffff  __TI_prof_data_start           
00000000  __TI_static_base__             
000023b9  __TI_zero_init                 
00001b81  __aeabi_memclr                 
00001b81  __aeabi_memclr4                
00001b81  __aeabi_memclr8                
00001a65  __aeabi_memcpy                 
00001a65  __aeabi_memcpy4                
00001a65  __aeabi_memcpy8                
00001b83  __aeabi_memset                 
00001b83  __aeabi_memset4                
00001b83  __aeabi_memset8                
ffffffff  __binit__                      
ffffffff  __c_args__                     
0000161f  __mpu_init                     
20000714  __stack                        
00002261  _args_main                     
00001df5  _c_int00                       
200009ac  _lock                          
000022af  _nop                           
000022a7  _register_lock                 
000022a1  _register_unlock               
00001bfb  _system_post_cinit             
0000246b  _system_pre_init               
200009b0  _unlock                        
00001e4d  abort                          
ffffffff  binit                          
200009b4  burst_finished_                
00000c1d  configPort_A                   
00000c51  configPort_B                   
00000ccd  configPort_C                   
00000ce1  configPort_D                   
00000d19  configPort_E                   
00000d65  configPort_F                   
00001ee9  copy_in                        
0000082f  dlGetDataPayloadRF             
00000707  dlGetSettingInfoRF             
00000319  dlLcdClear                     
000002d7  dlLcdInit                      
0000038b  dlLcdSetPosition               
0000026d  dlLcdWriteCommand              
000003cb  dlLcdWriteData                 
0000043d  dlLcdWriteText                 
0000058d  dlLcdWriteUInt                 
000007a1  dlSendDataRF                   
000007f1  dlSetCarAddress                
000006c9  dlSetChannelRF                 
00001201  dlSetSteering                  
0000126f  dlSetThrottle                  
00001e55  exit                           
00000ed3  extIntBHandler                 
00000daf  extIntFHandler                 
00002470  font_table                     
20000000  g_pfnRAMVectors                
00000000  g_pfnVectors                   
000010ff  halGetUart1Data                
00000c01  halGpioInit                    
00001465  halIsBurstFinished             
00001b01  halPWMInit                     
0000146b  halResetBurstIndicator         
00001091  halSendUart1Data               
00001825  halSsi1Int                     
0000144d  halStartBurstModeUS            
00000f9f  halStartTimer2_A               
00000fb7  halStartTimer2_B               
00000fd3  halStartTimer2_Both            
00000fab  halStopTimer2_A                
00000fc5  halStopTimer2_B                
00000fe1  halStopTimer2_Both             
00002331  halSysClkInit                  
00000e15  halTimer2Init                  
00001019  halUart1Init                   
000013b5  halUsInit                      
0000189d  halUsciB1Transmit              
00002191  hal_init                       
200009bc  is_switch_active               
20000914  lcdDataArray_                  
200009a0  lcdInitCmd_                    
200009a9  lcdPositionArray_              
000009e5  main                           
200009b8  main_func_sp                   
00001a65  memcpy                         
00001b89  memset                         
20000678  sensor_data_                   
20000710  switch_backlight_              
00000f2f  timer2ISR                      
20000471  uart_status_                   


GLOBAL SYMBOLS: SORTED BY Symbol Address 

address   name                           
-------   ----                           
00000000  __TI_static_base__             
00000000  g_pfnVectors                   
00000200  __STACK_SIZE                   
0000026d  dlLcdWriteCommand              
000002d7  dlLcdInit                      
00000319  dlLcdClear                     
0000038b  dlLcdSetPosition               
000003cb  dlLcdWriteData                 
0000043d  dlLcdWriteText                 
0000058d  dlLcdWriteUInt                 
000006c9  dlSetChannelRF                 
00000707  dlGetSettingInfoRF             
000007a1  dlSendDataRF                   
000007f1  dlSetCarAddress                
0000082f  dlGetDataPayloadRF             
000009e5  main                           
00000c01  halGpioInit                    
00000c1d  configPort_A                   
00000c51  configPort_B                   
00000ccd  configPort_C                   
00000ce1  configPort_D                   
00000d19  configPort_E                   
00000d65  configPort_F                   
00000daf  extIntFHandler                 
00000e15  halTimer2Init                  
00000ed3  extIntBHandler                 
00000f2f  timer2ISR                      
00000f9f  halStartTimer2_A               
00000fab  halStopTimer2_A                
00000fb7  halStartTimer2_B               
00000fc5  halStopTimer2_B                
00000fd3  halStartTimer2_Both            
00000fe1  halStopTimer2_Both             
00001019  halUart1Init                   
00001091  halSendUart1Data               
000010ff  halGetUart1Data                
00001201  dlSetSteering                  
0000126f  dlSetThrottle                  
000013b5  halUsInit                      
0000144d  halStartBurstModeUS            
00001465  halIsBurstFinished             
0000146b  halResetBurstIndicator         
00001473  PWM0_Int_handler               
000014ed  GPIOPadConfigSet               
0000161f  __mpu_init                     
00001621  SysCtlClockGet                 
00001731  SysCtlClockSet                 
00001825  halSsi1Int                     
0000189d  halUsciB1Transmit              
000019c1  GPIOPadConfigGet               
00001a65  __aeabi_memcpy                 
00001a65  __aeabi_memcpy4                
00001a65  __aeabi_memcpy8                
00001a65  memcpy                         
00001b01  halPWMInit                     
00001b81  __aeabi_memclr                 
00001b81  __aeabi_memclr4                
00001b81  __aeabi_memclr8                
00001b83  __aeabi_memset                 
00001b83  __aeabi_memset4                
00001b83  __aeabi_memset8                
00001b89  memset                         
00001bfb  _system_post_cinit             
00001bfd  __TI_auto_init                 
00001c6d  IntEnable                      
00001cd5  __TI_decompress_lzss           
00001d3d  TimerConfigure                 
00001d9d  GPIOIntTypeSet                 
00001df5  _c_int00                       
00001e49  C$$EXIT                        
00001e4d  abort                          
00001e55  exit                           
00001ee9  copy_in                        
00001f35  GPIOPinConfigure               
00001f7d  UARTConfigSetExpClk            
00002049  SSIConfigSetExpClk             
00002085  SysCtlPeripheralReady          
000020bd  IntRegister                    
000020f1  SysCtlPeripheralEnable         
00002125  GPIODirModeSet                 
0000214f  PWMGenConfigure                
00002171  UARTDisable                    
00002191  hal_init                       
000021b1  PWMPulseWidthSet               
000021cf  GPIOIntRegister                
000021e7  GPIOPinTypeGPIOOutput          
000021ff  PWMGenIntRegister              
00002219  TimerDisable                   
00002231  TimerIntRegister               
00002249  UARTIntRegister                
00002261  _args_main                     
00002279  SysCtlPWMClockSet              
0000228d  UARTEnable                     
000022a1  _register_unlock               
000022a7  _register_lock                 
000022af  _nop                           
000022b5  GPIOPinTypeGPIOInput           
000022c7  GPIOPinTypePWM                 
000022d9  GPIOPinTypeSSI                 
000022eb  GPIOPinTypeUART                
000022fd  PWMOutputState                 
0000230f  TimerLoadSet                   
00002321  PWMGenPeriodSet                
00002331  halSysClkInit                  
00002341  GPIOIntDisable                 
0000234f  GPIOIntStatus                  
0000235d  TimerEnable                    
0000236b  UARTCharPutNonBlocking         
00002379  UARTCharsAvail                 
00002387  __TI_decompress_none           
00002395  GPIOIntEnable                  
000023a1  PWMGenEnable                   
000023ad  PWMGenIntStatus                
000023b9  __TI_zero_init                 
000023c5  ResetISR                       
000023d1  PWMGenIntTrigEnable            
000023db  SSIDataPut                     
000023e5  SSIEnable                      
000023ef  TimerIntStatus                 
000023f9  TimerLoadGet                   
00002403  UARTCharGet                    
0000240d  UARTIntStatus                  
00002417  PWMIntEnable                   
0000241f  SSIBusy                        
00002427  TimerIntEnable                 
0000242f  UARTBusy                       
00002437  UARTIntEnable                  
0000243f  GPIOIntClear                   
00002445  GPIOPinWrite                   
0000244b  PWMGenIntClear                 
00002451  SysCtlDelay                    
00002457  TimerClockSourceSet            
0000245d  UARTFIFOLevelSet               
00002463  TimerIntClear                  
00002467  UARTIntClear                   
0000246b  _system_pre_init               
00002470  font_table                     
00002be4  __TI_Handler_Table_Base        
00002bf0  __TI_Handler_Table_Limit       
00002c00  __TI_CINIT_Base                
00002c18  __TI_CINIT_Limit               
20000000  g_pfnRAMVectors                
2000026c  LCD_cmd_                       
20000471  uart_status_                   
20000678  sensor_data_                   
20000710  switch_backlight_              
20000714  __stack                        
20000914  __STACK_END                    
20000914  __STACK_TOP                    
20000914  lcdDataArray_                  
20000994  __TI_cleanup_ptr               
20000998  __TI_dtors_ptr                 
2000099c  __TI_enable_exit_profile_output
200009a0  lcdInitCmd_                    
200009a9  lcdPositionArray_              
200009ac  _lock                          
200009b0  _unlock                        
200009b4  burst_finished_                
200009b8  main_func_sp                   
200009bc  is_switch_active               
ffffffff  __TI_pprof_out_hndl            
ffffffff  __TI_prof_data_size            
ffffffff  __TI_prof_data_start           
ffffffff  __binit__                      
ffffffff  __c_args__                     
ffffffff  binit                          
UNDEFED   SHT$$INIT_ARRAY$$Base          
UNDEFED   SHT$$INIT_ARRAY$$Limit         

[168 symbols]
