******************************************************************************
                  TI ARM Linker PC v16.9.4                     
******************************************************************************
>> Linked Thu Jun 14 19:02:20 2018

OUTPUT FILE NAME:   <EM_1_TIVA_Git.out>
ENTRY POINT SYMBOL: "_c_int00"  address: 000022e9


MEMORY CONFIGURATION

         name            origin    length      used     unused   attr    fill
----------------------  --------  ---------  --------  --------  ----  --------
  FLASH                 00000000   00040000  00003182  0003ce7e  R  X
  SRAM                  20000000   00008000  000009c1  0000763f  RW X


SEGMENT ALLOCATION MAP

run origin  load origin   length   init length attrs members
----------  ----------- ---------- ----------- ----- -------
00000000    00000000    00003188   00003188    r-x
  00000000    00000000    0000026c   0000026c    r-- .intvecs
  0000026c    0000026c    00002770   00002770    r-x .text
  000029dc    000029dc    0000074e   0000074e    r-- .const
  00003130    00003130    00000058   00000058    r-- .cinit
20000000    20000000    000009c4   00000000    rw-
  20000000    20000000    0000026c   00000000    rw- .vtable
  2000026c    2000026c    000004a5   00000000    rw- .bss
  20000714    20000714    00000200   00000000    rw- .stack
  20000914    20000914    000000b0   00000000    rw- .data


SECTION ALLOCATION MAP

 output                                  attributes/
section   page    origin      length       input sections
--------  ----  ----------  ----------   ----------------
.intvecs   0    00000000    0000026c     
                  00000000    0000026c     tm4c123gh6pm_startup_ccs.obj (.intvecs)

.text      0    0000026c    00002770     
                  0000026c    0000045c     dl_LCD.obj (.text)
                  000006c8    0000031c     dl_RF_Module.obj (.text)
                  000009e4    000002d8     hal_timer2.obj (.text)
                  00000cbc    00000238     main.obj (.text)
                  00000ef4    00000214     hal_gpio.obj (.text)
                  00001108    00000204     hal_us.obj (.text)
                  0000130c    000001e8     hal_uart1.obj (.text)
                  000014f4    000001b4     dl_general.obj (.text)
                  000016a8    00000136     rtsv7M4_T_le_v4SPD16_eabi.lib : fd_div_t2.obj (.text)
                  000017de    00000132     driverlib.lib : gpio.obj (.text:GPIOPadConfigSet)
                  00001910    00000110                   : sysctl.obj (.text:SysCtlClockGet)
                  00001a20    000000fc     rtsv7M4_T_le_v4SPD16_eabi.lib : fd_mul_t2.obj (.text)
                  00001b1c    000000f4     driverlib.lib : sysctl.obj (.text:SysCtlClockSet)
                  00001c10    000000ec     hal_ssi1.obj (.text)
                  00001cfc    000000b0     driverlib.lib : pwm.obj (.text:_PWMGenIntNumberGet)
                  00001dac    000000a4                   : gpio.obj (.text:GPIOPadConfigGet)
                  00001e50    000000a0     dl_us.obj (.text)
                  00001ef0    0000009c     rtsv7M4_T_le_v4SPD16_eabi.lib : memcpy_t2.obj (.text)
                  00001f8c    00000080     hal_pwm.obj (.text)
                  0000200c    0000007a     rtsv7M4_T_le_v4SPD16_eabi.lib : memset_t2.obj (.text)
                  00002086    00000002                                   : mpu_init.obj (.text)
                  00002088    00000070                                   : autoinit.obj (.text)
                  000020f8    00000068     driverlib.lib : interrupt.obj (.text:IntDisable)
                  00002160    00000068                   : interrupt.obj (.text:IntEnable)
                  000021c8    00000068     rtsv7M4_T_le_v4SPD16_eabi.lib : copy_decompress_lzss.obj (.text:decompress:lzss)
                  00002230    00000060     driverlib.lib : timer.obj (.text:TimerConfigure)
                  00002290    00000056                   : gpio.obj (.text:GPIOIntTypeSet)
                  000022e6    00000002     rtsv7M4_T_le_v4SPD16_eabi.lib : startup.obj (.text)
                  000022e8    00000054                                   : boot.obj (.text)
                  0000233c    00000054                                   : exit.obj (.text)
                  00002390    0000004c     driverlib.lib : timer.obj (.text:_TimerIntNumberGet)
                  000023dc    0000004c     rtsv7M4_T_le_v4SPD16_eabi.lib : cpy_tbl.obj (.text)
                  00002428    00000048     driverlib.lib : gpio.obj (.text:GPIOPinConfigure)
                  00002470    00000046                   : uart.obj (.text:UARTConfigSetExpClk)
                  000024b6    00000002     --HOLE-- [fill = 0]
                  000024b8    00000044                   : gpio.obj (.text:_GPIOIntNumberGet)
                  000024fc    00000044     rtsv7M4_T_le_v4SPD16_eabi.lib : fd_tou_t2.obj (.text)
                  00002540    00000040     driverlib.lib : uart.obj (.text:_UARTIntNumberGet)
                  00002580    0000003c                   : ssi.obj (.text:SSIConfigSetExpClk)
                  000025bc    00000038                   : sysctl.obj (.text:SysCtlPeripheralReady)
                  000025f4    00000034                   : interrupt.obj (.text:IntRegister)
                  00002628    00000034                   : sysctl.obj (.text:SysCtlPeripheralEnable)
                  0000265c    0000002a                   : gpio.obj (.text:GPIODirModeSet)
                  00002686    00000022                   : pwm.obj (.text:PWMGenConfigure)
                  000026a8    00000020                   : uart.obj (.text:UARTDisable)
                  000026c8    00000020     hal_init.obj (.text)
                  000026e8    00000020     rtsv7M4_T_le_v4SPD16_eabi.lib : u_tofd_t2.obj (.text)
                  00002708    0000001e     driverlib.lib : pwm.obj (.text:PWMPulseWidthSet)
                  00002726    00000018                   : gpio.obj (.text:GPIOIntRegister)
                  0000273e    00000018                   : gpio.obj (.text:GPIOPinTypeGPIOOutput)
                  00002756    00000018                   : pwm.obj (.text:PWMGenIntRegister)
                  0000276e    00000002     --HOLE-- [fill = 0]
                  00002770    00000018                   : timer.obj (.text:TimerDisable)
                  00002788    00000018                   : timer.obj (.text:TimerIntRegister)
                  000027a0    00000018                   : uart.obj (.text:UARTIntRegister)
                  000027b8    00000018     rtsv7M4_T_le_v4SPD16_eabi.lib : args_main.obj (.text)
                  000027d0    00000014     driverlib.lib : sysctl.obj (.text:SysCtlPWMClockSet)
                  000027e4    00000014                   : uart.obj (.text:UARTEnable)
                  000027f8    00000014     rtsv7M4_T_le_v4SPD16_eabi.lib : _lock.obj (.text)
                  0000280c    00000012     driverlib.lib : gpio.obj (.text:GPIOPinTypeGPIOInput)
                  0000281e    00000012                   : gpio.obj (.text:GPIOPinTypePWM)
                  00002830    00000012                   : gpio.obj (.text:GPIOPinTypeSSI)
                  00002842    00000012                   : gpio.obj (.text:GPIOPinTypeUART)
                  00002854    00000012                   : pwm.obj (.text:PWMOutputState)
                  00002866    00000012                   : timer.obj (.text:TimerLoadSet)
                  00002878    00000010                   : pwm.obj (.text:PWMGenPeriodSet)
                  00002888    00000010     hal_usc.obj (.text)
                  00002898    0000000e     driverlib.lib : gpio.obj (.text:GPIOIntDisable)
                  000028a6    0000000e                   : gpio.obj (.text:GPIOIntStatus)
                  000028b4    0000000e                   : timer.obj (.text:TimerEnable)
                  000028c2    0000000e                   : uart.obj (.text:UARTCharPutNonBlocking)
                  000028d0    0000000e                   : uart.obj (.text:UARTCharsAvail)
                  000028de    0000000e     rtsv7M4_T_le_v4SPD16_eabi.lib : copy_decompress_none.obj (.text:decompress:none)
                  000028ec    0000000c     driverlib.lib : gpio.obj (.text:GPIOIntEnable)
                  000028f8    0000000c                   : pwm.obj (.text:PWMGenDisable)
                  00002904    0000000c                   : pwm.obj (.text:PWMGenEnable)
                  00002910    0000000c                   : pwm.obj (.text:PWMGenIntStatus)
                  0000291c    0000000c     rtsv7M4_T_le_v4SPD16_eabi.lib : copy_zero_init.obj (.text:decompress:ZI)
                  00002928    0000000c     tm4c123gh6pm_startup_ccs.obj (.text)
                  00002934    0000000a     driverlib.lib : pwm.obj (.text:PWMGenIntTrigEnable)
                  0000293e    0000000a                   : pwm.obj (.text:PWMIntDisable)
                  00002948    0000000a                   : ssi.obj (.text:SSIDataPut)
                  00002952    0000000a                   : ssi.obj (.text:SSIEnable)
                  0000295c    0000000a                   : timer.obj (.text:TimerIntDisable)
                  00002966    0000000a                   : timer.obj (.text:TimerIntStatus)
                  00002970    0000000a                   : uart.obj (.text:UARTCharGet)
                  0000297a    0000000a                   : uart.obj (.text:UARTIntStatus)
                  00002984    00000008                   : pwm.obj (.text:PWMIntEnable)
                  0000298c    00000008                   : ssi.obj (.text:SSIBusy)
                  00002994    00000008                   : timer.obj (.text:TimerIntEnable)
                  0000299c    00000008                   : uart.obj (.text:UARTBusy)
                  000029a4    00000008                   : uart.obj (.text:UARTIntEnable)
                  000029ac    00000006                   : gpio.obj (.text:GPIOIntClear)
                  000029b2    00000006                   : gpio.obj (.text:GPIOPinWrite)
                  000029b8    00000006                   : pwm.obj (.text:PWMGenIntClear)
                  000029be    00000006                   : sysctl.obj (.text:SysCtlDelay)
                  000029c4    00000006                   : timer.obj (.text:TimerClockSourceSet)
                  000029ca    00000006                   : uart.obj (.text:UARTFIFOLevelSet)
                  000029d0    00000004                   : timer.obj (.text:TimerIntClear)
                  000029d4    00000004                   : uart.obj (.text:UARTIntClear)
                  000029d8    00000004     rtsv7M4_T_le_v4SPD16_eabi.lib : pre_init.obj (.text)

.const     0    000029dc    0000074e     
                  000029dc    00000300     dl_LCD.obj (.const:font_table)
                  00002cdc    000000d8     driverlib.lib : gpio.obj (.const:g_ppui32GPIOIntMapSnowflake)
                  00002db4    000000c0                   : gpio.obj (.const:g_ppui32GPIOIntMapBlizzard)
                  00002e74    00000090                   : gpio.obj (.const:g_pui32GPIOBaseAddrs)
                  00002f04    00000070                   : interrupt.obj (.const)
                  00002f74    0000006c                   : sysctl.obj (.const:g_pui32Xtals)
                  00002fe0    00000060                   : timer.obj (.const:g_ppui32TimerIntMap)
                  00003040    00000040                   : timer.obj (.const:g_ppui32TimerIntMapSnowflake)
                  00003080    00000040                   : uart.obj (.const:g_ppui32UARTIntMap)
                  000030c0    00000040                   : uart.obj (.const:g_ppui32UARTIntMapSnowflake)
                  00003100    00000013     main.obj (.const:.string:$P$T0$1)
                  00003113    0000000a     main.obj (.const:.string:$P$T1$2)
                  0000311d    00000004     dl_RF_Module.obj (.const:.string:$P$T2$3)
                  00003121    00000003     dl_RF_Module.obj (.const:.string:$P$T0$1)
                  00003124    00000003     dl_RF_Module.obj (.const:.string:$P$T1$2)
                  00003127    00000003     dl_RF_Module.obj (.const:.string:$P$T3$4)

.cinit     0    00003130    00000058     
                  00003130    00000022     (.cinit..data.load) [load image, compression = lzss]
                  00003152    00000002     --HOLE-- [fill = 0]
                  00003154    0000000c     (__TI_handler_table)
                  00003160    00000008     (.cinit..bss.load) [load image, compression = zero_init]
                  00003168    00000008     (.cinit..vtable.load) [load image, compression = zero_init]
                  00003170    00000018     (__TI_cinit_table)

.init_array 
*          0    00000000    00000000     UNINITIALIZED

.vtable    0    20000000    0000026c     UNINITIALIZED
                  20000000    0000026c     driverlib.lib : interrupt.obj (.vtable)

.bss       0    2000026c    000004a5     UNINITIALIZED
                  2000026c    00000205     (.common:LCD_cmd_)
                  20000471    00000205     (.common:uart_status_)
                  20000676    00000002     dl_general.obj (.bss)
                  20000678    00000098     (.common:sensor_data_)
                  20000710    00000001     (.common:switch_backlight_)

.stack     0    20000714    00000200     UNINITIALIZED
                  20000714    00000200     --HOLE--

.data      0    20000914    000000b0     UNINITIALIZED
                  20000914    00000080     dl_LCD.obj (.data:lcdDataArray_)
                  20000994    0000000c     rtsv7M4_T_le_v4SPD16_eabi.lib : exit.obj (.data:$O1$$)
                  200009a0    00000009     dl_LCD.obj (.data:lcdInitCmd_)
                  200009a9    00000003     dl_LCD.obj (.data:lcdPositionArray_)
                  200009ac    00000008     rtsv7M4_T_le_v4SPD16_eabi.lib : _lock.obj (.data:$O1$$)
                  200009b4    00000006     hal_us.obj (.data)
                  200009ba    00000004     hal_timer2.obj (.data)
                  200009be    00000001     hal_gpio.obj (.data)
                  200009bf    00000001     hal_uart1.obj (.data)
                  200009c0    00000004     rtsv7M4_T_le_v4SPD16_eabi.lib : stkdepth_vars.obj (.data)

MODULE SUMMARY

       Module                         code    ro data   rw data
       ------                         ----    -------   -------
    .\
       tm4c123gh6pm_startup_ccs.obj   12      620       0      
       main.obj                       568     29        0      
    +--+------------------------------+-------+---------+---------+
       Total:                         580     649       0      
                                                               
    .\F_DL\
       dl_LCD.obj                     1116    768       657    
       dl_RF_Module.obj               796     13        0      
       dl_general.obj                 436     0         154    
       dl_us.obj                      160     0         0      
    +--+------------------------------+-------+---------+---------+
       Total:                         2508    781       811    
                                                               
    .\F_HAL\
       hal_uart1.obj                  488     0         519    
       hal_timer2.obj                 728     0         4      
       hal_gpio.obj                   532     0         1      
       hal_us.obj                     516     0         6      
       hal_ssi1.obj                   236     0         0      
       hal_pwm.obj                    128     0         0      
       hal_init.obj                   32      0         0      
       hal_usc.obj                    16      0         0      
    +--+------------------------------+-------+---------+---------+
       Total:                         2676    0         530    
                                                               
    D:/FH Joanneum/ECE16/Semester4/EM/TivaWare/driverlib/ccs/Debug/driverlib.lib
       gpio.obj                       910     552       0      
       interrupt.obj                  260     112       620    
       sysctl.obj                     650     108       0      
       timer.obj                      290     160       0      
       uart.obj                       284     128       0      
       pwm.obj                        368     0         0      
       ssi.obj                        88      0         0      
    +--+------------------------------+-------+---------+---------+
       Total:                         2850    1060      620    
                                                               
    D:\Programs\TI_CodeComp\ccsv7\tools\compiler\ti-cgt-arm_16.9.4.LTS\lib\rtsv7M4_T_le_v4SPD16_eabi.lib
       fd_div_t2.obj                  310     0         0      
       fd_mul_t2.obj                  252     0         0      
       memcpy_t2.obj                  156     0         0      
       memset_t2.obj                  122     0         0      
       autoinit.obj                   112     0         0      
       copy_decompress_lzss.obj       104     0         0      
       exit.obj                       84      0         12     
       boot.obj                       84      0         0      
       cpy_tbl.obj                    76      0         0      
       fd_tou_t2.obj                  68      0         0      
       u_tofd_t2.obj                  32      0         0      
       _lock.obj                      20      0         8      
       args_main.obj                  24      0         0      
       copy_decompress_none.obj       14      0         0      
       copy_zero_init.obj             12      0         0      
       pre_init.obj                   4       0         0      
       stkdepth_vars.obj              0       0         4      
       mpu_init.obj                   2       0         0      
       startup.obj                    2       0         0      
    +--+------------------------------+-------+---------+---------+
       Total:                         1478    0         24     
                                                               
       Stack:                         0       0         512    
       Linker Generated:              0       86        0      
    +--+------------------------------+-------+---------+---------+
       Grand Total:                   10092   2576      2497   


LINKER GENERATED COPY TABLES

__TI_cinit_table @ 00003170 records: 3, size/record: 8, table size: 24
	.data: load addr=00003130, load size=00000022 bytes, run addr=20000914, run size=000000b0 bytes, compression=lzss
	.bss: load addr=00003160, load size=00000008 bytes, run addr=2000026c, run size=000004a5 bytes, compression=zero_init
	.vtable: load addr=00003168, load size=00000008 bytes, run addr=20000000, run size=0000026c bytes, compression=zero_init


LINKER GENERATED HANDLER TABLE

__TI_handler_table @ 00003154 records: 3, size/record: 4, table size: 12
	index: 0, handler: __TI_zero_init
	index: 1, handler: __TI_decompress_lzss
	index: 2, handler: __TI_decompress_none


GLOBAL SYMBOLS: SORTED ALPHABETICALLY BY Name 

address   name                           
-------   ----                           
0000233d  C$$EXIT                        
0000265d  GPIODirModeSet                 
000029ad  GPIOIntClear                   
00002899  GPIOIntDisable                 
000028ed  GPIOIntEnable                  
00002727  GPIOIntRegister                
000028a7  GPIOIntStatus                  
00002291  GPIOIntTypeSet                 
00001dad  GPIOPadConfigGet               
000017df  GPIOPadConfigSet               
00002429  GPIOPinConfigure               
0000280d  GPIOPinTypeGPIOInput           
0000273f  GPIOPinTypeGPIOOutput          
0000281f  GPIOPinTypePWM                 
00002831  GPIOPinTypeSSI                 
00002843  GPIOPinTypeUART                
000029b3  GPIOPinWrite                   
000020f9  IntDisable                     
00002161  IntEnable                      
000025f5  IntRegister                    
2000026c  LCD_cmd_                       
000011c7  PWM0_Int_handler               
00002687  PWMGenConfigure                
000028f9  PWMGenDisable                  
00002905  PWMGenEnable                   
000029b9  PWMGenIntClear                 
00002757  PWMGenIntRegister              
00002911  PWMGenIntStatus                
00002935  PWMGenIntTrigEnable            
00002879  PWMGenPeriodSet                
0000293f  PWMIntDisable                  
00002985  PWMIntEnable                   
00002855  PWMOutputState                 
00002709  PWMPulseWidthSet               
00002929  ResetISR                       
UNDEFED   SHT$$INIT_ARRAY$$Base          
UNDEFED   SHT$$INIT_ARRAY$$Limit         
0000298d  SSIBusy                        
00002581  SSIConfigSetExpClk             
00002949  SSIDataPut                     
00002953  SSIEnable                      
00001911  SysCtlClockGet                 
00001b1d  SysCtlClockSet                 
000029bf  SysCtlDelay                    
000027d1  SysCtlPWMClockSet              
00002629  SysCtlPeripheralEnable         
000025bd  SysCtlPeripheralReady          
000029c5  TimerClockSourceSet            
00002231  TimerConfigure                 
00002771  TimerDisable                   
000028b5  TimerEnable                    
000029d1  TimerIntClear                  
0000295d  TimerIntDisable                
00002995  TimerIntEnable                 
00002789  TimerIntRegister               
00002967  TimerIntStatus                 
00002867  TimerLoadSet                   
0000299d  UARTBusy                       
00002971  UARTCharGet                    
000028c3  UARTCharPutNonBlocking         
000028d1  UARTCharsAvail                 
00002471  UARTConfigSetExpClk            
000026a9  UARTDisable                    
000027e5  UARTEnable                     
000029cb  UARTFIFOLevelSet               
000029d5  UARTIntClear                   
000029a5  UARTIntEnable                  
000027a1  UARTIntRegister                
0000297b  UARTIntStatus                  
20000914  __STACK_END                    
00000200  __STACK_SIZE                   
20000914  __STACK_TOP                    
00003170  __TI_CINIT_Base                
00003188  __TI_CINIT_Limit               
00003154  __TI_Handler_Table_Base        
00003160  __TI_Handler_Table_Limit       
00002089  __TI_auto_init                 
20000994  __TI_cleanup_ptr               
000021c9  __TI_decompress_lzss           
000028df  __TI_decompress_none           
20000998  __TI_dtors_ptr                 
2000099c  __TI_enable_exit_profile_output
ffffffff  __TI_pprof_out_hndl            
ffffffff  __TI_prof_data_size            
ffffffff  __TI_prof_data_start           
00000000  __TI_static_base__             
0000291d  __TI_zero_init                 
000024fd  __aeabi_d2uiz                  
000016a9  __aeabi_ddiv                   
00001a21  __aeabi_dmul                   
0000200d  __aeabi_memclr                 
0000200d  __aeabi_memclr4                
0000200d  __aeabi_memclr8                
00001ef1  __aeabi_memcpy                 
00001ef1  __aeabi_memcpy4                
00001ef1  __aeabi_memcpy8                
0000200f  __aeabi_memset                 
0000200f  __aeabi_memset4                
0000200f  __aeabi_memset8                
000026e9  __aeabi_ui2d                   
ffffffff  __binit__                      
ffffffff  __c_args__                     
00002087  __mpu_init                     
20000714  __stack                        
000027b9  _args_main                     
000022e9  _c_int00                       
200009ac  _lock                          
00002807  _nop                           
000027ff  _register_lock                 
000027f9  _register_unlock               
000022e7  _system_post_cinit             
000029d9  _system_pre_init               
200009b0  _unlock                        
00002341  abort                          
ffffffff  binit                          
00001ea5  calc_distance_us               
00000f11  configPort_A                   
00000f45  configPort_B                   
00000fc1  configPort_C                   
00000fd5  configPort_D                   
0000100d  configPort_E                   
00001059  configPort_F                   
000023dd  copy_in                        
0000082f  dlGetDataPayloadRF             
00001e51  dlGetDistance_US1              
00001e7b  dlGetDistance_US2              
00000707  dlGetSettingInfoRF             
00000319  dlLcdClear                     
000002d7  dlLcdInit                      
0000038b  dlLcdSetPosition               
0000026d  dlLcdWriteCommand              
000003cb  dlLcdWriteData                 
0000043d  dlLcdWriteText                 
0000058d  dlLcdWriteUInt                 
000007a1  dlSendDataRF                   
000007f1  dlSetCarAddress                
000006c9  dlSetChannelRF                 
000014f5  dlSetSteering                  
00001563  dlSetThrottle                  
00002349  exit                           
00000aab  extIntBHandler                 
000010a3  extIntFHandler                 
000029dc  font_table                     
20000000  g_pfnRAMVectors                
00000000  g_pfnVectors                   
000013f3  halGetUart1Data                
00000ef5  halGpioInit                    
000011b9  halIsBurstFinished             
00001f8d  halPWMInit                     
000011bf  halResetBurstIndicator         
00001385  halSendUart1Data               
00001c11  halSsi1Int                     
0000119b  halStartBurstModeUS            
00001249  halStartMeasurementUS          
00000bfd  halStartTimer2_A               
00000c25  halStartTimer2_B               
00000c55  halStartTimer2_Both            
000012cb  halStartUS2Measurement         
00000c11  halStopTimer2_A                
00000c3d  halStopTimer2_B                
00000c6d  halStopTimer2_Both             
00002889  halSysClkInit                  
000009e5  halTimer2Init                  
0000130d  halUart1Init                   
00001109  halUsInit                      
00001c89  halUsciB1Transmit              
000026c9  hal_init                       
200009be  is_switch_active               
20000914  lcdDataArray_                  
200009a0  lcdInitCmd_                    
200009a9  lcdPositionArray_              
00000cbd  main                           
200009c0  main_func_sp                   
00001ef1  memcpy                         
00002015  memset                         
20000678  sensor_data_                   
20000710  switch_backlight_              
00000afb  timer2ISR                      
20000471  uart_status_                   


GLOBAL SYMBOLS: SORTED BY Symbol Address 

address   name                           
-------   ----                           
00000000  __TI_static_base__             
00000000  g_pfnVectors                   
00000200  __STACK_SIZE                   
0000026d  dlLcdWriteCommand              
000002d7  dlLcdInit                      
00000319  dlLcdClear                     
0000038b  dlLcdSetPosition               
000003cb  dlLcdWriteData                 
0000043d  dlLcdWriteText                 
0000058d  dlLcdWriteUInt                 
000006c9  dlSetChannelRF                 
00000707  dlGetSettingInfoRF             
000007a1  dlSendDataRF                   
000007f1  dlSetCarAddress                
0000082f  dlGetDataPayloadRF             
000009e5  halTimer2Init                  
00000aab  extIntBHandler                 
00000afb  timer2ISR                      
00000bfd  halStartTimer2_A               
00000c11  halStopTimer2_A                
00000c25  halStartTimer2_B               
00000c3d  halStopTimer2_B                
00000c55  halStartTimer2_Both            
00000c6d  halStopTimer2_Both             
00000cbd  main                           
00000ef5  halGpioInit                    
00000f11  configPort_A                   
00000f45  configPort_B                   
00000fc1  configPort_C                   
00000fd5  configPort_D                   
0000100d  configPort_E                   
00001059  configPort_F                   
000010a3  extIntFHandler                 
00001109  halUsInit                      
0000119b  halStartBurstModeUS            
000011b9  halIsBurstFinished             
000011bf  halResetBurstIndicator         
000011c7  PWM0_Int_handler               
00001249  halStartMeasurementUS          
000012cb  halStartUS2Measurement         
0000130d  halUart1Init                   
00001385  halSendUart1Data               
000013f3  halGetUart1Data                
000014f5  dlSetSteering                  
00001563  dlSetThrottle                  
000016a9  __aeabi_ddiv                   
000017df  GPIOPadConfigSet               
00001911  SysCtlClockGet                 
00001a21  __aeabi_dmul                   
00001b1d  SysCtlClockSet                 
00001c11  halSsi1Int                     
00001c89  halUsciB1Transmit              
00001dad  GPIOPadConfigGet               
00001e51  dlGetDistance_US1              
00001e7b  dlGetDistance_US2              
00001ea5  calc_distance_us               
00001ef1  __aeabi_memcpy                 
00001ef1  __aeabi_memcpy4                
00001ef1  __aeabi_memcpy8                
00001ef1  memcpy                         
00001f8d  halPWMInit                     
0000200d  __aeabi_memclr                 
0000200d  __aeabi_memclr4                
0000200d  __aeabi_memclr8                
0000200f  __aeabi_memset                 
0000200f  __aeabi_memset4                
0000200f  __aeabi_memset8                
00002015  memset                         
00002087  __mpu_init                     
00002089  __TI_auto_init                 
000020f9  IntDisable                     
00002161  IntEnable                      
000021c9  __TI_decompress_lzss           
00002231  TimerConfigure                 
00002291  GPIOIntTypeSet                 
000022e7  _system_post_cinit             
000022e9  _c_int00                       
0000233d  C$$EXIT                        
00002341  abort                          
00002349  exit                           
000023dd  copy_in                        
00002429  GPIOPinConfigure               
00002471  UARTConfigSetExpClk            
000024fd  __aeabi_d2uiz                  
00002581  SSIConfigSetExpClk             
000025bd  SysCtlPeripheralReady          
000025f5  IntRegister                    
00002629  SysCtlPeripheralEnable         
0000265d  GPIODirModeSet                 
00002687  PWMGenConfigure                
000026a9  UARTDisable                    
000026c9  hal_init                       
000026e9  __aeabi_ui2d                   
00002709  PWMPulseWidthSet               
00002727  GPIOIntRegister                
0000273f  GPIOPinTypeGPIOOutput          
00002757  PWMGenIntRegister              
00002771  TimerDisable                   
00002789  TimerIntRegister               
000027a1  UARTIntRegister                
000027b9  _args_main                     
000027d1  SysCtlPWMClockSet              
000027e5  UARTEnable                     
000027f9  _register_unlock               
000027ff  _register_lock                 
00002807  _nop                           
0000280d  GPIOPinTypeGPIOInput           
0000281f  GPIOPinTypePWM                 
00002831  GPIOPinTypeSSI                 
00002843  GPIOPinTypeUART                
00002855  PWMOutputState                 
00002867  TimerLoadSet                   
00002879  PWMGenPeriodSet                
00002889  halSysClkInit                  
00002899  GPIOIntDisable                 
000028a7  GPIOIntStatus                  
000028b5  TimerEnable                    
000028c3  UARTCharPutNonBlocking         
000028d1  UARTCharsAvail                 
000028df  __TI_decompress_none           
000028ed  GPIOIntEnable                  
000028f9  PWMGenDisable                  
00002905  PWMGenEnable                   
00002911  PWMGenIntStatus                
0000291d  __TI_zero_init                 
00002929  ResetISR                       
00002935  PWMGenIntTrigEnable            
0000293f  PWMIntDisable                  
00002949  SSIDataPut                     
00002953  SSIEnable                      
0000295d  TimerIntDisable                
00002967  TimerIntStatus                 
00002971  UARTCharGet                    
0000297b  UARTIntStatus                  
00002985  PWMIntEnable                   
0000298d  SSIBusy                        
00002995  TimerIntEnable                 
0000299d  UARTBusy                       
000029a5  UARTIntEnable                  
000029ad  GPIOIntClear                   
000029b3  GPIOPinWrite                   
000029b9  PWMGenIntClear                 
000029bf  SysCtlDelay                    
000029c5  TimerClockSourceSet            
000029cb  UARTFIFOLevelSet               
000029d1  TimerIntClear                  
000029d5  UARTIntClear                   
000029d9  _system_pre_init               
000029dc  font_table                     
00003154  __TI_Handler_Table_Base        
00003160  __TI_Handler_Table_Limit       
00003170  __TI_CINIT_Base                
00003188  __TI_CINIT_Limit               
20000000  g_pfnRAMVectors                
2000026c  LCD_cmd_                       
20000471  uart_status_                   
20000678  sensor_data_                   
20000710  switch_backlight_              
20000714  __stack                        
20000914  __STACK_END                    
20000914  __STACK_TOP                    
20000914  lcdDataArray_                  
20000994  __TI_cleanup_ptr               
20000998  __TI_dtors_ptr                 
2000099c  __TI_enable_exit_profile_output
200009a0  lcdInitCmd_                    
200009a9  lcdPositionArray_              
200009ac  _lock                          
200009b0  _unlock                        
200009be  is_switch_active               
200009c0  main_func_sp                   
ffffffff  __TI_pprof_out_hndl            
ffffffff  __TI_prof_data_size            
ffffffff  __TI_prof_data_start           
ffffffff  __binit__                      
ffffffff  __c_args__                     
ffffffff  binit                          
UNDEFED   SHT$$INIT_ARRAY$$Base          
UNDEFED   SHT$$INIT_ARRAY$$Limit         

[179 symbols]
