******************************************************************************
                  TI ARM Linker PC v16.9.4                     
******************************************************************************
>> Linked Sun Jun 10 22:23:38 2018

OUTPUT FILE NAME:   <EM_1_TIVA_Git.out>
ENTRY POINT SYMBOL: "_c_int00"  address: 00001d41


MEMORY CONFIGURATION

         name            origin    length      used     unused   attr    fill
----------------------  --------  ---------  --------  --------  ----  --------
  FLASH                 00000000   00040000  00002b30  0003d4d0  R  X
  SRAM                  20000000   00008000  00000924  000076dc  RW X


SEGMENT ALLOCATION MAP

run origin  load origin   length   init length attrs members
----------  ----------- ---------- ----------- ----- -------
00000000    00000000    00002b38   00002b38    r-x
  00000000    00000000    0000026c   0000026c    r-- .intvecs
  0000026c    0000026c    0000211e   0000211e    r-x .text
  0000238c    0000238c    0000074e   0000074e    r-- .const
  00002ae0    00002ae0    00000058   00000058    r-- .cinit
20000000    20000000    00000927   00000000    rw-
  20000000    20000000    0000026c   00000000    rw- .vtable
  2000026c    2000026c    0000040d   00000000    rw- .bss
  2000067c    2000067c    00000200   00000000    rw- .stack
  2000087c    2000087c    000000ab   00000000    rw- .data


SECTION ALLOCATION MAP

 output                                  attributes/
section   page    origin      length       input sections
--------  ----  ----------  ----------   ----------------
.intvecs   0    00000000    0000026c     
                  00000000    0000026c     tm4c123gh6pm_startup_ccs.obj (.intvecs)

.text      0    0000026c    0000211e     
                  0000026c    0000045c     dl_LCD.obj (.text)
                  000006c8    0000031c     dl_RF_Module.obj (.text)
                  000009e4    0000021c     main.obj (.text)
                  00000c00    00000214     hal_gpio.obj (.text)
                  00000e14    000001e8     hal_uart1.obj (.text)
                  00000ffc    000001b4     dl_general.obj (.text)
                  000011b0    00000154     hal_timer2.obj (.text)
                  00001304    00000134     hal_us.obj (.text)
                  00001438    00000132     driverlib.lib : gpio.obj (.text:GPIOPadConfigSet)
                  0000156a    00000002     rtsv7M4_T_le_v4SPD16_eabi.lib : mpu_init.obj (.text)
                  0000156c    00000110     driverlib.lib : sysctl.obj (.text:SysCtlClockGet)
                  0000167c    000000f4                   : sysctl.obj (.text:SysCtlClockSet)
                  00001770    000000ec     hal_ssi1.obj (.text)
                  0000185c    000000b0     driverlib.lib : pwm.obj (.text:_PWMGenIntNumberGet)
                  0000190c    000000a4                   : gpio.obj (.text:GPIOPadConfigGet)
                  000019b0    0000009c     rtsv7M4_T_le_v4SPD16_eabi.lib : memcpy_t2.obj (.text)
                  00001a4c    00000080     hal_pwm.obj (.text)
                  00001acc    0000007a     rtsv7M4_T_le_v4SPD16_eabi.lib : memset_t2.obj (.text)
                  00001b46    00000002                                   : startup.obj (.text)
                  00001b48    00000070                                   : autoinit.obj (.text)
                  00001bb8    00000068     driverlib.lib : interrupt.obj (.text:IntEnable)
                  00001c20    00000068     rtsv7M4_T_le_v4SPD16_eabi.lib : copy_decompress_lzss.obj (.text:decompress:lzss)
                  00001c88    00000060     driverlib.lib : timer.obj (.text:TimerConfigure)
                  00001ce8    00000056                   : gpio.obj (.text:GPIOIntTypeSet)
                  00001d3e    00000002     --HOLE-- [fill = 0]
                  00001d40    00000054     rtsv7M4_T_le_v4SPD16_eabi.lib : boot.obj (.text)
                  00001d94    00000054                                   : exit.obj (.text)
                  00001de8    0000004c     driverlib.lib : timer.obj (.text:_TimerIntNumberGet)
                  00001e34    0000004c     rtsv7M4_T_le_v4SPD16_eabi.lib : cpy_tbl.obj (.text)
                  00001e80    00000048     driverlib.lib : gpio.obj (.text:GPIOPinConfigure)
                  00001ec8    00000046                   : uart.obj (.text:UARTConfigSetExpClk)
                  00001f0e    00000002     --HOLE-- [fill = 0]
                  00001f10    00000044                   : gpio.obj (.text:_GPIOIntNumberGet)
                  00001f54    00000040                   : uart.obj (.text:_UARTIntNumberGet)
                  00001f94    0000003c                   : ssi.obj (.text:SSIConfigSetExpClk)
                  00001fd0    00000038                   : sysctl.obj (.text:SysCtlPeripheralReady)
                  00002008    00000034                   : interrupt.obj (.text:IntRegister)
                  0000203c    00000034                   : sysctl.obj (.text:SysCtlPeripheralEnable)
                  00002070    0000002a                   : gpio.obj (.text:GPIODirModeSet)
                  0000209a    00000022                   : pwm.obj (.text:PWMGenConfigure)
                  000020bc    00000020                   : uart.obj (.text:UARTDisable)
                  000020dc    00000020     hal_init.obj (.text)
                  000020fc    0000001e     driverlib.lib : pwm.obj (.text:PWMPulseWidthSet)
                  0000211a    00000018                   : gpio.obj (.text:GPIOIntRegister)
                  00002132    00000018                   : gpio.obj (.text:GPIOPinTypeGPIOOutput)
                  0000214a    00000018                   : pwm.obj (.text:PWMGenIntRegister)
                  00002162    00000018                   : timer.obj (.text:TimerIntRegister)
                  0000217a    00000018                   : uart.obj (.text:UARTIntRegister)
                  00002192    00000002     --HOLE-- [fill = 0]
                  00002194    00000018     rtsv7M4_T_le_v4SPD16_eabi.lib : args_main.obj (.text)
                  000021ac    00000014     driverlib.lib : sysctl.obj (.text:SysCtlPWMClockSet)
                  000021c0    00000014                   : uart.obj (.text:UARTEnable)
                  000021d4    00000014     rtsv7M4_T_le_v4SPD16_eabi.lib : _lock.obj (.text)
                  000021e8    00000012     driverlib.lib : gpio.obj (.text:GPIOPinTypeGPIOInput)
                  000021fa    00000012                   : gpio.obj (.text:GPIOPinTypePWM)
                  0000220c    00000012                   : gpio.obj (.text:GPIOPinTypeSSI)
                  0000221e    00000012                   : gpio.obj (.text:GPIOPinTypeUART)
                  00002230    00000012                   : pwm.obj (.text:PWMOutputState)
                  00002242    00000012                   : timer.obj (.text:TimerLoadSet)
                  00002254    00000010                   : pwm.obj (.text:PWMGenPeriodSet)
                  00002264    00000010     hal_usc.obj (.text)
                  00002274    0000000e     driverlib.lib : gpio.obj (.text:GPIOIntStatus)
                  00002282    0000000e                   : timer.obj (.text:TimerEnable)
                  00002290    0000000e                   : uart.obj (.text:UARTCharPutNonBlocking)
                  0000229e    0000000e                   : uart.obj (.text:UARTCharsAvail)
                  000022ac    0000000e     rtsv7M4_T_le_v4SPD16_eabi.lib : copy_decompress_none.obj (.text:decompress:none)
                  000022ba    0000000c     driverlib.lib : gpio.obj (.text:GPIOIntEnable)
                  000022c6    0000000c                   : pwm.obj (.text:PWMGenEnable)
                  000022d2    0000000c                   : pwm.obj (.text:PWMGenIntStatus)
                  000022de    0000000c     rtsv7M4_T_le_v4SPD16_eabi.lib : copy_zero_init.obj (.text:decompress:ZI)
                  000022ea    0000000c     tm4c123gh6pm_startup_ccs.obj (.text)
                  000022f6    0000000a     driverlib.lib : pwm.obj (.text:PWMGenIntTrigEnable)
                  00002300    0000000a                   : ssi.obj (.text:SSIDataPut)
                  0000230a    0000000a                   : ssi.obj (.text:SSIEnable)
                  00002314    0000000a                   : timer.obj (.text:TimerLoadGet)
                  0000231e    0000000a                   : uart.obj (.text:UARTCharGet)
                  00002328    0000000a                   : uart.obj (.text:UARTIntStatus)
                  00002332    00000008                   : pwm.obj (.text:PWMIntEnable)
                  0000233a    00000008                   : ssi.obj (.text:SSIBusy)
                  00002342    00000008                   : timer.obj (.text:TimerIntEnable)
                  0000234a    00000008                   : uart.obj (.text:UARTBusy)
                  00002352    00000008                   : uart.obj (.text:UARTIntEnable)
                  0000235a    00000006                   : gpio.obj (.text:GPIOIntClear)
                  00002360    00000006                   : gpio.obj (.text:GPIOPinWrite)
                  00002366    00000006                   : pwm.obj (.text:PWMGenIntClear)
                  0000236c    00000006                   : sysctl.obj (.text:SysCtlDelay)
                  00002372    00000006                   : timer.obj (.text:TimerClockSourceSet)
                  00002378    00000006                   : uart.obj (.text:UARTFIFOLevelSet)
                  0000237e    00000004                   : timer.obj (.text:TimerIntClear)
                  00002382    00000004                   : uart.obj (.text:UARTIntClear)
                  00002386    00000004     rtsv7M4_T_le_v4SPD16_eabi.lib : pre_init.obj (.text)

.const     0    0000238c    0000074e     
                  0000238c    00000300     dl_LCD.obj (.const:font_table)
                  0000268c    000000d8     driverlib.lib : gpio.obj (.const:g_ppui32GPIOIntMapSnowflake)
                  00002764    000000c0                   : gpio.obj (.const:g_ppui32GPIOIntMapBlizzard)
                  00002824    00000090                   : gpio.obj (.const:g_pui32GPIOBaseAddrs)
                  000028b4    00000070                   : interrupt.obj (.const)
                  00002924    0000006c                   : sysctl.obj (.const:g_pui32Xtals)
                  00002990    00000060                   : timer.obj (.const:g_ppui32TimerIntMap)
                  000029f0    00000040                   : timer.obj (.const:g_ppui32TimerIntMapSnowflake)
                  00002a30    00000040                   : uart.obj (.const:g_ppui32UARTIntMap)
                  00002a70    00000040                   : uart.obj (.const:g_ppui32UARTIntMapSnowflake)
                  00002ab0    00000013     main.obj (.const:.string:$P$T0$1)
                  00002ac3    0000000a     main.obj (.const:.string:$P$T1$2)
                  00002acd    00000004     dl_RF_Module.obj (.const:.string:$P$T2$3)
                  00002ad1    00000003     dl_RF_Module.obj (.const:.string:$P$T0$1)
                  00002ad4    00000003     dl_RF_Module.obj (.const:.string:$P$T1$2)
                  00002ad7    00000003     dl_RF_Module.obj (.const:.string:$P$T3$4)

.cinit     0    00002ae0    00000058     
                  00002ae0    00000021     (.cinit..data.load) [load image, compression = lzss]
                  00002b01    00000003     --HOLE-- [fill = 0]
                  00002b04    0000000c     (__TI_handler_table)
                  00002b10    00000008     (.cinit..bss.load) [load image, compression = zero_init]
                  00002b18    00000008     (.cinit..vtable.load) [load image, compression = zero_init]
                  00002b20    00000018     (__TI_cinit_table)

.init_array 
*          0    00000000    00000000     UNINITIALIZED

.vtable    0    20000000    0000026c     UNINITIALIZED
                  20000000    0000026c     driverlib.lib : interrupt.obj (.vtable)

.bss       0    2000026c    0000040d     UNINITIALIZED
                  2000026c    00000205     (.common:LCD_cmd_)
                  20000471    00000205     (.common:uart_status_)
                  20000676    00000002     dl_general.obj (.bss)
                  20000678    00000001     (.common:switch_backlight_)

.stack     0    2000067c    00000200     UNINITIALIZED
                  2000067c    00000200     --HOLE--

.data      0    2000087c    000000ab     UNINITIALIZED
                  2000087c    00000080     dl_LCD.obj (.data:lcdDataArray_)
                  200008fc    0000000c     rtsv7M4_T_le_v4SPD16_eabi.lib : exit.obj (.data:$O1$$)
                  20000908    00000009     dl_LCD.obj (.data:lcdInitCmd_)
                  20000911    00000003     dl_LCD.obj (.data:lcdPositionArray_)
                  20000914    00000008     rtsv7M4_T_le_v4SPD16_eabi.lib : _lock.obj (.data:$O1$$)
                  2000091c    00000004     hal_us.obj (.data)
                  20000920    00000004     rtsv7M4_T_le_v4SPD16_eabi.lib : stkdepth_vars.obj (.data)
                  20000924    00000001     hal_gpio.obj (.data)
                  20000925    00000001     hal_timer2.obj (.data)
                  20000926    00000001     hal_uart1.obj (.data)

MODULE SUMMARY

       Module                         code   ro data   rw data
       ------                         ----   -------   -------
    .\
       tm4c123gh6pm_startup_ccs.obj   12     620       0      
       main.obj                       540    29        0      
    +--+------------------------------+------+---------+---------+
       Total:                         552    649       0      
                                                              
    .\F_DL\
       dl_LCD.obj                     1116   768       657    
       dl_RF_Module.obj               796    13        0      
       dl_general.obj                 436    0         2      
    +--+------------------------------+------+---------+---------+
       Total:                         2348   781       659    
                                                              
    .\F_HAL\
       hal_uart1.obj                  488    0         519    
       hal_gpio.obj                   532    0         1      
       hal_timer2.obj                 340    0         1      
       hal_us.obj                     308    0         4      
       hal_ssi1.obj                   236    0         0      
       hal_pwm.obj                    128    0         0      
       hal_init.obj                   32     0         0      
       hal_usc.obj                    16     0         0      
    +--+------------------------------+------+---------+---------+
       Total:                         2080   0         525    
                                                              
    D:/FH Joanneum/ECE16/Semester4/EM/TivaWare/driverlib/ccs/Debug/driverlib.lib
       gpio.obj                       896    552       0      
       interrupt.obj                  156    112       620    
       sysctl.obj                     650    108       0      
       timer.obj                      256    160       0      
       uart.obj                       284    128       0      
       pwm.obj                        346    0         0      
       ssi.obj                        88     0         0      
    +--+------------------------------+------+---------+---------+
       Total:                         2676   1060      620    
                                                              
    D:\Programs\TI_CodeComp\ccsv7\tools\compiler\ti-cgt-arm_16.9.4.LTS\lib\rtsv7M4_T_le_v4SPD16_eabi.lib
       memcpy_t2.obj                  156    0         0      
       memset_t2.obj                  122    0         0      
       autoinit.obj                   112    0         0      
       copy_decompress_lzss.obj       104    0         0      
       exit.obj                       84     0         12     
       boot.obj                       84     0         0      
       cpy_tbl.obj                    76     0         0      
       _lock.obj                      20     0         8      
       args_main.obj                  24     0         0      
       copy_decompress_none.obj       14     0         0      
       copy_zero_init.obj             12     0         0      
       pre_init.obj                   4      0         0      
       stkdepth_vars.obj              0      0         4      
       mpu_init.obj                   2      0         0      
       startup.obj                    2      0         0      
    +--+------------------------------+------+---------+---------+
       Total:                         816    0         24     
                                                              
       Stack:                         0      0         512    
       Linker Generated:              0      85        0      
    +--+------------------------------+------+---------+---------+
       Grand Total:                   8472   2575      2340   


LINKER GENERATED COPY TABLES

__TI_cinit_table @ 00002b20 records: 3, size/record: 8, table size: 24
	.data: load addr=00002ae0, load size=00000021 bytes, run addr=2000087c, run size=000000ab bytes, compression=lzss
	.bss: load addr=00002b10, load size=00000008 bytes, run addr=2000026c, run size=0000040d bytes, compression=zero_init
	.vtable: load addr=00002b18, load size=00000008 bytes, run addr=20000000, run size=0000026c bytes, compression=zero_init


LINKER GENERATED HANDLER TABLE

__TI_handler_table @ 00002b04 records: 3, size/record: 4, table size: 12
	index: 0, handler: __TI_zero_init
	index: 1, handler: __TI_decompress_lzss
	index: 2, handler: __TI_decompress_none


GLOBAL SYMBOLS: SORTED ALPHABETICALLY BY Name 

address   name                           
-------   ----                           
00001d95  C$$EXIT                        
00002071  GPIODirModeSet                 
0000235b  GPIOIntClear                   
000022bb  GPIOIntEnable                  
0000211b  GPIOIntRegister                
00002275  GPIOIntStatus                  
00001ce9  GPIOIntTypeSet                 
0000190d  GPIOPadConfigGet               
00001439  GPIOPadConfigSet               
00001e81  GPIOPinConfigure               
000021e9  GPIOPinTypeGPIOInput           
00002133  GPIOPinTypeGPIOOutput          
000021fb  GPIOPinTypePWM                 
0000220d  GPIOPinTypeSSI                 
0000221f  GPIOPinTypeUART                
00002361  GPIOPinWrite                   
00001bb9  IntEnable                      
00002009  IntRegister                    
2000026c  LCD_cmd_                       
000013c3  PWM0_Int_handler               
0000209b  PWMGenConfigure                
000022c7  PWMGenEnable                   
00002367  PWMGenIntClear                 
0000214b  PWMGenIntRegister              
000022d3  PWMGenIntStatus                
000022f7  PWMGenIntTrigEnable            
00002255  PWMGenPeriodSet                
00002333  PWMIntEnable                   
00002231  PWMOutputState                 
000020fd  PWMPulseWidthSet               
000022eb  ResetISR                       
UNDEFED   SHT$$INIT_ARRAY$$Base          
UNDEFED   SHT$$INIT_ARRAY$$Limit         
0000233b  SSIBusy                        
00001f95  SSIConfigSetExpClk             
00002301  SSIDataPut                     
0000230b  SSIEnable                      
0000156d  SysCtlClockGet                 
0000167d  SysCtlClockSet                 
0000236d  SysCtlDelay                    
000021ad  SysCtlPWMClockSet              
0000203d  SysCtlPeripheralEnable         
00001fd1  SysCtlPeripheralReady          
00002373  TimerClockSourceSet            
00001c89  TimerConfigure                 
00002283  TimerEnable                    
0000237f  TimerIntClear                  
00002343  TimerIntEnable                 
00002163  TimerIntRegister               
00002315  TimerLoadGet                   
00002243  TimerLoadSet                   
0000234b  UARTBusy                       
0000231f  UARTCharGet                    
00002291  UARTCharPutNonBlocking         
0000229f  UARTCharsAvail                 
00001ec9  UARTConfigSetExpClk            
000020bd  UARTDisable                    
000021c1  UARTEnable                     
00002379  UARTFIFOLevelSet               
00002383  UARTIntClear                   
00002353  UARTIntEnable                  
0000217b  UARTIntRegister                
00002329  UARTIntStatus                  
2000087c  __STACK_END                    
00000200  __STACK_SIZE                   
2000087c  __STACK_TOP                    
00002b20  __TI_CINIT_Base                
00002b38  __TI_CINIT_Limit               
00002b04  __TI_Handler_Table_Base        
00002b10  __TI_Handler_Table_Limit       
00001b49  __TI_auto_init                 
200008fc  __TI_cleanup_ptr               
00001c21  __TI_decompress_lzss           
000022ad  __TI_decompress_none           
20000900  __TI_dtors_ptr                 
20000904  __TI_enable_exit_profile_output
ffffffff  __TI_pprof_out_hndl            
ffffffff  __TI_prof_data_size            
ffffffff  __TI_prof_data_start           
00000000  __TI_static_base__             
000022df  __TI_zero_init                 
00001acd  __aeabi_memclr                 
00001acd  __aeabi_memclr4                
00001acd  __aeabi_memclr8                
000019b1  __aeabi_memcpy                 
000019b1  __aeabi_memcpy4                
000019b1  __aeabi_memcpy8                
00001acf  __aeabi_memset                 
00001acf  __aeabi_memset4                
00001acf  __aeabi_memset8                
ffffffff  __binit__                      
ffffffff  __c_args__                     
0000156b  __mpu_init                     
2000067c  __stack                        
00002195  _args_main                     
00001d41  _c_int00                       
20000914  _lock                          
000021e3  _nop                           
000021db  _register_lock                 
000021d5  _register_unlock               
00001b47  _system_post_cinit             
00002387  _system_pre_init               
20000918  _unlock                        
00001d99  abort                          
ffffffff  binit                          
2000091c  burst_finished_                
00000c1d  configPort_A                   
00000c51  configPort_B                   
00000ccd  configPort_C                   
00000ce1  configPort_D                   
00000d19  configPort_E                   
00000d65  configPort_F                   
00001e35  copy_in                        
0000082f  dlGetDataPayloadRF             
00000707  dlGetSettingInfoRF             
00000319  dlLcdClear                     
000002d7  dlLcdInit                      
0000038b  dlLcdSetPosition               
0000026d  dlLcdWriteCommand              
000003cb  dlLcdWriteData                 
0000043d  dlLcdWriteText                 
0000058d  dlLcdWriteUInt                 
000007a1  dlSendDataRF                   
000007f1  dlSetCarAddress                
000006c9  dlSetChannelRF                 
00000ffd  dlSetSteering                  
0000106b  dlSetThrottle                  
00001da1  exit                           
00001261  extIntBHandler                 
00000daf  extIntFHandler                 
0000238c  font_table                     
20000000  g_pfnRAMVectors                
00000000  g_pfnVectors                   
00000efb  halGetUart1Data                
00000c01  halGpioInit                    
000013b5  halIsBurstFinished             
00001a4d  halPWMInit                     
000013bb  halResetBurstIndicator         
00000e8d  halSendUart1Data               
00001771  halSsi1Int                     
0000139d  halStartBurstModeUS            
00002265  halSysClkInit                  
000011b1  halTimer2Init                  
00000e15  halUart1Init                   
00001305  halUsInit                      
000017e9  halUsciB1Transmit              
000020dd  hal_init                       
20000924  is_switch_active               
2000087c  lcdDataArray_                  
20000908  lcdInitCmd_                    
20000911  lcdPositionArray_              
000009e5  main                           
20000920  main_func_sp                   
000019b1  memcpy                         
00001ad5  memset                         
20000678  switch_backlight_              
000012c5  timer2ISR                      
20000471  uart_status_                   


GLOBAL SYMBOLS: SORTED BY Symbol Address 

address   name                           
-------   ----                           
00000000  __TI_static_base__             
00000000  g_pfnVectors                   
00000200  __STACK_SIZE                   
0000026d  dlLcdWriteCommand              
000002d7  dlLcdInit                      
00000319  dlLcdClear                     
0000038b  dlLcdSetPosition               
000003cb  dlLcdWriteData                 
0000043d  dlLcdWriteText                 
0000058d  dlLcdWriteUInt                 
000006c9  dlSetChannelRF                 
00000707  dlGetSettingInfoRF             
000007a1  dlSendDataRF                   
000007f1  dlSetCarAddress                
0000082f  dlGetDataPayloadRF             
000009e5  main                           
00000c01  halGpioInit                    
00000c1d  configPort_A                   
00000c51  configPort_B                   
00000ccd  configPort_C                   
00000ce1  configPort_D                   
00000d19  configPort_E                   
00000d65  configPort_F                   
00000daf  extIntFHandler                 
00000e15  halUart1Init                   
00000e8d  halSendUart1Data               
00000efb  halGetUart1Data                
00000ffd  dlSetSteering                  
0000106b  dlSetThrottle                  
000011b1  halTimer2Init                  
00001261  extIntBHandler                 
000012c5  timer2ISR                      
00001305  halUsInit                      
0000139d  halStartBurstModeUS            
000013b5  halIsBurstFinished             
000013bb  halResetBurstIndicator         
000013c3  PWM0_Int_handler               
00001439  GPIOPadConfigSet               
0000156b  __mpu_init                     
0000156d  SysCtlClockGet                 
0000167d  SysCtlClockSet                 
00001771  halSsi1Int                     
000017e9  halUsciB1Transmit              
0000190d  GPIOPadConfigGet               
000019b1  __aeabi_memcpy                 
000019b1  __aeabi_memcpy4                
000019b1  __aeabi_memcpy8                
000019b1  memcpy                         
00001a4d  halPWMInit                     
00001acd  __aeabi_memclr                 
00001acd  __aeabi_memclr4                
00001acd  __aeabi_memclr8                
00001acf  __aeabi_memset                 
00001acf  __aeabi_memset4                
00001acf  __aeabi_memset8                
00001ad5  memset                         
00001b47  _system_post_cinit             
00001b49  __TI_auto_init                 
00001bb9  IntEnable                      
00001c21  __TI_decompress_lzss           
00001c89  TimerConfigure                 
00001ce9  GPIOIntTypeSet                 
00001d41  _c_int00                       
00001d95  C$$EXIT                        
00001d99  abort                          
00001da1  exit                           
00001e35  copy_in                        
00001e81  GPIOPinConfigure               
00001ec9  UARTConfigSetExpClk            
00001f95  SSIConfigSetExpClk             
00001fd1  SysCtlPeripheralReady          
00002009  IntRegister                    
0000203d  SysCtlPeripheralEnable         
00002071  GPIODirModeSet                 
0000209b  PWMGenConfigure                
000020bd  UARTDisable                    
000020dd  hal_init                       
000020fd  PWMPulseWidthSet               
0000211b  GPIOIntRegister                
00002133  GPIOPinTypeGPIOOutput          
0000214b  PWMGenIntRegister              
00002163  TimerIntRegister               
0000217b  UARTIntRegister                
00002195  _args_main                     
000021ad  SysCtlPWMClockSet              
000021c1  UARTEnable                     
000021d5  _register_unlock               
000021db  _register_lock                 
000021e3  _nop                           
000021e9  GPIOPinTypeGPIOInput           
000021fb  GPIOPinTypePWM                 
0000220d  GPIOPinTypeSSI                 
0000221f  GPIOPinTypeUART                
00002231  PWMOutputState                 
00002243  TimerLoadSet                   
00002255  PWMGenPeriodSet                
00002265  halSysClkInit                  
00002275  GPIOIntStatus                  
00002283  TimerEnable                    
00002291  UARTCharPutNonBlocking         
0000229f  UARTCharsAvail                 
000022ad  __TI_decompress_none           
000022bb  GPIOIntEnable                  
000022c7  PWMGenEnable                   
000022d3  PWMGenIntStatus                
000022df  __TI_zero_init                 
000022eb  ResetISR                       
000022f7  PWMGenIntTrigEnable            
00002301  SSIDataPut                     
0000230b  SSIEnable                      
00002315  TimerLoadGet                   
0000231f  UARTCharGet                    
00002329  UARTIntStatus                  
00002333  PWMIntEnable                   
0000233b  SSIBusy                        
00002343  TimerIntEnable                 
0000234b  UARTBusy                       
00002353  UARTIntEnable                  
0000235b  GPIOIntClear                   
00002361  GPIOPinWrite                   
00002367  PWMGenIntClear                 
0000236d  SysCtlDelay                    
00002373  TimerClockSourceSet            
00002379  UARTFIFOLevelSet               
0000237f  TimerIntClear                  
00002383  UARTIntClear                   
00002387  _system_pre_init               
0000238c  font_table                     
00002b04  __TI_Handler_Table_Base        
00002b10  __TI_Handler_Table_Limit       
00002b20  __TI_CINIT_Base                
00002b38  __TI_CINIT_Limit               
20000000  g_pfnRAMVectors                
2000026c  LCD_cmd_                       
20000471  uart_status_                   
20000678  switch_backlight_              
2000067c  __stack                        
2000087c  __STACK_END                    
2000087c  __STACK_TOP                    
2000087c  lcdDataArray_                  
200008fc  __TI_cleanup_ptr               
20000900  __TI_dtors_ptr                 
20000904  __TI_enable_exit_profile_output
20000908  lcdInitCmd_                    
20000911  lcdPositionArray_              
20000914  _lock                          
20000918  _unlock                        
2000091c  burst_finished_                
20000920  main_func_sp                   
20000924  is_switch_active               
ffffffff  __TI_pprof_out_hndl            
ffffffff  __TI_prof_data_size            
ffffffff  __TI_prof_data_start           
ffffffff  __binit__                      
ffffffff  __c_args__                     
ffffffff  binit                          
UNDEFED   SHT$$INIT_ARRAY$$Base          
UNDEFED   SHT$$INIT_ARRAY$$Limit         

[158 symbols]
