******************************************************************************
                  TI ARM Linker PC v16.9.4                     
******************************************************************************
>> Linked Sat Aug 25 19:40:52 2018

OUTPUT FILE NAME:   <EM_1_TIVA_Git.out>
ENTRY POINT SYMBOL: "_c_int00"  address: 00002791


MEMORY CONFIGURATION

         name            origin    length      used     unused   attr    fill
----------------------  --------  ---------  --------  --------  ----  --------
  FLASH                 00000000   00040000  00003557  0003caa9  R  X
  SRAM                  20000000   00008000  00000947  000076b9  RW X


SEGMENT ALLOCATION MAP

run origin  load origin   length   init length attrs members
----------  ----------- ---------- ----------- ----- -------
00000000    00000000    00003560   00003560    r-x
  00000000    00000000    0000026c   0000026c    r-- .intvecs
  0000026c    0000026c    00002bbe   00002bbe    r-x .text
  00002e2c    00002e2c    000006bd   000006bd    r-- .const
  000034f0    000034f0    00000070   00000070    r-- .cinit
20000000    20000000    00000948   00000000    rw-
  20000000    20000000    0000026c   00000000    rw- .vtable
  2000026c    2000026c    0000040b   00000000    rw- .bss
  20000678    20000678    00000200   00000000    rw- .stack
  20000878    20000878    000000d0   00000000    rw- .data


SECTION ALLOCATION MAP

 output                                  attributes/
section   page    origin      length       input sections
--------  ----  ----------  ----------   ----------------
.intvecs   0    00000000    0000026c     
                  00000000    0000026c     tm4c123gh6pm_startup_ccs.obj (.intvecs)

.text      0    0000026c    00002bbe     
                  0000026c    00000760     dl_mpu.obj (.text)
                  000009cc    000005d0     hal_mpu_9250.obj (.text)
                  00000f9c    0000045c     dl_LCD.obj (.text)
                  000013f8    00000320     dl_RF_Module.obj (.text)
                  00001718    00000244     hal_i2c.obj (.text)
                  0000195c    000001e8     hal_uart1.obj (.text)
                  00001b44    000001e4     hal_gpio.obj (.text)
                  00001d28    00000132     driverlib.lib : gpio.obj (.text:GPIOPadConfigSet)
                  00001e5a    00000002     rtsv7M4_T_le_v4SPD16_eabi.lib : mpu_init.obj (.text)
                  00001e5c    00000130     hal_us.obj (.text)
                  00001f8c    00000110     driverlib.lib : sysctl.obj (.text:SysCtlClockGet)
                  0000209c    000000f4                   : sysctl.obj (.text:SysCtlClockSet)
                  00002190    000000ec     hal_ssi1.obj (.text)
                  0000227c    000000b0     driverlib.lib : pwm.obj (.text:_PWMGenIntNumberGet)
                  0000232c    000000a4                   : gpio.obj (.text:GPIOPadConfigGet)
                  000023d0    0000009c     rtsv7M4_T_le_v4SPD16_eabi.lib : memcpy_t2.obj (.text)
                  0000246c    00000090     main.obj (.text)
                  000024fc    00000080     hal_pwm.obj (.text)
                  0000257c    0000007a     rtsv7M4_T_le_v4SPD16_eabi.lib : memset_t2.obj (.text)
                  000025f6    00000002                                   : startup.obj (.text)
                  000025f8    00000070                                   : autoinit.obj (.text)
                  00002668    00000068     driverlib.lib : interrupt.obj (.text:IntEnable)
                  000026d0    00000068     rtsv7M4_T_le_v4SPD16_eabi.lib : copy_decompress_lzss.obj (.text:decompress:lzss)
                  00002738    00000056     driverlib.lib : gpio.obj (.text:GPIOIntTypeSet)
                  0000278e    00000002     --HOLE-- [fill = 0]
                  00002790    00000054     rtsv7M4_T_le_v4SPD16_eabi.lib : boot.obj (.text)
                  000027e4    00000054                                   : exit.obj (.text)
                  00002838    00000050     driverlib.lib : sysctl.obj (.text:SysCtlPeripheralReset)
                  00002888    0000004c                   : i2c.obj (.text:I2CMasterInitExpClk)
                  000028d4    0000004c     rtsv7M4_T_le_v4SPD16_eabi.lib : cpy_tbl.obj (.text)
                  00002920    00000048     driverlib.lib : gpio.obj (.text:GPIOPinConfigure)
                  00002968    00000046                   : uart.obj (.text:UARTConfigSetExpClk)
                  000029ae    00000002     --HOLE-- [fill = 0]
                  000029b0    00000044                   : gpio.obj (.text:_GPIOIntNumberGet)
                  000029f4    00000040                   : uart.obj (.text:_UARTIntNumberGet)
                  00002a34    0000003c                   : ssi.obj (.text:SSIConfigSetExpClk)
                  00002a70    00000038                   : sysctl.obj (.text:SysCtlPeripheralReady)
                  00002aa8    00000034                   : interrupt.obj (.text:IntRegister)
                  00002adc    00000034                   : sysctl.obj (.text:SysCtlPeripheralEnable)
                  00002b10    0000002a                   : gpio.obj (.text:GPIODirModeSet)
                  00002b3a    00000022                   : pwm.obj (.text:PWMGenConfigure)
                  00002b5c    00000020                   : uart.obj (.text:UARTDisable)
                  00002b7c    0000001e                   : pwm.obj (.text:PWMPulseWidthSet)
                  00002b9a    0000001c     hal_init.obj (.text)
                  00002bb6    00000018     driverlib.lib : gpio.obj (.text:GPIOIntRegister)
                  00002bce    00000018                   : gpio.obj (.text:GPIOPinTypeGPIOOutput)
                  00002be6    00000018                   : pwm.obj (.text:PWMGenIntRegister)
                  00002bfe    00000018                   : uart.obj (.text:UARTIntRegister)
                  00002c16    00000002     --HOLE-- [fill = 0]
                  00002c18    00000018     rtsv7M4_T_le_v4SPD16_eabi.lib : args_main.obj (.text)
                  00002c30    00000014     driverlib.lib : sysctl.obj (.text:SysCtlPWMClockSet)
                  00002c44    00000014                   : uart.obj (.text:UARTEnable)
                  00002c58    00000014     rtsv7M4_T_le_v4SPD16_eabi.lib : _lock.obj (.text)
                  00002c6c    00000012     driverlib.lib : gpio.obj (.text:GPIOPinTypeGPIOInput)
                  00002c7e    00000012                   : gpio.obj (.text:GPIOPinTypeI2C)
                  00002c90    00000012                   : gpio.obj (.text:GPIOPinTypeI2CSCL)
                  00002ca2    00000012                   : gpio.obj (.text:GPIOPinTypePWM)
                  00002cb4    00000012                   : gpio.obj (.text:GPIOPinTypeSSI)
                  00002cc6    00000012                   : gpio.obj (.text:GPIOPinTypeUART)
                  00002cd8    00000012                   : pwm.obj (.text:PWMOutputState)
                  00002cea    00000010                   : pwm.obj (.text:PWMGenPeriodSet)
                  00002cfa    00000002     --HOLE-- [fill = 0]
                  00002cfc    00000010     hal_usc.obj (.text)
                  00002d0c    0000000e     driverlib.lib : gpio.obj (.text:GPIOIntStatus)
                  00002d1a    0000000e                   : uart.obj (.text:UARTCharPutNonBlocking)
                  00002d28    0000000e                   : uart.obj (.text:UARTCharsAvail)
                  00002d36    0000000e     rtsv7M4_T_le_v4SPD16_eabi.lib : copy_decompress_none.obj (.text:decompress:none)
                  00002d44    0000000c     driverlib.lib : gpio.obj (.text:GPIOIntEnable)
                  00002d50    0000000c                   : pwm.obj (.text:PWMGenDisable)
                  00002d5c    0000000c                   : pwm.obj (.text:PWMGenEnable)
                  00002d68    0000000c                   : pwm.obj (.text:PWMGenIntStatus)
                  00002d74    0000000c     rtsv7M4_T_le_v4SPD16_eabi.lib : copy_zero_init.obj (.text:decompress:ZI)
                  00002d80    0000000c     tm4c123gh6pm_startup_ccs.obj (.text)
                  00002d8c    0000000a     driverlib.lib : i2c.obj (.text:I2CMasterEnable)
                  00002d96    0000000a                   : pwm.obj (.text:PWMGenIntTrigEnable)
                  00002da0    0000000a                   : ssi.obj (.text:SSIDataPut)
                  00002daa    0000000a                   : ssi.obj (.text:SSIEnable)
                  00002db4    0000000a                   : uart.obj (.text:UARTCharGet)
                  00002dbe    0000000a                   : uart.obj (.text:UARTIntStatus)
                  00002dc8    00000008                   : i2c.obj (.text:I2CMasterBusy)
                  00002dd0    00000008                   : i2c.obj (.text:I2CMasterSlaveAddrSet)
                  00002dd8    00000008                   : pwm.obj (.text:PWMIntEnable)
                  00002de0    00000008                   : ssi.obj (.text:SSIBusy)
                  00002de8    00000008                   : uart.obj (.text:UARTBusy)
                  00002df0    00000008                   : uart.obj (.text:UARTIntEnable)
                  00002df8    00000006                   : gpio.obj (.text:GPIOIntClear)
                  00002dfe    00000006                   : gpio.obj (.text:GPIOPinWrite)
                  00002e04    00000006                   : pwm.obj (.text:PWMGenIntClear)
                  00002e0a    00000006                   : sysctl.obj (.text:SysCtlDelay)
                  00002e10    00000006                   : uart.obj (.text:UARTFIFOLevelSet)
                  00002e16    00000004                   : i2c.obj (.text:I2CMasterControl)
                  00002e1a    00000004                   : i2c.obj (.text:I2CMasterDataGet)
                  00002e1e    00000004                   : i2c.obj (.text:I2CMasterDataPut)
                  00002e22    00000004                   : uart.obj (.text:UARTIntClear)
                  00002e26    00000004     rtsv7M4_T_le_v4SPD16_eabi.lib : pre_init.obj (.text)

.const     0    00002e2c    000006bd     
                  00002e2c    00000300     dl_LCD.obj (.const:font_table)
                  0000312c    000000d8     driverlib.lib : gpio.obj (.const:g_ppui32GPIOIntMapSnowflake)
                  00003204    000000c0                   : gpio.obj (.const:g_ppui32GPIOIntMapBlizzard)
                  000032c4    00000090                   : gpio.obj (.const:g_pui32GPIOBaseAddrs)
                  00003354    00000070                   : interrupt.obj (.const)
                  000033c4    0000006c                   : sysctl.obj (.const:g_pui32Xtals)
                  00003430    00000040                   : uart.obj (.const:g_ppui32UARTIntMap)
                  00003470    00000040                   : uart.obj (.const:g_ppui32UARTIntMapSnowflake)
                  000034b0    0000000c     dl_mpu.obj (.const:$P$T0$1)
                  000034bc    0000000c     dl_mpu.obj (.const:$P$T1$2)
                  000034c8    0000000c     dl_mpu.obj (.const:$P$T2$3)
                  000034d4    00000004     dl_RF_Module.obj (.const:.string:$P$T2$3)
                  000034d8    00000003     dl_RF_Module.obj (.const:.string:$P$T0$1)
                  000034db    00000003     dl_RF_Module.obj (.const:.string:$P$T1$2)
                  000034de    00000003     dl_RF_Module.obj (.const:.string:$P$T3$4)
                  000034e1    00000002     hal_mpu_9250.obj (.const:.string:$P$T0$1)
                  000034e3    00000002     hal_mpu_9250.obj (.const:.string:$P$T1$2)
                  000034e5    00000002     hal_mpu_9250.obj (.const:.string:$P$T2$3)
                  000034e7    00000002     hal_mpu_9250.obj (.const:.string:$P$T3$4)

.cinit     0    000034f0    00000070     
                  000034f0    0000003b     (.cinit..data.load) [load image, compression = lzss]
                  0000352b    00000001     --HOLE-- [fill = 0]
                  0000352c    0000000c     (__TI_handler_table)
                  00003538    00000008     (.cinit..bss.load) [load image, compression = zero_init]
                  00003540    00000008     (.cinit..vtable.load) [load image, compression = zero_init]
                  00003548    00000018     (__TI_cinit_table)

.init_array 
*          0    00000000    00000000     UNINITIALIZED

.vtable    0    20000000    0000026c     UNINITIALIZED
                  20000000    0000026c     driverlib.lib : interrupt.obj (.vtable)

.bss       0    2000026c    0000040b     UNINITIALIZED
                  2000026c    00000205     (.common:LCD_cmd_)
                  20000471    00000205     (.common:uart_status_)
                  20000676    00000001     (.common:switch_backlight_)

.stack     0    20000678    00000200     UNINITIALIZED
                  20000678    00000200     --HOLE--

.data      0    20000878    000000d0     UNINITIALIZED
                  20000878    00000080     dl_LCD.obj (.data:lcdDataArray_)
                  200008f8    0000000c     rtsv7M4_T_le_v4SPD16_eabi.lib : exit.obj (.data:$O1$$)
                  20000904    0000000c     hal_mpu_9250.obj (.data)
                  20000910    0000000c     hal_us.obj (.data)
                  2000091c    00000009     dl_LCD.obj (.data:lcdInitCmd_)
                  20000925    00000003     dl_LCD.obj (.data:lcdPositionArray_)
                  20000928    00000008     rtsv7M4_T_le_v4SPD16_eabi.lib : _lock.obj (.data:$O1$$)
                  20000930    00000006     hal_mpu_9250.obj (.data:Accel_reg_addr)
                  20000936    00000006     hal_mpu_9250.obj (.data:gyro_reg_addr)
                  2000093c    00000006     hal_mpu_9250.obj (.data:magn_reg_addr)
                  20000942    00000001     hal_gpio.obj (.data)
                  20000943    00000001     hal_uart1.obj (.data)
                  20000944    00000004     rtsv7M4_T_le_v4SPD16_eabi.lib : stkdepth_vars.obj (.data)

MODULE SUMMARY

       Module                         code    ro data   rw data
       ------                         ----    -------   -------
    .\
       tm4c123gh6pm_startup_ccs.obj   12      620       0      
       main.obj                       144     0         0      
    +--+------------------------------+-------+---------+---------+
       Total:                         156     620       0      
                                                               
    .\F_DL\
       dl_LCD.obj                     1116    768       657    
       dl_mpu.obj                     1888    36        0      
       dl_RF_Module.obj               800     13        0      
    +--+------------------------------+-------+---------+---------+
       Total:                         3804    817       657    
                                                               
    .\F_HAL\
       hal_mpu_9250.obj               1488    8         30     
       hal_uart1.obj                  488     0         519    
       hal_i2c.obj                    580     0         0      
       hal_gpio.obj                   484     0         1      
       hal_us.obj                     304     0         12     
       hal_ssi1.obj                   236     0         0      
       hal_pwm.obj                    128     0         0      
       hal_init.obj                   28      0         0      
       hal_usc.obj                    16      0         0      
    +--+------------------------------+-------+---------+---------+
       Total:                         3752    8         562    
                                                               
    C:/ti/TivaWare_C_Series-2.1.4.178/driverlib/ccs/Debug/driverlib.lib
       gpio.obj                       932     552       0      
       interrupt.obj                  156     112       620    
       sysctl.obj                     730     108       0      
       uart.obj                       284     128       0      
       pwm.obj                        358     0         0      
       i2c.obj                        114     0         0      
       ssi.obj                        88      0         0      
    +--+------------------------------+-------+---------+---------+
       Total:                         2662    900       620    
                                                               
    C:\ti\ccsv7\tools\compiler\ti-cgt-arm_16.9.4.LTS\lib\rtsv7M4_T_le_v4SPD16_eabi.lib
       memcpy_t2.obj                  156     0         0      
       memset_t2.obj                  122     0         0      
       autoinit.obj                   112     0         0      
       copy_decompress_lzss.obj       104     0         0      
       exit.obj                       84      0         12     
       boot.obj                       84      0         0      
       cpy_tbl.obj                    76      0         0      
       _lock.obj                      20      0         8      
       args_main.obj                  24      0         0      
       copy_decompress_none.obj       14      0         0      
       copy_zero_init.obj             12      0         0      
       pre_init.obj                   4       0         0      
       stkdepth_vars.obj              0       0         4      
       mpu_init.obj                   2       0         0      
       startup.obj                    2       0         0      
    +--+------------------------------+-------+---------+---------+
       Total:                         816     0         24     
                                                               
       Stack:                         0       0         512    
       Linker Generated:              0       111       0      
    +--+------------------------------+-------+---------+---------+
       Grand Total:                   11190   2456      2375   


LINKER GENERATED COPY TABLES

__TI_cinit_table @ 00003548 records: 3, size/record: 8, table size: 24
	.data: load addr=000034f0, load size=0000003b bytes, run addr=20000878, run size=000000d0 bytes, compression=lzss
	.bss: load addr=00003538, load size=00000008 bytes, run addr=2000026c, run size=0000040b bytes, compression=zero_init
	.vtable: load addr=00003540, load size=00000008 bytes, run addr=20000000, run size=0000026c bytes, compression=zero_init


LINKER GENERATED HANDLER TABLE

__TI_handler_table @ 0000352c records: 3, size/record: 4, table size: 12
	index: 0, handler: __TI_zero_init
	index: 1, handler: __TI_decompress_lzss
	index: 2, handler: __TI_decompress_none


GLOBAL SYMBOLS: SORTED ALPHABETICALLY BY Name 

address   name                           
-------   ----                           
20000930  Accel_reg_addr                 
000027e5  C$$EXIT                        
00002b11  GPIODirModeSet                 
00002df9  GPIOIntClear                   
00002d45  GPIOIntEnable                  
00002bb7  GPIOIntRegister                
00002d0d  GPIOIntStatus                  
00002739  GPIOIntTypeSet                 
0000232d  GPIOPadConfigGet               
00001d29  GPIOPadConfigSet               
00002921  GPIOPinConfigure               
00002c6d  GPIOPinTypeGPIOInput           
00002bcf  GPIOPinTypeGPIOOutput          
00002c7f  GPIOPinTypeI2C                 
00002c91  GPIOPinTypeI2CSCL              
00002ca3  GPIOPinTypePWM                 
00002cb5  GPIOPinTypeSSI                 
00002cc7  GPIOPinTypeUART                
00002dff  GPIOPinWrite                   
00002dc9  I2CMasterBusy                  
00002e17  I2CMasterControl               
00002e1b  I2CMasterDataGet               
00002e1f  I2CMasterDataPut               
00002d8d  I2CMasterEnable                
00002889  I2CMasterInitExpClk            
00002dd1  I2CMasterSlaveAddrSet          
0000188d  I2CReceiveBurst                
00001835  I2CReceiveSingle               
00001797  I2cSendBurst                   
00001763  I2cSendByte                    
00002669  IntEnable                      
00002aa9  IntRegister                    
2000026c  LCD_cmd_                       
00001f19  PWM0_Int_handler               
00002b3b  PWMGenConfigure                
00002d51  PWMGenDisable                  
00002d5d  PWMGenEnable                   
00002e05  PWMGenIntClear                 
00002be7  PWMGenIntRegister              
00002d69  PWMGenIntStatus                
00002d97  PWMGenIntTrigEnable            
00002ceb  PWMGenPeriodSet                
00002dd9  PWMIntEnable                   
00002cd9  PWMOutputState                 
00002b7d  PWMPulseWidthSet               
00002d81  ResetISR                       
UNDEFED   SHT$$INIT_ARRAY$$Base          
UNDEFED   SHT$$INIT_ARRAY$$Limit         
00002de1  SSIBusy                        
00002a35  SSIConfigSetExpClk             
00002da1  SSIDataPut                     
00002dab  SSIEnable                      
00001f8d  SysCtlClockGet                 
0000209d  SysCtlClockSet                 
00002e0b  SysCtlDelay                    
00002c31  SysCtlPWMClockSet              
00002add  SysCtlPeripheralEnable         
00002a71  SysCtlPeripheralReady          
00002839  SysCtlPeripheralReset          
00002de9  UARTBusy                       
00002db5  UARTCharGet                    
00002d1b  UARTCharPutNonBlocking         
00002d29  UARTCharsAvail                 
00002969  UARTConfigSetExpClk            
00002b5d  UARTDisable                    
00002c45  UARTEnable                     
00002e11  UARTFIFOLevelSet               
00002e23  UARTIntClear                   
00002df1  UARTIntEnable                  
00002bff  UARTIntRegister                
00002dbf  UARTIntStatus                  
20000878  __STACK_END                    
00000200  __STACK_SIZE                   
20000878  __STACK_TOP                    
00003548  __TI_CINIT_Base                
00003560  __TI_CINIT_Limit               
0000352c  __TI_Handler_Table_Base        
00003538  __TI_Handler_Table_Limit       
000025f9  __TI_auto_init                 
200008f8  __TI_cleanup_ptr               
000026d1  __TI_decompress_lzss           
00002d37  __TI_decompress_none           
200008fc  __TI_dtors_ptr                 
20000900  __TI_enable_exit_profile_output
ffffffff  __TI_pprof_out_hndl            
ffffffff  __TI_prof_data_size            
ffffffff  __TI_prof_data_start           
00000000  __TI_static_base__             
00002d75  __TI_zero_init                 
0000257d  __aeabi_memclr                 
0000257d  __aeabi_memclr4                
0000257d  __aeabi_memclr8                
000023d1  __aeabi_memcpy                 
000023d1  __aeabi_memcpy4                
000023d1  __aeabi_memcpy8                
0000257f  __aeabi_memset                 
0000257f  __aeabi_memset4                
0000257f  __aeabi_memset8                
ffffffff  __binit__                      
ffffffff  __c_args__                     
00001e5b  __mpu_init                     
20000678  __stack                        
00002c19  _args_main                     
00002791  _c_int00                       
20000928  _lock                          
00002c67  _nop                           
00002c5f  _register_lock                 
00002c59  _register_unlock               
000025f7  _system_post_cinit             
00002e27  _system_pre_init               
2000092c  _unlock                        
000027e9  abort                          
20000904  asa_x_                         
20000908  asa_y_                         
2000090c  asa_z_                         
ffffffff  binit                          
20000910  burst_finished_                
00001b61  configPort_A                   
00001b95  configPort_B                   
00001c11  configPort_C                   
00001c25  configPort_D                   
00001c5d  configPort_E                   
00001c79  configPort_F                   
000028d5  copy_in                        
0000155f  dlGetDataPayloadRF             
00001437  dlGetSettingInfoRF             
00001049  dlLcdClear                     
00001007  dlLcdInit                      
000010bb  dlLcdSetPosition               
00000f9d  dlLcdWriteCommand              
000010fb  dlLcdWriteData                 
0000116d  dlLcdWriteText                 
000012bd  dlLcdWriteUInt                 
000014d1  dlSendDataRF                   
00000721  dlSendSensorData               
00001521  dlSetCarAddress                
000013f9  dlSetChannelRF                 
0000026d  dlShowAccData                  
000003df  dlShowGyrData                  
00000571  dlShowMagData                  
000027f1  exit                           
00001cc3  extIntFHandler                 
00002e2c  font_table                     
20000000  g_pfnRAMVectors                
00000000  g_pfnVectors                   
20000936  gyro_reg_addr                  
00000a1f  halAccInit                     
00000b8b  halCtlRead_Mag                 
00000b11  halCtlWrite_Mag                
00000b99  halGetAccData                  
00000c79  halGetGyrData                  
00000e71  halGetMagASA                   
00000d5d  halGetMagData                  
00001a43  halGetUart1Data                
00001b45  halGpioInit                    
00000a61  halGyrInit                     
00001719  halI2cInit                     
00001f0b  halIsBurstFinished             
00000aa3  halMagInit                     
000009cd  halMpuInit                     
000009f3  halMpuReset                    
000024fd  halPWMInit                     
00001f11  halResetBurstIndicator         
000019d5  halSendUart1Data               
00002191  halSsi1Int                     
00001ef3  halStartBurstModeUS            
00000af5  halStatus1_Mag                 
00000b03  halStatus2_Mag                 
00002cfd  halSysClkInit                  
0000195d  halUart1Init                   
00001e5d  halUsInit                      
00002209  halUsciB1Transmit              
00000a11  halWhoAmI                      
00000ae7  halWhoAmI_Mag                  
00002b9b  hal_init                       
20000942  is_switch_active               
20000878  lcdDataArray_                  
2000091c  lcdInitCmd_                    
20000925  lcdPositionArray_              
2000093c  magn_reg_addr                  
0000246d  main                           
20000944  main_func_sp                   
000023d1  memcpy                         
00002585  memset                         
20000914  pwm_burst_cnt_                 
20000676  switch_backlight_              
20000471  uart_status_                   


GLOBAL SYMBOLS: SORTED BY Symbol Address 

address   name                           
-------   ----                           
00000000  __TI_static_base__             
00000000  g_pfnVectors                   
00000200  __STACK_SIZE                   
0000026d  dlShowAccData                  
000003df  dlShowGyrData                  
00000571  dlShowMagData                  
00000721  dlSendSensorData               
000009cd  halMpuInit                     
000009f3  halMpuReset                    
00000a11  halWhoAmI                      
00000a1f  halAccInit                     
00000a61  halGyrInit                     
00000aa3  halMagInit                     
00000ae7  halWhoAmI_Mag                  
00000af5  halStatus1_Mag                 
00000b03  halStatus2_Mag                 
00000b11  halCtlWrite_Mag                
00000b8b  halCtlRead_Mag                 
00000b99  halGetAccData                  
00000c79  halGetGyrData                  
00000d5d  halGetMagData                  
00000e71  halGetMagASA                   
00000f9d  dlLcdWriteCommand              
00001007  dlLcdInit                      
00001049  dlLcdClear                     
000010bb  dlLcdSetPosition               
000010fb  dlLcdWriteData                 
0000116d  dlLcdWriteText                 
000012bd  dlLcdWriteUInt                 
000013f9  dlSetChannelRF                 
00001437  dlGetSettingInfoRF             
000014d1  dlSendDataRF                   
00001521  dlSetCarAddress                
0000155f  dlGetDataPayloadRF             
00001719  halI2cInit                     
00001763  I2cSendByte                    
00001797  I2cSendBurst                   
00001835  I2CReceiveSingle               
0000188d  I2CReceiveBurst                
0000195d  halUart1Init                   
000019d5  halSendUart1Data               
00001a43  halGetUart1Data                
00001b45  halGpioInit                    
00001b61  configPort_A                   
00001b95  configPort_B                   
00001c11  configPort_C                   
00001c25  configPort_D                   
00001c5d  configPort_E                   
00001c79  configPort_F                   
00001cc3  extIntFHandler                 
00001d29  GPIOPadConfigSet               
00001e5b  __mpu_init                     
00001e5d  halUsInit                      
00001ef3  halStartBurstModeUS            
00001f0b  halIsBurstFinished             
00001f11  halResetBurstIndicator         
00001f19  PWM0_Int_handler               
00001f8d  SysCtlClockGet                 
0000209d  SysCtlClockSet                 
00002191  halSsi1Int                     
00002209  halUsciB1Transmit              
0000232d  GPIOPadConfigGet               
000023d1  __aeabi_memcpy                 
000023d1  __aeabi_memcpy4                
000023d1  __aeabi_memcpy8                
000023d1  memcpy                         
0000246d  main                           
000024fd  halPWMInit                     
0000257d  __aeabi_memclr                 
0000257d  __aeabi_memclr4                
0000257d  __aeabi_memclr8                
0000257f  __aeabi_memset                 
0000257f  __aeabi_memset4                
0000257f  __aeabi_memset8                
00002585  memset                         
000025f7  _system_post_cinit             
000025f9  __TI_auto_init                 
00002669  IntEnable                      
000026d1  __TI_decompress_lzss           
00002739  GPIOIntTypeSet                 
00002791  _c_int00                       
000027e5  C$$EXIT                        
000027e9  abort                          
000027f1  exit                           
00002839  SysCtlPeripheralReset          
00002889  I2CMasterInitExpClk            
000028d5  copy_in                        
00002921  GPIOPinConfigure               
00002969  UARTConfigSetExpClk            
00002a35  SSIConfigSetExpClk             
00002a71  SysCtlPeripheralReady          
00002aa9  IntRegister                    
00002add  SysCtlPeripheralEnable         
00002b11  GPIODirModeSet                 
00002b3b  PWMGenConfigure                
00002b5d  UARTDisable                    
00002b7d  PWMPulseWidthSet               
00002b9b  hal_init                       
00002bb7  GPIOIntRegister                
00002bcf  GPIOPinTypeGPIOOutput          
00002be7  PWMGenIntRegister              
00002bff  UARTIntRegister                
00002c19  _args_main                     
00002c31  SysCtlPWMClockSet              
00002c45  UARTEnable                     
00002c59  _register_unlock               
00002c5f  _register_lock                 
00002c67  _nop                           
00002c6d  GPIOPinTypeGPIOInput           
00002c7f  GPIOPinTypeI2C                 
00002c91  GPIOPinTypeI2CSCL              
00002ca3  GPIOPinTypePWM                 
00002cb5  GPIOPinTypeSSI                 
00002cc7  GPIOPinTypeUART                
00002cd9  PWMOutputState                 
00002ceb  PWMGenPeriodSet                
00002cfd  halSysClkInit                  
00002d0d  GPIOIntStatus                  
00002d1b  UARTCharPutNonBlocking         
00002d29  UARTCharsAvail                 
00002d37  __TI_decompress_none           
00002d45  GPIOIntEnable                  
00002d51  PWMGenDisable                  
00002d5d  PWMGenEnable                   
00002d69  PWMGenIntStatus                
00002d75  __TI_zero_init                 
00002d81  ResetISR                       
00002d8d  I2CMasterEnable                
00002d97  PWMGenIntTrigEnable            
00002da1  SSIDataPut                     
00002dab  SSIEnable                      
00002db5  UARTCharGet                    
00002dbf  UARTIntStatus                  
00002dc9  I2CMasterBusy                  
00002dd1  I2CMasterSlaveAddrSet          
00002dd9  PWMIntEnable                   
00002de1  SSIBusy                        
00002de9  UARTBusy                       
00002df1  UARTIntEnable                  
00002df9  GPIOIntClear                   
00002dff  GPIOPinWrite                   
00002e05  PWMGenIntClear                 
00002e0b  SysCtlDelay                    
00002e11  UARTFIFOLevelSet               
00002e17  I2CMasterControl               
00002e1b  I2CMasterDataGet               
00002e1f  I2CMasterDataPut               
00002e23  UARTIntClear                   
00002e27  _system_pre_init               
00002e2c  font_table                     
0000352c  __TI_Handler_Table_Base        
00003538  __TI_Handler_Table_Limit       
00003548  __TI_CINIT_Base                
00003560  __TI_CINIT_Limit               
20000000  g_pfnRAMVectors                
2000026c  LCD_cmd_                       
20000471  uart_status_                   
20000676  switch_backlight_              
20000678  __stack                        
20000878  __STACK_END                    
20000878  __STACK_TOP                    
20000878  lcdDataArray_                  
200008f8  __TI_cleanup_ptr               
200008fc  __TI_dtors_ptr                 
20000900  __TI_enable_exit_profile_output
20000904  asa_x_                         
20000908  asa_y_                         
2000090c  asa_z_                         
20000910  burst_finished_                
20000914  pwm_burst_cnt_                 
2000091c  lcdInitCmd_                    
20000925  lcdPositionArray_              
20000928  _lock                          
2000092c  _unlock                        
20000930  Accel_reg_addr                 
20000936  gyro_reg_addr                  
2000093c  magn_reg_addr                  
20000942  is_switch_active               
20000944  main_func_sp                   
ffffffff  __TI_pprof_out_hndl            
ffffffff  __TI_prof_data_size            
ffffffff  __TI_prof_data_start           
ffffffff  __binit__                      
ffffffff  __c_args__                     
ffffffff  binit                          
UNDEFED   SHT$$INIT_ARRAY$$Base          
UNDEFED   SHT$$INIT_ARRAY$$Limit         

[187 symbols]
