******************************************************************************
                  TI ARM Linker PC v16.9.4                     
******************************************************************************
>> Linked Thu Jun 21 11:37:10 2018

OUTPUT FILE NAME:   <EM_1_TIVA_Git.out>
ENTRY POINT SYMBOL: "_c_int00"  address: 00001a11


MEMORY CONFIGURATION

         name            origin    length      used     unused   attr    fill
----------------------  --------  ---------  --------  --------  ----  --------
  FLASH                 00000000   00040000  00002798  0003d868  R  X
  SRAM                  20000000   00008000  0000092f  000076d1  RW X


SEGMENT ALLOCATION MAP

run origin  load origin   length   init length attrs members
----------  ----------- ---------- ----------- ----- -------
00000000    00000000    000027a0   000027a0    r-x
  00000000    00000000    0000026c   0000026c    r-- .intvecs
  0000026c    0000026c    00001e36   00001e36    r-x .text
  000020a4    000020a4    00000696   00000696    r-- .const
  00002740    00002740    00000060   00000060    r-- .cinit
20000000    20000000    00000930   00000000    rw-
  20000000    20000000    0000026c   00000000    rw- .vtable
  2000026c    2000026c    0000040b   00000000    rw- .bss
  20000678    20000678    00000200   00000000    rw- .stack
  20000878    20000878    000000b8   00000000    rw- .data


SECTION ALLOCATION MAP

 output                                  attributes/
section   page    origin      length       input sections
--------  ----  ----------  ----------   ----------------
.intvecs   0    00000000    0000026c     
                  00000000    0000026c     tm4c123gh6pm_startup_ccs.obj (.intvecs)

.text      0    0000026c    00001e36     
                  0000026c    0000045c     dl_LCD.obj (.text)
                  000006c8    00000244     hal_i2c.obj (.text)
                  0000090c    000001e8     hal_uart1.obj (.text)
                  00000af4    000001e4     hal_gpio.obj (.text)
                  00000cd8    000001d4     main.obj (.text)
                  00000eac    0000018c     hal_mpu_9250.obj (.text)
                  00001038    00000132     driverlib.lib : gpio.obj (.text:GPIOPadConfigSet)
                  0000116a    00000002     rtsv7M4_T_le_v4SPD16_eabi.lib : mpu_init.obj (.text)
                  0000116c    00000130     hal_us.obj (.text)
                  0000129c    00000110     driverlib.lib : sysctl.obj (.text:SysCtlClockGet)
                  000013ac    000000f4                   : sysctl.obj (.text:SysCtlClockSet)
                  000014a0    000000ec     hal_ssi1.obj (.text)
                  0000158c    000000b0     driverlib.lib : pwm.obj (.text:_PWMGenIntNumberGet)
                  0000163c    000000a4                   : gpio.obj (.text:GPIOPadConfigGet)
                  000016e0    0000009c     rtsv7M4_T_le_v4SPD16_eabi.lib : memcpy_t2.obj (.text)
                  0000177c    00000080     hal_pwm.obj (.text)
                  000017fc    0000007a     rtsv7M4_T_le_v4SPD16_eabi.lib : memset_t2.obj (.text)
                  00001876    00000002                                   : startup.obj (.text)
                  00001878    00000070                                   : autoinit.obj (.text)
                  000018e8    00000068     driverlib.lib : interrupt.obj (.text:IntEnable)
                  00001950    00000068     rtsv7M4_T_le_v4SPD16_eabi.lib : copy_decompress_lzss.obj (.text:decompress:lzss)
                  000019b8    00000056     driverlib.lib : gpio.obj (.text:GPIOIntTypeSet)
                  00001a0e    00000002     --HOLE-- [fill = 0]
                  00001a10    00000054     rtsv7M4_T_le_v4SPD16_eabi.lib : boot.obj (.text)
                  00001a64    00000054                                   : exit.obj (.text)
                  00001ab8    00000050     driverlib.lib : sysctl.obj (.text:SysCtlPeripheralReset)
                  00001b08    0000004c                   : i2c.obj (.text:I2CMasterInitExpClk)
                  00001b54    0000004c     rtsv7M4_T_le_v4SPD16_eabi.lib : cpy_tbl.obj (.text)
                  00001ba0    00000048     driverlib.lib : gpio.obj (.text:GPIOPinConfigure)
                  00001be8    00000046                   : uart.obj (.text:UARTConfigSetExpClk)
                  00001c2e    00000002     --HOLE-- [fill = 0]
                  00001c30    00000044                   : gpio.obj (.text:_GPIOIntNumberGet)
                  00001c74    00000040                   : uart.obj (.text:_UARTIntNumberGet)
                  00001cb4    0000003c                   : ssi.obj (.text:SSIConfigSetExpClk)
                  00001cf0    00000038                   : sysctl.obj (.text:SysCtlPeripheralReady)
                  00001d28    00000034                   : interrupt.obj (.text:IntRegister)
                  00001d5c    00000034                   : sysctl.obj (.text:SysCtlPeripheralEnable)
                  00001d90    0000002a                   : gpio.obj (.text:GPIODirModeSet)
                  00001dba    00000022                   : pwm.obj (.text:PWMGenConfigure)
                  00001ddc    00000020                   : uart.obj (.text:UARTDisable)
                  00001dfc    0000001e                   : pwm.obj (.text:PWMPulseWidthSet)
                  00001e1a    0000001c     hal_init.obj (.text)
                  00001e36    00000018     driverlib.lib : gpio.obj (.text:GPIOIntRegister)
                  00001e4e    00000018                   : gpio.obj (.text:GPIOPinTypeGPIOOutput)
                  00001e66    00000018                   : pwm.obj (.text:PWMGenIntRegister)
                  00001e7e    00000018                   : uart.obj (.text:UARTIntRegister)
                  00001e96    00000002     --HOLE-- [fill = 0]
                  00001e98    00000018     rtsv7M4_T_le_v4SPD16_eabi.lib : args_main.obj (.text)
                  00001eb0    00000014     driverlib.lib : sysctl.obj (.text:SysCtlPWMClockSet)
                  00001ec4    00000014                   : uart.obj (.text:UARTEnable)
                  00001ed8    00000014     rtsv7M4_T_le_v4SPD16_eabi.lib : _lock.obj (.text)
                  00001eec    00000012     driverlib.lib : gpio.obj (.text:GPIOPinTypeGPIOInput)
                  00001efe    00000012                   : gpio.obj (.text:GPIOPinTypeI2C)
                  00001f10    00000012                   : gpio.obj (.text:GPIOPinTypeI2CSCL)
                  00001f22    00000012                   : gpio.obj (.text:GPIOPinTypePWM)
                  00001f34    00000012                   : gpio.obj (.text:GPIOPinTypeSSI)
                  00001f46    00000012                   : gpio.obj (.text:GPIOPinTypeUART)
                  00001f58    00000012                   : pwm.obj (.text:PWMOutputState)
                  00001f6a    00000010                   : pwm.obj (.text:PWMGenPeriodSet)
                  00001f7a    00000002     --HOLE-- [fill = 0]
                  00001f7c    00000010     hal_usc.obj (.text)
                  00001f8c    0000000e     driverlib.lib : gpio.obj (.text:GPIOIntStatus)
                  00001f9a    0000000e                   : uart.obj (.text:UARTCharPutNonBlocking)
                  00001fa8    0000000e                   : uart.obj (.text:UARTCharsAvail)
                  00001fb6    0000000e     rtsv7M4_T_le_v4SPD16_eabi.lib : copy_decompress_none.obj (.text:decompress:none)
                  00001fc4    0000000c     driverlib.lib : gpio.obj (.text:GPIOIntEnable)
                  00001fd0    0000000c                   : pwm.obj (.text:PWMGenDisable)
                  00001fdc    0000000c                   : pwm.obj (.text:PWMGenEnable)
                  00001fe8    0000000c                   : pwm.obj (.text:PWMGenIntStatus)
                  00001ff4    0000000c     rtsv7M4_T_le_v4SPD16_eabi.lib : copy_zero_init.obj (.text:decompress:ZI)
                  00002000    0000000c     tm4c123gh6pm_startup_ccs.obj (.text)
                  0000200c    0000000a     driverlib.lib : i2c.obj (.text:I2CMasterEnable)
                  00002016    0000000a                   : pwm.obj (.text:PWMGenIntTrigEnable)
                  00002020    0000000a                   : ssi.obj (.text:SSIDataPut)
                  0000202a    0000000a                   : ssi.obj (.text:SSIEnable)
                  00002034    0000000a                   : uart.obj (.text:UARTCharGet)
                  0000203e    0000000a                   : uart.obj (.text:UARTIntStatus)
                  00002048    00000008                   : i2c.obj (.text:I2CMasterBusy)
                  00002050    00000008                   : i2c.obj (.text:I2CMasterSlaveAddrSet)
                  00002058    00000008                   : pwm.obj (.text:PWMIntEnable)
                  00002060    00000008                   : ssi.obj (.text:SSIBusy)
                  00002068    00000008                   : uart.obj (.text:UARTIntEnable)
                  00002070    00000006                   : gpio.obj (.text:GPIOIntClear)
                  00002076    00000006                   : gpio.obj (.text:GPIOPinWrite)
                  0000207c    00000006                   : pwm.obj (.text:PWMGenIntClear)
                  00002082    00000006                   : sysctl.obj (.text:SysCtlDelay)
                  00002088    00000006                   : uart.obj (.text:UARTFIFOLevelSet)
                  0000208e    00000004                   : i2c.obj (.text:I2CMasterControl)
                  00002092    00000004                   : i2c.obj (.text:I2CMasterDataGet)
                  00002096    00000004                   : i2c.obj (.text:I2CMasterDataPut)
                  0000209a    00000004                   : uart.obj (.text:UARTIntClear)
                  0000209e    00000004     rtsv7M4_T_le_v4SPD16_eabi.lib : pre_init.obj (.text)

.const     0    000020a4    00000696     
                  000020a4    00000300     dl_LCD.obj (.const:font_table)
                  000023a4    000000d8     driverlib.lib : gpio.obj (.const:g_ppui32GPIOIntMapSnowflake)
                  0000247c    000000c0                   : gpio.obj (.const:g_ppui32GPIOIntMapBlizzard)
                  0000253c    00000090                   : gpio.obj (.const:g_pui32GPIOBaseAddrs)
                  000025cc    00000070                   : interrupt.obj (.const)
                  0000263c    0000006c                   : sysctl.obj (.const:g_pui32Xtals)
                  000026a8    00000040                   : uart.obj (.const:g_ppui32UARTIntMap)
                  000026e8    00000040                   : uart.obj (.const:g_ppui32UARTIntMapSnowflake)
                  00002728    0000000c     main.obj (.const:$P$T0$1)
                  00002734    00000003     hal_mpu_9250.obj (.const:.string:$P$T0$1)
                  00002737    00000003     hal_mpu_9250.obj (.const:.string:$P$T1$2)

.cinit     0    00002740    00000060     
                  00002740    0000002c     (.cinit..data.load) [load image, compression = lzss]
                  0000276c    0000000c     (__TI_handler_table)
                  00002778    00000008     (.cinit..bss.load) [load image, compression = zero_init]
                  00002780    00000008     (.cinit..vtable.load) [load image, compression = zero_init]
                  00002788    00000018     (__TI_cinit_table)

.init_array 
*          0    00000000    00000000     UNINITIALIZED

.vtable    0    20000000    0000026c     UNINITIALIZED
                  20000000    0000026c     driverlib.lib : interrupt.obj (.vtable)

.bss       0    2000026c    0000040b     UNINITIALIZED
                  2000026c    00000205     (.common:LCD_cmd_)
                  20000471    00000205     (.common:uart_status_)
                  20000676    00000001     (.common:switch_backlight_)

.stack     0    20000678    00000200     UNINITIALIZED
                  20000678    00000200     --HOLE--

.data      0    20000878    000000b8     UNINITIALIZED
                  20000878    00000080     dl_LCD.obj (.data:lcdDataArray_)
                  200008f8    0000000c     rtsv7M4_T_le_v4SPD16_eabi.lib : exit.obj (.data:$O1$$)
                  20000904    0000000c     hal_us.obj (.data)
                  20000910    00000009     dl_LCD.obj (.data:lcdInitCmd_)
                  20000919    00000003     dl_LCD.obj (.data:lcdPositionArray_)
                  2000091c    00000008     rtsv7M4_T_le_v4SPD16_eabi.lib : _lock.obj (.data:$O1$$)
                  20000924    00000006     hal_mpu_9250.obj (.data:Accel_reg_addr)
                  2000092a    00000001     hal_gpio.obj (.data)
                  2000092b    00000001     hal_uart1.obj (.data)
                  2000092c    00000004     rtsv7M4_T_le_v4SPD16_eabi.lib : stkdepth_vars.obj (.data)

MODULE SUMMARY

       Module                         code   ro data   rw data
       ------                         ----   -------   -------
    .\
       tm4c123gh6pm_startup_ccs.obj   12     620       0      
       main.obj                       468    12        0      
    +--+------------------------------+------+---------+---------+
       Total:                         480    632       0      
                                                              
    .\F_DL\
       dl_LCD.obj                     1116   768       657    
    +--+------------------------------+------+---------+---------+
       Total:                         1116   768       657    
                                                              
    .\F_HAL\
       hal_uart1.obj                  488    0         519    
       hal_i2c.obj                    580    0         0      
       hal_gpio.obj                   484    0         1      
       hal_mpu_9250.obj               396    6         6      
       hal_us.obj                     304    0         12     
       hal_ssi1.obj                   236    0         0      
       hal_pwm.obj                    128    0         0      
       hal_init.obj                   28     0         0      
       hal_usc.obj                    16     0         0      
    +--+------------------------------+------+---------+---------+
       Total:                         2660   6         538    
                                                              
    C:/ti/TivaWare_C_Series-2.1.4.178/driverlib/ccs/Debug/driverlib.lib
       gpio.obj                       932    552       0      
       interrupt.obj                  156    112       620    
       sysctl.obj                     730    108       0      
       uart.obj                       276    128       0      
       pwm.obj                        358    0         0      
       i2c.obj                        114    0         0      
       ssi.obj                        88     0         0      
    +--+------------------------------+------+---------+---------+
       Total:                         2654   900       620    
                                                              
    C:\ti\ccsv7\tools\compiler\ti-cgt-arm_16.9.4.LTS\lib\rtsv7M4_T_le_v4SPD16_eabi.lib
       memcpy_t2.obj                  156    0         0      
       memset_t2.obj                  122    0         0      
       autoinit.obj                   112    0         0      
       copy_decompress_lzss.obj       104    0         0      
       exit.obj                       84     0         12     
       boot.obj                       84     0         0      
       cpy_tbl.obj                    76     0         0      
       _lock.obj                      20     0         8      
       args_main.obj                  24     0         0      
       copy_decompress_none.obj       14     0         0      
       copy_zero_init.obj             12     0         0      
       pre_init.obj                   4      0         0      
       stkdepth_vars.obj              0      0         4      
       mpu_init.obj                   2      0         0      
       startup.obj                    2      0         0      
    +--+------------------------------+------+---------+---------+
       Total:                         816    0         24     
                                                              
       Stack:                         0      0         512    
       Linker Generated:              0      96        0      
    +--+------------------------------+------+---------+---------+
       Grand Total:                   7726   2402      2351   


LINKER GENERATED COPY TABLES

__TI_cinit_table @ 00002788 records: 3, size/record: 8, table size: 24
	.data: load addr=00002740, load size=0000002c bytes, run addr=20000878, run size=000000b8 bytes, compression=lzss
	.bss: load addr=00002778, load size=00000008 bytes, run addr=2000026c, run size=0000040b bytes, compression=zero_init
	.vtable: load addr=00002780, load size=00000008 bytes, run addr=20000000, run size=0000026c bytes, compression=zero_init


LINKER GENERATED HANDLER TABLE

__TI_handler_table @ 0000276c records: 3, size/record: 4, table size: 12
	index: 0, handler: __TI_zero_init
	index: 1, handler: __TI_decompress_lzss
	index: 2, handler: __TI_decompress_none


GLOBAL SYMBOLS: SORTED ALPHABETICALLY BY Name 

address   name                           
-------   ----                           
20000924  Accel_reg_addr                 
00001a65  C$$EXIT                        
00001d91  GPIODirModeSet                 
00002071  GPIOIntClear                   
00001fc5  GPIOIntEnable                  
00001e37  GPIOIntRegister                
00001f8d  GPIOIntStatus                  
000019b9  GPIOIntTypeSet                 
0000163d  GPIOPadConfigGet               
00001039  GPIOPadConfigSet               
00001ba1  GPIOPinConfigure               
00001eed  GPIOPinTypeGPIOInput           
00001e4f  GPIOPinTypeGPIOOutput          
00001eff  GPIOPinTypeI2C                 
00001f11  GPIOPinTypeI2CSCL              
00001f23  GPIOPinTypePWM                 
00001f35  GPIOPinTypeSSI                 
00001f47  GPIOPinTypeUART                
00002077  GPIOPinWrite                   
00002049  I2CMasterBusy                  
0000208f  I2CMasterControl               
00002093  I2CMasterDataGet               
00002097  I2CMasterDataPut               
0000200d  I2CMasterEnable                
00001b09  I2CMasterInitExpClk            
00002051  I2CMasterSlaveAddrSet          
0000083d  I2CReceiveBurst                
000007e5  I2CReceiveSingle               
00000747  I2cSendBurst                   
00000713  I2cSendByte                    
000018e9  IntEnable                      
00001d29  IntRegister                    
2000026c  LCD_cmd_                       
00001229  PWM0_Int_handler               
00001dbb  PWMGenConfigure                
00001fd1  PWMGenDisable                  
00001fdd  PWMGenEnable                   
0000207d  PWMGenIntClear                 
00001e67  PWMGenIntRegister              
00001fe9  PWMGenIntStatus                
00002017  PWMGenIntTrigEnable            
00001f6b  PWMGenPeriodSet                
00002059  PWMIntEnable                   
00001f59  PWMOutputState                 
00001dfd  PWMPulseWidthSet               
00002001  ResetISR                       
UNDEFED   SHT$$INIT_ARRAY$$Base          
UNDEFED   SHT$$INIT_ARRAY$$Limit         
00002061  SSIBusy                        
00001cb5  SSIConfigSetExpClk             
00002021  SSIDataPut                     
0000202b  SSIEnable                      
0000129d  SysCtlClockGet                 
000013ad  SysCtlClockSet                 
00002083  SysCtlDelay                    
00001eb1  SysCtlPWMClockSet              
00001d5d  SysCtlPeripheralEnable         
00001cf1  SysCtlPeripheralReady          
00001ab9  SysCtlPeripheralReset          
00002035  UARTCharGet                    
00001f9b  UARTCharPutNonBlocking         
00001fa9  UARTCharsAvail                 
00001be9  UARTConfigSetExpClk            
00001ddd  UARTDisable                    
00001ec5  UARTEnable                     
00002089  UARTFIFOLevelSet               
0000209b  UARTIntClear                   
00002069  UARTIntEnable                  
00001e7f  UARTIntRegister                
0000203f  UARTIntStatus                  
20000878  __STACK_END                    
00000200  __STACK_SIZE                   
20000878  __STACK_TOP                    
00002788  __TI_CINIT_Base                
000027a0  __TI_CINIT_Limit               
0000276c  __TI_Handler_Table_Base        
00002778  __TI_Handler_Table_Limit       
00001879  __TI_auto_init                 
200008f8  __TI_cleanup_ptr               
00001951  __TI_decompress_lzss           
00001fb7  __TI_decompress_none           
200008fc  __TI_dtors_ptr                 
20000900  __TI_enable_exit_profile_output
ffffffff  __TI_pprof_out_hndl            
ffffffff  __TI_prof_data_size            
ffffffff  __TI_prof_data_start           
00000000  __TI_static_base__             
00001ff5  __TI_zero_init                 
000017fd  __aeabi_memclr                 
000017fd  __aeabi_memclr4                
000017fd  __aeabi_memclr8                
000016e1  __aeabi_memcpy                 
000016e1  __aeabi_memcpy4                
000016e1  __aeabi_memcpy8                
000017ff  __aeabi_memset                 
000017ff  __aeabi_memset4                
000017ff  __aeabi_memset8                
ffffffff  __binit__                      
ffffffff  __c_args__                     
0000116b  __mpu_init                     
20000678  __stack                        
00001e99  _args_main                     
00001a11  _c_int00                       
2000091c  _lock                          
00001ee7  _nop                           
00001edf  _register_lock                 
00001ed9  _register_unlock               
00001877  _system_post_cinit             
0000209f  _system_pre_init               
20000920  _unlock                        
00001a69  abort                          
ffffffff  binit                          
20000904  burst_finished_                
00000b11  configPort_A                   
00000b45  configPort_B                   
00000bc1  configPort_C                   
00000bd5  configPort_D                   
00000c0d  configPort_E                   
00000c29  configPort_F                   
00001b55  copy_in                        
00000319  dlLcdClear                     
000002d7  dlLcdInit                      
0000038b  dlLcdSetPosition               
0000026d  dlLcdWriteCommand              
000003cb  dlLcdWriteData                 
0000043d  dlLcdWriteText                 
0000058d  dlLcdWriteUInt                 
00001a71  exit                           
00000c73  extIntFHandler                 
000020a4  font_table                     
20000000  g_pfnRAMVectors                
00000000  g_pfnVectors                   
00000eed  halAccInit                     
00000f37  halGetAccData                  
000009f3  halGetUart1Data                
00000af5  halGpioInit                    
000006c9  halI2cInit                     
0000121b  halIsBurstFinished             
00000ead  halMpuInit                     
00000ebf  halMpuReset                    
0000177d  halPWMInit                     
00001221  halResetBurstIndicator         
00000985  halSendUart1Data               
000014a1  halSsi1Int                     
00001203  halStartBurstModeUS            
00001f7d  halSysClkInit                  
0000090d  halUart1Init                   
0000116d  halUsInit                      
00001519  halUsciB1Transmit              
00000edf  halWhoAmI                      
00001e1b  hal_init                       
2000092a  is_switch_active               
20000878  lcdDataArray_                  
20000910  lcdInitCmd_                    
20000919  lcdPositionArray_              
00000cd9  main                           
2000092c  main_func_sp                   
000016e1  memcpy                         
00001805  memset                         
20000908  pwm_burst_cnt_                 
20000676  switch_backlight_              
20000471  uart_status_                   


GLOBAL SYMBOLS: SORTED BY Symbol Address 

address   name                           
-------   ----                           
00000000  __TI_static_base__             
00000000  g_pfnVectors                   
00000200  __STACK_SIZE                   
0000026d  dlLcdWriteCommand              
000002d7  dlLcdInit                      
00000319  dlLcdClear                     
0000038b  dlLcdSetPosition               
000003cb  dlLcdWriteData                 
0000043d  dlLcdWriteText                 
0000058d  dlLcdWriteUInt                 
000006c9  halI2cInit                     
00000713  I2cSendByte                    
00000747  I2cSendBurst                   
000007e5  I2CReceiveSingle               
0000083d  I2CReceiveBurst                
0000090d  halUart1Init                   
00000985  halSendUart1Data               
000009f3  halGetUart1Data                
00000af5  halGpioInit                    
00000b11  configPort_A                   
00000b45  configPort_B                   
00000bc1  configPort_C                   
00000bd5  configPort_D                   
00000c0d  configPort_E                   
00000c29  configPort_F                   
00000c73  extIntFHandler                 
00000cd9  main                           
00000ead  halMpuInit                     
00000ebf  halMpuReset                    
00000edf  halWhoAmI                      
00000eed  halAccInit                     
00000f37  halGetAccData                  
00001039  GPIOPadConfigSet               
0000116b  __mpu_init                     
0000116d  halUsInit                      
00001203  halStartBurstModeUS            
0000121b  halIsBurstFinished             
00001221  halResetBurstIndicator         
00001229  PWM0_Int_handler               
0000129d  SysCtlClockGet                 
000013ad  SysCtlClockSet                 
000014a1  halSsi1Int                     
00001519  halUsciB1Transmit              
0000163d  GPIOPadConfigGet               
000016e1  __aeabi_memcpy                 
000016e1  __aeabi_memcpy4                
000016e1  __aeabi_memcpy8                
000016e1  memcpy                         
0000177d  halPWMInit                     
000017fd  __aeabi_memclr                 
000017fd  __aeabi_memclr4                
000017fd  __aeabi_memclr8                
000017ff  __aeabi_memset                 
000017ff  __aeabi_memset4                
000017ff  __aeabi_memset8                
00001805  memset                         
00001877  _system_post_cinit             
00001879  __TI_auto_init                 
000018e9  IntEnable                      
00001951  __TI_decompress_lzss           
000019b9  GPIOIntTypeSet                 
00001a11  _c_int00                       
00001a65  C$$EXIT                        
00001a69  abort                          
00001a71  exit                           
00001ab9  SysCtlPeripheralReset          
00001b09  I2CMasterInitExpClk            
00001b55  copy_in                        
00001ba1  GPIOPinConfigure               
00001be9  UARTConfigSetExpClk            
00001cb5  SSIConfigSetExpClk             
00001cf1  SysCtlPeripheralReady          
00001d29  IntRegister                    
00001d5d  SysCtlPeripheralEnable         
00001d91  GPIODirModeSet                 
00001dbb  PWMGenConfigure                
00001ddd  UARTDisable                    
00001dfd  PWMPulseWidthSet               
00001e1b  hal_init                       
00001e37  GPIOIntRegister                
00001e4f  GPIOPinTypeGPIOOutput          
00001e67  PWMGenIntRegister              
00001e7f  UARTIntRegister                
00001e99  _args_main                     
00001eb1  SysCtlPWMClockSet              
00001ec5  UARTEnable                     
00001ed9  _register_unlock               
00001edf  _register_lock                 
00001ee7  _nop                           
00001eed  GPIOPinTypeGPIOInput           
00001eff  GPIOPinTypeI2C                 
00001f11  GPIOPinTypeI2CSCL              
00001f23  GPIOPinTypePWM                 
00001f35  GPIOPinTypeSSI                 
00001f47  GPIOPinTypeUART                
00001f59  PWMOutputState                 
00001f6b  PWMGenPeriodSet                
00001f7d  halSysClkInit                  
00001f8d  GPIOIntStatus                  
00001f9b  UARTCharPutNonBlocking         
00001fa9  UARTCharsAvail                 
00001fb7  __TI_decompress_none           
00001fc5  GPIOIntEnable                  
00001fd1  PWMGenDisable                  
00001fdd  PWMGenEnable                   
00001fe9  PWMGenIntStatus                
00001ff5  __TI_zero_init                 
00002001  ResetISR                       
0000200d  I2CMasterEnable                
00002017  PWMGenIntTrigEnable            
00002021  SSIDataPut                     
0000202b  SSIEnable                      
00002035  UARTCharGet                    
0000203f  UARTIntStatus                  
00002049  I2CMasterBusy                  
00002051  I2CMasterSlaveAddrSet          
00002059  PWMIntEnable                   
00002061  SSIBusy                        
00002069  UARTIntEnable                  
00002071  GPIOIntClear                   
00002077  GPIOPinWrite                   
0000207d  PWMGenIntClear                 
00002083  SysCtlDelay                    
00002089  UARTFIFOLevelSet               
0000208f  I2CMasterControl               
00002093  I2CMasterDataGet               
00002097  I2CMasterDataPut               
0000209b  UARTIntClear                   
0000209f  _system_pre_init               
000020a4  font_table                     
0000276c  __TI_Handler_Table_Base        
00002778  __TI_Handler_Table_Limit       
00002788  __TI_CINIT_Base                
000027a0  __TI_CINIT_Limit               
20000000  g_pfnRAMVectors                
2000026c  LCD_cmd_                       
20000471  uart_status_                   
20000676  switch_backlight_              
20000678  __stack                        
20000878  __STACK_END                    
20000878  __STACK_TOP                    
20000878  lcdDataArray_                  
200008f8  __TI_cleanup_ptr               
200008fc  __TI_dtors_ptr                 
20000900  __TI_enable_exit_profile_output
20000904  burst_finished_                
20000908  pwm_burst_cnt_                 
20000910  lcdInitCmd_                    
20000919  lcdPositionArray_              
2000091c  _lock                          
20000920  _unlock                        
20000924  Accel_reg_addr                 
2000092a  is_switch_active               
2000092c  main_func_sp                   
ffffffff  __TI_pprof_out_hndl            
ffffffff  __TI_prof_data_size            
ffffffff  __TI_prof_data_start           
ffffffff  __binit__                      
ffffffff  __c_args__                     
ffffffff  binit                          
UNDEFED   SHT$$INIT_ARRAY$$Base          
UNDEFED   SHT$$INIT_ARRAY$$Limit         

[162 symbols]
