******************************************************************************
                  TI ARM Linker PC v16.9.4                     
******************************************************************************
>> Linked Sat Aug 25 14:41:48 2018

OUTPUT FILE NAME:   <EM_1_TIVA_Git.out>
ENTRY POINT SYMBOL: "_c_int00"  address: 00001f61


MEMORY CONFIGURATION

         name            origin    length      used     unused   attr    fill
----------------------  --------  ---------  --------  --------  ----  --------
  FLASH                 00000000   00040000  00002d12  0003d2ee  R  X
  SRAM                  20000000   00008000  0000093b  000076c5  RW X


SEGMENT ALLOCATION MAP

run origin  load origin   length   init length attrs members
----------  ----------- ---------- ----------- ----- -------
00000000    00000000    00002d18   00002d18    r-x
  00000000    00000000    0000026c   0000026c    r-- .intvecs
  0000026c    0000026c    00002386   00002386    r-x .text
  000025f4    000025f4    000006b0   000006b0    r-- .const
  00002ca8    00002ca8    00000070   00000070    r-- .cinit
20000000    20000000    0000093c   00000000    rw-
  20000000    20000000    0000026c   00000000    rw- .vtable
  2000026c    2000026c    0000040b   00000000    rw- .bss
  20000678    20000678    00000200   00000000    rw- .stack
  20000878    20000878    000000c4   00000000    rw- .data


SECTION ALLOCATION MAP

 output                                  attributes/
section   page    origin      length       input sections
--------  ----  ----------  ----------   ----------------
.intvecs   0    00000000    0000026c     
                  00000000    0000026c     tm4c123gh6pm_startup_ccs.obj (.intvecs)

.text      0    0000026c    00002386     
                  0000026c    000004ac     hal_mpu_9250.obj (.text)
                  00000718    0000045c     dl_LCD.obj (.text)
                  00000b74    00000380     dl_mpu.obj (.text)
                  00000ef4    00000244     hal_i2c.obj (.text)
                  00001138    000001e8     hal_uart1.obj (.text)
                  00001320    000001e4     hal_gpio.obj (.text)
                  00001504    00000132     driverlib.lib : gpio.obj (.text:GPIOPadConfigSet)
                  00001636    00000002     rtsv7M4_T_le_v4SPD16_eabi.lib : mpu_init.obj (.text)
                  00001638    00000130     hal_us.obj (.text)
                  00001768    00000110     driverlib.lib : sysctl.obj (.text:SysCtlClockGet)
                  00001878    000000f4                   : sysctl.obj (.text:SysCtlClockSet)
                  0000196c    000000ec     hal_ssi1.obj (.text)
                  00001a58    000000b0     driverlib.lib : pwm.obj (.text:_PWMGenIntNumberGet)
                  00001b08    000000a4                   : gpio.obj (.text:GPIOPadConfigGet)
                  00001bac    0000009c     rtsv7M4_T_le_v4SPD16_eabi.lib : memcpy_t2.obj (.text)
                  00001c48    00000084     main.obj (.text)
                  00001ccc    00000080     hal_pwm.obj (.text)
                  00001d4c    0000007a     rtsv7M4_T_le_v4SPD16_eabi.lib : memset_t2.obj (.text)
                  00001dc6    00000002                                   : startup.obj (.text)
                  00001dc8    00000070                                   : autoinit.obj (.text)
                  00001e38    00000068     driverlib.lib : interrupt.obj (.text:IntEnable)
                  00001ea0    00000068     rtsv7M4_T_le_v4SPD16_eabi.lib : copy_decompress_lzss.obj (.text:decompress:lzss)
                  00001f08    00000056     driverlib.lib : gpio.obj (.text:GPIOIntTypeSet)
                  00001f5e    00000002     --HOLE-- [fill = 0]
                  00001f60    00000054     rtsv7M4_T_le_v4SPD16_eabi.lib : boot.obj (.text)
                  00001fb4    00000054                                   : exit.obj (.text)
                  00002008    00000050     driverlib.lib : sysctl.obj (.text:SysCtlPeripheralReset)
                  00002058    0000004c                   : i2c.obj (.text:I2CMasterInitExpClk)
                  000020a4    0000004c     rtsv7M4_T_le_v4SPD16_eabi.lib : cpy_tbl.obj (.text)
                  000020f0    00000048     driverlib.lib : gpio.obj (.text:GPIOPinConfigure)
                  00002138    00000046                   : uart.obj (.text:UARTConfigSetExpClk)
                  0000217e    00000002     --HOLE-- [fill = 0]
                  00002180    00000044                   : gpio.obj (.text:_GPIOIntNumberGet)
                  000021c4    00000040                   : uart.obj (.text:_UARTIntNumberGet)
                  00002204    0000003c                   : ssi.obj (.text:SSIConfigSetExpClk)
                  00002240    00000038                   : sysctl.obj (.text:SysCtlPeripheralReady)
                  00002278    00000034                   : interrupt.obj (.text:IntRegister)
                  000022ac    00000034                   : sysctl.obj (.text:SysCtlPeripheralEnable)
                  000022e0    0000002a                   : gpio.obj (.text:GPIODirModeSet)
                  0000230a    00000022                   : pwm.obj (.text:PWMGenConfigure)
                  0000232c    00000020                   : uart.obj (.text:UARTDisable)
                  0000234c    0000001e                   : pwm.obj (.text:PWMPulseWidthSet)
                  0000236a    0000001c     hal_init.obj (.text)
                  00002386    00000018     driverlib.lib : gpio.obj (.text:GPIOIntRegister)
                  0000239e    00000018                   : gpio.obj (.text:GPIOPinTypeGPIOOutput)
                  000023b6    00000018                   : pwm.obj (.text:PWMGenIntRegister)
                  000023ce    00000018                   : uart.obj (.text:UARTIntRegister)
                  000023e6    00000002     --HOLE-- [fill = 0]
                  000023e8    00000018     rtsv7M4_T_le_v4SPD16_eabi.lib : args_main.obj (.text)
                  00002400    00000014     driverlib.lib : sysctl.obj (.text:SysCtlPWMClockSet)
                  00002414    00000014                   : uart.obj (.text:UARTEnable)
                  00002428    00000014     rtsv7M4_T_le_v4SPD16_eabi.lib : _lock.obj (.text)
                  0000243c    00000012     driverlib.lib : gpio.obj (.text:GPIOPinTypeGPIOInput)
                  0000244e    00000012                   : gpio.obj (.text:GPIOPinTypeI2C)
                  00002460    00000012                   : gpio.obj (.text:GPIOPinTypeI2CSCL)
                  00002472    00000012                   : gpio.obj (.text:GPIOPinTypePWM)
                  00002484    00000012                   : gpio.obj (.text:GPIOPinTypeSSI)
                  00002496    00000012                   : gpio.obj (.text:GPIOPinTypeUART)
                  000024a8    00000012                   : pwm.obj (.text:PWMOutputState)
                  000024ba    00000010                   : pwm.obj (.text:PWMGenPeriodSet)
                  000024ca    00000002     --HOLE-- [fill = 0]
                  000024cc    00000010     hal_usc.obj (.text)
                  000024dc    0000000e     driverlib.lib : gpio.obj (.text:GPIOIntStatus)
                  000024ea    0000000e                   : uart.obj (.text:UARTCharPutNonBlocking)
                  000024f8    0000000e                   : uart.obj (.text:UARTCharsAvail)
                  00002506    0000000e     rtsv7M4_T_le_v4SPD16_eabi.lib : copy_decompress_none.obj (.text:decompress:none)
                  00002514    0000000c     driverlib.lib : gpio.obj (.text:GPIOIntEnable)
                  00002520    0000000c                   : pwm.obj (.text:PWMGenDisable)
                  0000252c    0000000c                   : pwm.obj (.text:PWMGenEnable)
                  00002538    0000000c                   : pwm.obj (.text:PWMGenIntStatus)
                  00002544    0000000c     rtsv7M4_T_le_v4SPD16_eabi.lib : copy_zero_init.obj (.text:decompress:ZI)
                  00002550    0000000c     tm4c123gh6pm_startup_ccs.obj (.text)
                  0000255c    0000000a     driverlib.lib : i2c.obj (.text:I2CMasterEnable)
                  00002566    0000000a                   : pwm.obj (.text:PWMGenIntTrigEnable)
                  00002570    0000000a                   : ssi.obj (.text:SSIDataPut)
                  0000257a    0000000a                   : ssi.obj (.text:SSIEnable)
                  00002584    0000000a                   : uart.obj (.text:UARTCharGet)
                  0000258e    0000000a                   : uart.obj (.text:UARTIntStatus)
                  00002598    00000008                   : i2c.obj (.text:I2CMasterBusy)
                  000025a0    00000008                   : i2c.obj (.text:I2CMasterSlaveAddrSet)
                  000025a8    00000008                   : pwm.obj (.text:PWMIntEnable)
                  000025b0    00000008                   : ssi.obj (.text:SSIBusy)
                  000025b8    00000008                   : uart.obj (.text:UARTIntEnable)
                  000025c0    00000006                   : gpio.obj (.text:GPIOIntClear)
                  000025c6    00000006                   : gpio.obj (.text:GPIOPinWrite)
                  000025cc    00000006                   : pwm.obj (.text:PWMGenIntClear)
                  000025d2    00000006                   : sysctl.obj (.text:SysCtlDelay)
                  000025d8    00000006                   : uart.obj (.text:UARTFIFOLevelSet)
                  000025de    00000004                   : i2c.obj (.text:I2CMasterControl)
                  000025e2    00000004                   : i2c.obj (.text:I2CMasterDataGet)
                  000025e6    00000004                   : i2c.obj (.text:I2CMasterDataPut)
                  000025ea    00000004                   : uart.obj (.text:UARTIntClear)
                  000025ee    00000004     rtsv7M4_T_le_v4SPD16_eabi.lib : pre_init.obj (.text)

.const     0    000025f4    000006b0     
                  000025f4    00000300     dl_LCD.obj (.const:font_table)
                  000028f4    000000d8     driverlib.lib : gpio.obj (.const:g_ppui32GPIOIntMapSnowflake)
                  000029cc    000000c0                   : gpio.obj (.const:g_ppui32GPIOIntMapBlizzard)
                  00002a8c    00000090                   : gpio.obj (.const:g_pui32GPIOBaseAddrs)
                  00002b1c    00000070                   : interrupt.obj (.const)
                  00002b8c    0000006c                   : sysctl.obj (.const:g_pui32Xtals)
                  00002bf8    00000040                   : uart.obj (.const:g_ppui32UARTIntMap)
                  00002c38    00000040                   : uart.obj (.const:g_ppui32UARTIntMapSnowflake)
                  00002c78    0000000c     dl_mpu.obj (.const:$P$T0$1)
                  00002c84    0000000c     dl_mpu.obj (.const:$P$T1$2)
                  00002c90    0000000c     dl_mpu.obj (.const:$P$T2$3)
                  00002c9c    00000002     hal_mpu_9250.obj (.const:.string:$P$T0$1)
                  00002c9e    00000002     hal_mpu_9250.obj (.const:.string:$P$T1$2)
                  00002ca0    00000002     hal_mpu_9250.obj (.const:.string:$P$T2$3)
                  00002ca2    00000002     hal_mpu_9250.obj (.const:.string:$P$T3$4)

.cinit     0    00002ca8    00000070     
                  00002ca8    0000003b     (.cinit..data.load) [load image, compression = lzss]
                  00002ce3    00000001     --HOLE-- [fill = 0]
                  00002ce4    0000000c     (__TI_handler_table)
                  00002cf0    00000008     (.cinit..bss.load) [load image, compression = zero_init]
                  00002cf8    00000008     (.cinit..vtable.load) [load image, compression = zero_init]
                  00002d00    00000018     (__TI_cinit_table)

.init_array 
*          0    00000000    00000000     UNINITIALIZED

.vtable    0    20000000    0000026c     UNINITIALIZED
                  20000000    0000026c     driverlib.lib : interrupt.obj (.vtable)

.bss       0    2000026c    0000040b     UNINITIALIZED
                  2000026c    00000205     (.common:LCD_cmd_)
                  20000471    00000205     (.common:uart_status_)
                  20000676    00000001     (.common:switch_backlight_)

.stack     0    20000678    00000200     UNINITIALIZED
                  20000678    00000200     --HOLE--

.data      0    20000878    000000c4     UNINITIALIZED
                  20000878    00000080     dl_LCD.obj (.data:lcdDataArray_)
                  200008f8    0000000c     rtsv7M4_T_le_v4SPD16_eabi.lib : exit.obj (.data:$O1$$)
                  20000904    0000000c     hal_us.obj (.data)
                  20000910    00000009     dl_LCD.obj (.data:lcdInitCmd_)
                  20000919    00000003     dl_LCD.obj (.data:lcdPositionArray_)
                  2000091c    00000008     rtsv7M4_T_le_v4SPD16_eabi.lib : _lock.obj (.data:$O1$$)
                  20000924    00000006     hal_mpu_9250.obj (.data:Accel_reg_addr)
                  2000092a    00000006     hal_mpu_9250.obj (.data:gyro_reg_addr)
                  20000930    00000006     hal_mpu_9250.obj (.data:magn_reg_addr)
                  20000936    00000001     hal_gpio.obj (.data)
                  20000937    00000001     hal_uart1.obj (.data)
                  20000938    00000004     rtsv7M4_T_le_v4SPD16_eabi.lib : stkdepth_vars.obj (.data)

MODULE SUMMARY

       Module                         code   ro data   rw data
       ------                         ----   -------   -------
    .\
       tm4c123gh6pm_startup_ccs.obj   12     620       0      
       main.obj                       132    0         0      
    +--+------------------------------+------+---------+---------+
       Total:                         144    620       0      
                                                              
    .\F_DL\
       dl_LCD.obj                     1116   768       657    
       dl_mpu.obj                     896    36        0      
    +--+------------------------------+------+---------+---------+
       Total:                         2012   804       657    
                                                              
    .\F_HAL\
       hal_mpu_9250.obj               1196   8         18     
       hal_uart1.obj                  488    0         519    
       hal_i2c.obj                    580    0         0      
       hal_gpio.obj                   484    0         1      
       hal_us.obj                     304    0         12     
       hal_ssi1.obj                   236    0         0      
       hal_pwm.obj                    128    0         0      
       hal_init.obj                   28     0         0      
       hal_usc.obj                    16     0         0      
    +--+------------------------------+------+---------+---------+
       Total:                         3460   8         550    
                                                              
    C:/ti/TivaWare_C_Series-2.1.4.178/driverlib/ccs/Debug/driverlib.lib
       gpio.obj                       932    552       0      
       interrupt.obj                  156    112       620    
       sysctl.obj                     730    108       0      
       uart.obj                       276    128       0      
       pwm.obj                        358    0         0      
       i2c.obj                        114    0         0      
       ssi.obj                        88     0         0      
    +--+------------------------------+------+---------+---------+
       Total:                         2654   900       620    
                                                              
    C:\ti\ccsv7\tools\compiler\ti-cgt-arm_16.9.4.LTS\lib\rtsv7M4_T_le_v4SPD16_eabi.lib
       memcpy_t2.obj                  156    0         0      
       memset_t2.obj                  122    0         0      
       autoinit.obj                   112    0         0      
       copy_decompress_lzss.obj       104    0         0      
       exit.obj                       84     0         12     
       boot.obj                       84     0         0      
       cpy_tbl.obj                    76     0         0      
       _lock.obj                      20     0         8      
       args_main.obj                  24     0         0      
       copy_decompress_none.obj       14     0         0      
       copy_zero_init.obj             12     0         0      
       pre_init.obj                   4      0         0      
       stkdepth_vars.obj              0      0         4      
       mpu_init.obj                   2      0         0      
       startup.obj                    2      0         0      
    +--+------------------------------+------+---------+---------+
       Total:                         816    0         24     
                                                              
       Stack:                         0      0         512    
       Linker Generated:              0      111       0      
    +--+------------------------------+------+---------+---------+
       Grand Total:                   9086   2443      2363   


LINKER GENERATED COPY TABLES

__TI_cinit_table @ 00002d00 records: 3, size/record: 8, table size: 24
	.data: load addr=00002ca8, load size=0000003b bytes, run addr=20000878, run size=000000c4 bytes, compression=lzss
	.bss: load addr=00002cf0, load size=00000008 bytes, run addr=2000026c, run size=0000040b bytes, compression=zero_init
	.vtable: load addr=00002cf8, load size=00000008 bytes, run addr=20000000, run size=0000026c bytes, compression=zero_init


LINKER GENERATED HANDLER TABLE

__TI_handler_table @ 00002ce4 records: 3, size/record: 4, table size: 12
	index: 0, handler: __TI_zero_init
	index: 1, handler: __TI_decompress_lzss
	index: 2, handler: __TI_decompress_none


GLOBAL SYMBOLS: SORTED ALPHABETICALLY BY Name 

address   name                           
-------   ----                           
20000924  Accel_reg_addr                 
00001fb5  C$$EXIT                        
000022e1  GPIODirModeSet                 
000025c1  GPIOIntClear                   
00002515  GPIOIntEnable                  
00002387  GPIOIntRegister                
000024dd  GPIOIntStatus                  
00001f09  GPIOIntTypeSet                 
00001b09  GPIOPadConfigGet               
00001505  GPIOPadConfigSet               
000020f1  GPIOPinConfigure               
0000243d  GPIOPinTypeGPIOInput           
0000239f  GPIOPinTypeGPIOOutput          
0000244f  GPIOPinTypeI2C                 
00002461  GPIOPinTypeI2CSCL              
00002473  GPIOPinTypePWM                 
00002485  GPIOPinTypeSSI                 
00002497  GPIOPinTypeUART                
000025c7  GPIOPinWrite                   
00002599  I2CMasterBusy                  
000025df  I2CMasterControl               
000025e3  I2CMasterDataGet               
000025e7  I2CMasterDataPut               
0000255d  I2CMasterEnable                
00002059  I2CMasterInitExpClk            
000025a1  I2CMasterSlaveAddrSet          
00001069  I2CReceiveBurst                
00001011  I2CReceiveSingle               
00000f73  I2cSendBurst                   
00000f3f  I2cSendByte                    
00001e39  IntEnable                      
00002279  IntRegister                    
2000026c  LCD_cmd_                       
000016f5  PWM0_Int_handler               
0000230b  PWMGenConfigure                
00002521  PWMGenDisable                  
0000252d  PWMGenEnable                   
000025cd  PWMGenIntClear                 
000023b7  PWMGenIntRegister              
00002539  PWMGenIntStatus                
00002567  PWMGenIntTrigEnable            
000024bb  PWMGenPeriodSet                
000025a9  PWMIntEnable                   
000024a9  PWMOutputState                 
0000234d  PWMPulseWidthSet               
00002551  ResetISR                       
UNDEFED   SHT$$INIT_ARRAY$$Base          
UNDEFED   SHT$$INIT_ARRAY$$Limit         
000025b1  SSIBusy                        
00002205  SSIConfigSetExpClk             
00002571  SSIDataPut                     
0000257b  SSIEnable                      
00001769  SysCtlClockGet                 
00001879  SysCtlClockSet                 
000025d3  SysCtlDelay                    
00002401  SysCtlPWMClockSet              
000022ad  SysCtlPeripheralEnable         
00002241  SysCtlPeripheralReady          
00002009  SysCtlPeripheralReset          
00002585  UARTCharGet                    
000024eb  UARTCharPutNonBlocking         
000024f9  UARTCharsAvail                 
00002139  UARTConfigSetExpClk            
0000232d  UARTDisable                    
00002415  UARTEnable                     
000025d9  UARTFIFOLevelSet               
000025eb  UARTIntClear                   
000025b9  UARTIntEnable                  
000023cf  UARTIntRegister                
0000258f  UARTIntStatus                  
20000878  __STACK_END                    
00000200  __STACK_SIZE                   
20000878  __STACK_TOP                    
00002d00  __TI_CINIT_Base                
00002d18  __TI_CINIT_Limit               
00002ce4  __TI_Handler_Table_Base        
00002cf0  __TI_Handler_Table_Limit       
00001dc9  __TI_auto_init                 
200008f8  __TI_cleanup_ptr               
00001ea1  __TI_decompress_lzss           
00002507  __TI_decompress_none           
200008fc  __TI_dtors_ptr                 
20000900  __TI_enable_exit_profile_output
ffffffff  __TI_pprof_out_hndl            
ffffffff  __TI_prof_data_size            
ffffffff  __TI_prof_data_start           
00000000  __TI_static_base__             
00002545  __TI_zero_init                 
00001d4d  __aeabi_memclr                 
00001d4d  __aeabi_memclr4                
00001d4d  __aeabi_memclr8                
00001bad  __aeabi_memcpy                 
00001bad  __aeabi_memcpy4                
00001bad  __aeabi_memcpy8                
00001d4f  __aeabi_memset                 
00001d4f  __aeabi_memset4                
00001d4f  __aeabi_memset8                
ffffffff  __binit__                      
ffffffff  __c_args__                     
00001637  __mpu_init                     
20000678  __stack                        
000023e9  _args_main                     
00001f61  _c_int00                       
2000091c  _lock                          
00002437  _nop                           
0000242f  _register_lock                 
00002429  _register_unlock               
00001dc7  _system_post_cinit             
000025ef  _system_pre_init               
20000920  _unlock                        
00001fb9  abort                          
ffffffff  binit                          
20000904  burst_finished_                
0000133d  configPort_A                   
00001371  configPort_B                   
000013ed  configPort_C                   
00001401  configPort_D                   
00001439  configPort_E                   
00001455  configPort_F                   
000020a5  copy_in                        
000007c5  dlLcdClear                     
00000783  dlLcdInit                      
00000837  dlLcdSetPosition               
00000719  dlLcdWriteCommand              
00000877  dlLcdWriteData                 
000008e9  dlLcdWriteText                 
00000a39  dlLcdWriteUInt                 
00000b75  dlShowAccData                  
00000ce7  dlShowGyrData                  
00000e59  dlShowMagData                  
00001fc1  exit                           
0000149f  extIntFHandler                 
000025f4  font_table                     
20000000  g_pfnRAMVectors                
00000000  g_pfnVectors                   
2000092a  gyro_reg_addr                  
000002bf  halAccInit                     
00000421  halCtlRead_Mag                 
000003a7  halCtlWrite_Mag                
0000042f  halGetAccData                  
0000050d  halGetGyrData                  
000005ed  halGetMagData                  
0000121f  halGetUart1Data                
00001321  halGpioInit                    
00000301  halGyrInit                     
00000ef5  halI2cInit                     
000016e7  halIsBurstFinished             
00000343  halMagInit                     
0000026d  halMpuInit                     
00000293  halMpuReset                    
00001ccd  halPWMInit                     
000016ed  halResetBurstIndicator         
000011b1  halSendUart1Data               
0000196d  halSsi1Int                     
000016cf  halStartBurstModeUS            
0000038b  halStatus1_Mag                 
00000399  halStatus2_Mag                 
000024cd  halSysClkInit                  
00001139  halUart1Init                   
00001639  halUsInit                      
000019e5  halUsciB1Transmit              
000002b1  halWhoAmI                      
0000037d  halWhoAmI_Mag                  
0000236b  hal_init                       
20000936  is_switch_active               
20000878  lcdDataArray_                  
20000910  lcdInitCmd_                    
20000919  lcdPositionArray_              
20000930  magn_reg_addr                  
00001c49  main                           
20000938  main_func_sp                   
00001bad  memcpy                         
00001d55  memset                         
20000908  pwm_burst_cnt_                 
20000676  switch_backlight_              
20000471  uart_status_                   


GLOBAL SYMBOLS: SORTED BY Symbol Address 

address   name                           
-------   ----                           
00000000  __TI_static_base__             
00000000  g_pfnVectors                   
00000200  __STACK_SIZE                   
0000026d  halMpuInit                     
00000293  halMpuReset                    
000002b1  halWhoAmI                      
000002bf  halAccInit                     
00000301  halGyrInit                     
00000343  halMagInit                     
0000037d  halWhoAmI_Mag                  
0000038b  halStatus1_Mag                 
00000399  halStatus2_Mag                 
000003a7  halCtlWrite_Mag                
00000421  halCtlRead_Mag                 
0000042f  halGetAccData                  
0000050d  halGetGyrData                  
000005ed  halGetMagData                  
00000719  dlLcdWriteCommand              
00000783  dlLcdInit                      
000007c5  dlLcdClear                     
00000837  dlLcdSetPosition               
00000877  dlLcdWriteData                 
000008e9  dlLcdWriteText                 
00000a39  dlLcdWriteUInt                 
00000b75  dlShowAccData                  
00000ce7  dlShowGyrData                  
00000e59  dlShowMagData                  
00000ef5  halI2cInit                     
00000f3f  I2cSendByte                    
00000f73  I2cSendBurst                   
00001011  I2CReceiveSingle               
00001069  I2CReceiveBurst                
00001139  halUart1Init                   
000011b1  halSendUart1Data               
0000121f  halGetUart1Data                
00001321  halGpioInit                    
0000133d  configPort_A                   
00001371  configPort_B                   
000013ed  configPort_C                   
00001401  configPort_D                   
00001439  configPort_E                   
00001455  configPort_F                   
0000149f  extIntFHandler                 
00001505  GPIOPadConfigSet               
00001637  __mpu_init                     
00001639  halUsInit                      
000016cf  halStartBurstModeUS            
000016e7  halIsBurstFinished             
000016ed  halResetBurstIndicator         
000016f5  PWM0_Int_handler               
00001769  SysCtlClockGet                 
00001879  SysCtlClockSet                 
0000196d  halSsi1Int                     
000019e5  halUsciB1Transmit              
00001b09  GPIOPadConfigGet               
00001bad  __aeabi_memcpy                 
00001bad  __aeabi_memcpy4                
00001bad  __aeabi_memcpy8                
00001bad  memcpy                         
00001c49  main                           
00001ccd  halPWMInit                     
00001d4d  __aeabi_memclr                 
00001d4d  __aeabi_memclr4                
00001d4d  __aeabi_memclr8                
00001d4f  __aeabi_memset                 
00001d4f  __aeabi_memset4                
00001d4f  __aeabi_memset8                
00001d55  memset                         
00001dc7  _system_post_cinit             
00001dc9  __TI_auto_init                 
00001e39  IntEnable                      
00001ea1  __TI_decompress_lzss           
00001f09  GPIOIntTypeSet                 
00001f61  _c_int00                       
00001fb5  C$$EXIT                        
00001fb9  abort                          
00001fc1  exit                           
00002009  SysCtlPeripheralReset          
00002059  I2CMasterInitExpClk            
000020a5  copy_in                        
000020f1  GPIOPinConfigure               
00002139  UARTConfigSetExpClk            
00002205  SSIConfigSetExpClk             
00002241  SysCtlPeripheralReady          
00002279  IntRegister                    
000022ad  SysCtlPeripheralEnable         
000022e1  GPIODirModeSet                 
0000230b  PWMGenConfigure                
0000232d  UARTDisable                    
0000234d  PWMPulseWidthSet               
0000236b  hal_init                       
00002387  GPIOIntRegister                
0000239f  GPIOPinTypeGPIOOutput          
000023b7  PWMGenIntRegister              
000023cf  UARTIntRegister                
000023e9  _args_main                     
00002401  SysCtlPWMClockSet              
00002415  UARTEnable                     
00002429  _register_unlock               
0000242f  _register_lock                 
00002437  _nop                           
0000243d  GPIOPinTypeGPIOInput           
0000244f  GPIOPinTypeI2C                 
00002461  GPIOPinTypeI2CSCL              
00002473  GPIOPinTypePWM                 
00002485  GPIOPinTypeSSI                 
00002497  GPIOPinTypeUART                
000024a9  PWMOutputState                 
000024bb  PWMGenPeriodSet                
000024cd  halSysClkInit                  
000024dd  GPIOIntStatus                  
000024eb  UARTCharPutNonBlocking         
000024f9  UARTCharsAvail                 
00002507  __TI_decompress_none           
00002515  GPIOIntEnable                  
00002521  PWMGenDisable                  
0000252d  PWMGenEnable                   
00002539  PWMGenIntStatus                
00002545  __TI_zero_init                 
00002551  ResetISR                       
0000255d  I2CMasterEnable                
00002567  PWMGenIntTrigEnable            
00002571  SSIDataPut                     
0000257b  SSIEnable                      
00002585  UARTCharGet                    
0000258f  UARTIntStatus                  
00002599  I2CMasterBusy                  
000025a1  I2CMasterSlaveAddrSet          
000025a9  PWMIntEnable                   
000025b1  SSIBusy                        
000025b9  UARTIntEnable                  
000025c1  GPIOIntClear                   
000025c7  GPIOPinWrite                   
000025cd  PWMGenIntClear                 
000025d3  SysCtlDelay                    
000025d9  UARTFIFOLevelSet               
000025df  I2CMasterControl               
000025e3  I2CMasterDataGet               
000025e7  I2CMasterDataPut               
000025eb  UARTIntClear                   
000025ef  _system_pre_init               
000025f4  font_table                     
00002ce4  __TI_Handler_Table_Base        
00002cf0  __TI_Handler_Table_Limit       
00002d00  __TI_CINIT_Base                
00002d18  __TI_CINIT_Limit               
20000000  g_pfnRAMVectors                
2000026c  LCD_cmd_                       
20000471  uart_status_                   
20000676  switch_backlight_              
20000678  __stack                        
20000878  __STACK_END                    
20000878  __STACK_TOP                    
20000878  lcdDataArray_                  
200008f8  __TI_cleanup_ptr               
200008fc  __TI_dtors_ptr                 
20000900  __TI_enable_exit_profile_output
20000904  burst_finished_                
20000908  pwm_burst_cnt_                 
20000910  lcdInitCmd_                    
20000919  lcdPositionArray_              
2000091c  _lock                          
20000920  _unlock                        
20000924  Accel_reg_addr                 
2000092a  gyro_reg_addr                  
20000930  magn_reg_addr                  
20000936  is_switch_active               
20000938  main_func_sp                   
ffffffff  __TI_pprof_out_hndl            
ffffffff  __TI_prof_data_size            
ffffffff  __TI_prof_data_start           
ffffffff  __binit__                      
ffffffff  __c_args__                     
ffffffff  binit                          
UNDEFED   SHT$$INIT_ARRAY$$Base          
UNDEFED   SHT$$INIT_ARRAY$$Limit         

[176 symbols]
