******************************************************************************
                  TI ARM Linker PC v16.9.4                     
******************************************************************************
>> Linked Fri Aug 17 20:47:00 2018

OUTPUT FILE NAME:   <EM_1_TIVA_Git.out>
ENTRY POINT SYMBOL: "_c_int00"  address: 000024c1


MEMORY CONFIGURATION

         name            origin    length      used     unused   attr    fill
----------------------  --------  ---------  --------  --------  ----  --------
  FLASH                 00000000   00040000  00003418  0003cbe8  R  X
  SRAM                  20000000   00008000  000009c1  0000763f  RW X


SEGMENT ALLOCATION MAP

run origin  load origin   length   init length attrs members
----------  ----------- ---------- ----------- ----- -------
00000000    00000000    00003420   00003420    r-x
  00000000    00000000    0000026c   0000026c    r-- .intvecs
  0000026c    0000026c    00002a06   00002a06    r-x .text
  00002c74    00002c74    0000074e   0000074e    r-- .const
  000033c8    000033c8    00000058   00000058    r-- .cinit
20000000    20000000    000009c4   00000000    rw-
  20000000    20000000    0000026c   00000000    rw- .vtable
  2000026c    2000026c    000004a5   00000000    rw- .bss
  20000714    20000714    00000200   00000000    rw- .stack
  20000914    20000914    000000b0   00000000    rw- .data


SECTION ALLOCATION MAP

 output                                  attributes/
section   page    origin      length       input sections
--------  ----  ----------  ----------   ----------------
.intvecs   0    00000000    0000026c     
                  00000000    0000026c     tm4c123gh6pm_startup_ccs.obj (.intvecs)

.text      0    0000026c    00002a06     
                  0000026c    0000045c     dl_LCD.obj (.text)
                  000006c8    00000324     hal_timer2.obj (.text)
                  000009ec    0000031c     dl_RF_Module.obj (.text)
                  00000d08    00000280     main.obj (.text)
                  00000f88    00000214     hal_gpio.obj (.text)
                  0000119c    0000020c     hal_us.obj (.text)
                  000013a8    000001e8     hal_uart1.obj (.text)
                  00001590    000001a8     dl_general.obj (.text)
                  00001738    00000136     rtsv7M4_T_le_v4SPD16_eabi.lib : fd_div_t2.obj (.text)
                  0000186e    00000132     driverlib.lib : gpio.obj (.text:GPIOPadConfigSet)
                  000019a0    00000110                   : sysctl.obj (.text:SysCtlClockGet)
                  00001ab0    000000fc     rtsv7M4_T_le_v4SPD16_eabi.lib : fd_mul_t2.obj (.text)
                  00001bac    000000f4     driverlib.lib : sysctl.obj (.text:SysCtlClockSet)
                  00001ca0    000000ec     hal_ssi1.obj (.text)
                  00001d8c    000000d0     hal_adc.obj (.text)
                  00001e5c    000000b0     driverlib.lib : pwm.obj (.text:_PWMGenIntNumberGet)
                  00001f0c    000000a4                   : gpio.obj (.text:GPIOPadConfigGet)
                  00001fb0    000000a0     dl_us.obj (.text)
                  00002050    0000009c     rtsv7M4_T_le_v4SPD16_eabi.lib : memcpy_t2.obj (.text)
                  000020ec    00000080     hal_pwm.obj (.text)
                  0000216c    0000007a     driverlib.lib : adc.obj (.text:ADCSequenceStepConfigure)
                  000021e6    0000007a     rtsv7M4_T_le_v4SPD16_eabi.lib : memset_t2.obj (.text)
                  00002260    00000070                                   : autoinit.obj (.text)
                  000022d0    00000068     driverlib.lib : interrupt.obj (.text:IntDisable)
                  00002338    00000068                   : interrupt.obj (.text:IntEnable)
                  000023a0    00000068     rtsv7M4_T_le_v4SPD16_eabi.lib : copy_decompress_lzss.obj (.text:decompress:lzss)
                  00002408    00000060     driverlib.lib : timer.obj (.text:TimerConfigure)
                  00002468    00000056                   : gpio.obj (.text:GPIOIntTypeSet)
                  000024be    00000002     rtsv7M4_T_le_v4SPD16_eabi.lib : mpu_init.obj (.text)
                  000024c0    00000054                                   : boot.obj (.text)
                  00002514    00000054                                   : exit.obj (.text)
                  00002568    00000050     driverlib.lib : adc.obj (.text:ADCSequenceConfigure)
                  000025b8    0000004c                   : timer.obj (.text:_TimerIntNumberGet)
                  00002604    0000004c     rtsv7M4_T_le_v4SPD16_eabi.lib : cpy_tbl.obj (.text)
                  00002650    00000048     driverlib.lib : gpio.obj (.text:GPIOPinConfigure)
                  00002698    00000046                   : uart.obj (.text:UARTConfigSetExpClk)
                  000026de    00000002     rtsv7M4_T_le_v4SPD16_eabi.lib : startup.obj (.text)
                  000026e0    00000044     driverlib.lib : gpio.obj (.text:_GPIOIntNumberGet)
                  00002724    00000044     rtsv7M4_T_le_v4SPD16_eabi.lib : fd_tou_t2.obj (.text)
                  00002768    00000040     driverlib.lib : uart.obj (.text:_UARTIntNumberGet)
                  000027a8    0000003c                   : ssi.obj (.text:SSIConfigSetExpClk)
                  000027e4    00000038                   : sysctl.obj (.text:SysCtlPeripheralReady)
                  0000281c    00000034                   : interrupt.obj (.text:IntRegister)
                  00002850    00000034                   : sysctl.obj (.text:SysCtlPeripheralEnable)
                  00002884    0000002a                   : gpio.obj (.text:GPIODirModeSet)
                  000028ae    00000022                   : pwm.obj (.text:PWMGenConfigure)
                  000028d0    00000020                   : uart.obj (.text:UARTDisable)
                  000028f0    00000020     rtsv7M4_T_le_v4SPD16_eabi.lib : u_tofd_t2.obj (.text)
                  00002910    0000001e     driverlib.lib : adc.obj (.text:ADCSequenceDataGet)
                  0000292e    0000001e                   : pwm.obj (.text:PWMPulseWidthSet)
                  0000294c    0000001c     hal_init.obj (.text)
                  00002968    00000018     driverlib.lib : adc.obj (.text:ADCProcessorTrigger)
                  00002980    00000018                   : gpio.obj (.text:GPIOIntRegister)
                  00002998    00000018                   : gpio.obj (.text:GPIOPinTypeGPIOOutput)
                  000029b0    00000018                   : pwm.obj (.text:PWMGenIntRegister)
                  000029c8    00000018                   : timer.obj (.text:TimerDisable)
                  000029e0    00000018                   : timer.obj (.text:TimerIntRegister)
                  000029f8    00000018                   : uart.obj (.text:UARTIntRegister)
                  00002a10    00000018     hal_usc.obj (.text)
                  00002a28    00000018     rtsv7M4_T_le_v4SPD16_eabi.lib : args_main.obj (.text)
                  00002a40    00000014     driverlib.lib : sysctl.obj (.text:SysCtlPWMClockSet)
                  00002a54    00000014                   : uart.obj (.text:UARTEnable)
                  00002a68    00000014     rtsv7M4_T_le_v4SPD16_eabi.lib : _lock.obj (.text)
                  00002a7c    00000012     driverlib.lib : gpio.obj (.text:GPIOPinTypeADC)
                  00002a8e    00000012                   : gpio.obj (.text:GPIOPinTypeGPIOInput)
                  00002aa0    00000012                   : gpio.obj (.text:GPIOPinTypePWM)
                  00002ab2    00000012                   : gpio.obj (.text:GPIOPinTypeSSI)
                  00002ac4    00000012                   : gpio.obj (.text:GPIOPinTypeUART)
                  00002ad6    00000012                   : pwm.obj (.text:PWMOutputState)
                  00002ae8    00000012                   : timer.obj (.text:TimerLoadSet)
                  00002afa    00000010                   : pwm.obj (.text:PWMGenPeriodSet)
                  00002b0a    0000000e                   : adc.obj (.text:ADCSequenceEnable)
                  00002b18    0000000e                   : gpio.obj (.text:GPIOIntDisable)
                  00002b26    0000000e                   : gpio.obj (.text:GPIOIntStatus)
                  00002b34    0000000e                   : timer.obj (.text:TimerEnable)
                  00002b42    0000000e                   : uart.obj (.text:UARTCharPutNonBlocking)
                  00002b50    0000000e                   : uart.obj (.text:UARTCharsAvail)
                  00002b5e    0000000e     rtsv7M4_T_le_v4SPD16_eabi.lib : copy_decompress_none.obj (.text:decompress:none)
                  00002b6c    0000000c     driverlib.lib : adc.obj (.text:ADCReferenceSet)
                  00002b78    0000000c                   : gpio.obj (.text:GPIOIntEnable)
                  00002b84    0000000c                   : pwm.obj (.text:PWMGenDisable)
                  00002b90    0000000c                   : pwm.obj (.text:PWMGenEnable)
                  00002b9c    0000000c                   : pwm.obj (.text:PWMGenIntStatus)
                  00002ba8    0000000c     rtsv7M4_T_le_v4SPD16_eabi.lib : copy_zero_init.obj (.text:decompress:ZI)
                  00002bb4    0000000c     tm4c123gh6pm_startup_ccs.obj (.text)
                  00002bc0    0000000a     driverlib.lib : adc.obj (.text:ADCIntClear)
                  00002bca    0000000a                   : pwm.obj (.text:PWMGenIntTrigEnable)
                  00002bd4    0000000a                   : pwm.obj (.text:PWMIntDisable)
                  00002bde    0000000a                   : ssi.obj (.text:SSIDataPut)
                  00002be8    0000000a                   : ssi.obj (.text:SSIEnable)
                  00002bf2    0000000a                   : timer.obj (.text:TimerIntDisable)
                  00002bfc    0000000a                   : timer.obj (.text:TimerIntStatus)
                  00002c06    0000000a                   : uart.obj (.text:UARTCharGet)
                  00002c10    0000000a                   : uart.obj (.text:UARTIntStatus)
                  00002c1a    00000008                   : pwm.obj (.text:PWMIntEnable)
                  00002c22    00000008                   : ssi.obj (.text:SSIBusy)
                  00002c2a    00000008                   : timer.obj (.text:TimerIntEnable)
                  00002c32    00000008                   : uart.obj (.text:UARTBusy)
                  00002c3a    00000008                   : uart.obj (.text:UARTIntEnable)
                  00002c42    00000006                   : gpio.obj (.text:GPIOIntClear)
                  00002c48    00000006                   : gpio.obj (.text:GPIOPinWrite)
                  00002c4e    00000006                   : pwm.obj (.text:PWMGenIntClear)
                  00002c54    00000006                   : sysctl.obj (.text:SysCtlDelay)
                  00002c5a    00000006                   : timer.obj (.text:TimerClockSourceSet)
                  00002c60    00000006                   : uart.obj (.text:UARTFIFOLevelSet)
                  00002c66    00000004                   : timer.obj (.text:TimerIntClear)
                  00002c6a    00000004                   : uart.obj (.text:UARTIntClear)
                  00002c6e    00000004     rtsv7M4_T_le_v4SPD16_eabi.lib : pre_init.obj (.text)

.const     0    00002c74    0000074e     
                  00002c74    00000300     dl_LCD.obj (.const:font_table)
                  00002f74    000000d8     driverlib.lib : gpio.obj (.const:g_ppui32GPIOIntMapSnowflake)
                  0000304c    000000c0                   : gpio.obj (.const:g_ppui32GPIOIntMapBlizzard)
                  0000310c    00000090                   : gpio.obj (.const:g_pui32GPIOBaseAddrs)
                  0000319c    00000070                   : interrupt.obj (.const)
                  0000320c    0000006c                   : sysctl.obj (.const:g_pui32Xtals)
                  00003278    00000060                   : timer.obj (.const:g_ppui32TimerIntMap)
                  000032d8    00000040                   : timer.obj (.const:g_ppui32TimerIntMapSnowflake)
                  00003318    00000040                   : uart.obj (.const:g_ppui32UARTIntMap)
                  00003358    00000040                   : uart.obj (.const:g_ppui32UARTIntMapSnowflake)
                  00003398    00000013     main.obj (.const:.string:$P$T0$1)
                  000033ab    0000000a     main.obj (.const:.string:$P$T1$2)
                  000033b5    00000004     dl_RF_Module.obj (.const:.string:$P$T2$3)
                  000033b9    00000003     dl_RF_Module.obj (.const:.string:$P$T0$1)
                  000033bc    00000003     dl_RF_Module.obj (.const:.string:$P$T1$2)
                  000033bf    00000003     dl_RF_Module.obj (.const:.string:$P$T3$4)

.cinit     0    000033c8    00000058     
                  000033c8    00000021     (.cinit..data.load) [load image, compression = lzss]
                  000033e9    00000003     --HOLE-- [fill = 0]
                  000033ec    0000000c     (__TI_handler_table)
                  000033f8    00000008     (.cinit..bss.load) [load image, compression = zero_init]
                  00003400    00000008     (.cinit..vtable.load) [load image, compression = zero_init]
                  00003408    00000018     (__TI_cinit_table)

.init_array 
*          0    00000000    00000000     UNINITIALIZED

.vtable    0    20000000    0000026c     UNINITIALIZED
                  20000000    0000026c     driverlib.lib : interrupt.obj (.vtable)

.bss       0    2000026c    000004a5     UNINITIALIZED
                  2000026c    00000205     (.common:LCD_cmd_)
                  20000471    00000205     (.common:uart_status_)
                  20000676    00000002     dl_general.obj (.bss)
                  20000678    00000098     (.common:sensor_data_)
                  20000710    00000001     (.common:switch_backlight_)

.stack     0    20000714    00000200     UNINITIALIZED
                  20000714    00000200     --HOLE--

.data      0    20000914    000000b0     UNINITIALIZED
                  20000914    00000080     dl_LCD.obj (.data:lcdDataArray_)
                  20000994    0000000c     rtsv7M4_T_le_v4SPD16_eabi.lib : exit.obj (.data:$O1$$)
                  200009a0    00000009     dl_LCD.obj (.data:lcdInitCmd_)
                  200009a9    00000003     dl_LCD.obj (.data:lcdPositionArray_)
                  200009ac    00000008     rtsv7M4_T_le_v4SPD16_eabi.lib : _lock.obj (.data:$O1$$)
                  200009b4    00000006     hal_us.obj (.data)
                  200009ba    00000004     hal_timer2.obj (.data)
                  200009be    00000001     hal_gpio.obj (.data)
                  200009bf    00000001     hal_uart1.obj (.data)
                  200009c0    00000004     rtsv7M4_T_le_v4SPD16_eabi.lib : stkdepth_vars.obj (.data)

MODULE SUMMARY

       Module                         code    ro data   rw data
       ------                         ----    -------   -------
    .\
       main.obj                       640     29        0      
       tm4c123gh6pm_startup_ccs.obj   12      620       0      
    +--+------------------------------+-------+---------+---------+
       Total:                         652     649       0      
                                                               
    .\F_DL\
       dl_LCD.obj                     1116    768       657    
       dl_RF_Module.obj               796     13        0      
       dl_general.obj                 424     0         154    
       dl_us.obj                      160     0         0      
    +--+------------------------------+-------+---------+---------+
       Total:                         2496    781       811    
                                                               
    .\F_HAL\
       hal_uart1.obj                  488     0         519    
       hal_timer2.obj                 804     0         4      
       hal_gpio.obj                   532     0         1      
       hal_us.obj                     524     0         6      
       hal_ssi1.obj                   236     0         0      
       hal_adc.obj                    208     0         0      
       hal_pwm.obj                    128     0         0      
       hal_init.obj                   28      0         0      
       hal_usc.obj                    24      0         0      
    +--+------------------------------+-------+---------+---------+
       Total:                         2972    0         530    
                                                               
    D:/FH Joanneum/ECE16/Semester4/EM/TivaWare/driverlib/ccs/Debug/driverlib.lib
       gpio.obj                       928     552       0      
       interrupt.obj                  260     112       620    
       sysctl.obj                     650     108       0      
       timer.obj                      290     160       0      
       uart.obj                       284     128       0      
       pwm.obj                        368     0         0      
       adc.obj                        292     0         0      
       ssi.obj                        88      0         0      
    +--+------------------------------+-------+---------+---------+
       Total:                         3160    1060      620    
                                                               
    D:\Programs\TI_CodeComp\ccsv7\tools\compiler\ti-cgt-arm_16.9.4.LTS\lib\rtsv7M4_T_le_v4SPD16_eabi.lib
       fd_div_t2.obj                  310     0         0      
       fd_mul_t2.obj                  252     0         0      
       memcpy_t2.obj                  156     0         0      
       memset_t2.obj                  122     0         0      
       autoinit.obj                   112     0         0      
       copy_decompress_lzss.obj       104     0         0      
       exit.obj                       84      0         12     
       boot.obj                       84      0         0      
       cpy_tbl.obj                    76      0         0      
       fd_tou_t2.obj                  68      0         0      
       u_tofd_t2.obj                  32      0         0      
       _lock.obj                      20      0         8      
       args_main.obj                  24      0         0      
       copy_decompress_none.obj       14      0         0      
       copy_zero_init.obj             12      0         0      
       pre_init.obj                   4       0         0      
       stkdepth_vars.obj              0       0         4      
       mpu_init.obj                   2       0         0      
       startup.obj                    2       0         0      
    +--+------------------------------+-------+---------+---------+
       Total:                         1478    0         24     
                                                               
       Stack:                         0       0         512    
       Linker Generated:              0       85        0      
    +--+------------------------------+-------+---------+---------+
       Grand Total:                   10758   2575      2497   


LINKER GENERATED COPY TABLES

__TI_cinit_table @ 00003408 records: 3, size/record: 8, table size: 24
	.data: load addr=000033c8, load size=00000021 bytes, run addr=20000914, run size=000000b0 bytes, compression=lzss
	.bss: load addr=000033f8, load size=00000008 bytes, run addr=2000026c, run size=000004a5 bytes, compression=zero_init
	.vtable: load addr=00003400, load size=00000008 bytes, run addr=20000000, run size=0000026c bytes, compression=zero_init


LINKER GENERATED HANDLER TABLE

__TI_handler_table @ 000033ec records: 3, size/record: 4, table size: 12
	index: 0, handler: __TI_zero_init
	index: 1, handler: __TI_decompress_lzss
	index: 2, handler: __TI_decompress_none


GLOBAL SYMBOLS: SORTED ALPHABETICALLY BY Name 

address   name                           
-------   ----                           
00002bc1  ADCIntClear                    
00002969  ADCProcessorTrigger            
00002b6d  ADCReferenceSet                
00002569  ADCSequenceConfigure           
00002911  ADCSequenceDataGet             
00002b0b  ADCSequenceEnable              
0000216d  ADCSequenceStepConfigure       
00002515  C$$EXIT                        
00002885  GPIODirModeSet                 
00002c43  GPIOIntClear                   
00002b19  GPIOIntDisable                 
00002b79  GPIOIntEnable                  
00002981  GPIOIntRegister                
00002b27  GPIOIntStatus                  
00002469  GPIOIntTypeSet                 
00001f0d  GPIOPadConfigGet               
0000186f  GPIOPadConfigSet               
00002651  GPIOPinConfigure               
00002a7d  GPIOPinTypeADC                 
00002a8f  GPIOPinTypeGPIOInput           
00002999  GPIOPinTypeGPIOOutput          
00002aa1  GPIOPinTypePWM                 
00002ab3  GPIOPinTypeSSI                 
00002ac5  GPIOPinTypeUART                
00002c49  GPIOPinWrite                   
000022d1  IntDisable                     
00002339  IntEnable                      
0000281d  IntRegister                    
2000026c  LCD_cmd_                       
0000125b  PWM0_Int_handler               
000028af  PWMGenConfigure                
00002b85  PWMGenDisable                  
00002b91  PWMGenEnable                   
00002c4f  PWMGenIntClear                 
000029b1  PWMGenIntRegister              
00002b9d  PWMGenIntStatus                
00002bcb  PWMGenIntTrigEnable            
00002afb  PWMGenPeriodSet                
00002bd5  PWMIntDisable                  
00002c1b  PWMIntEnable                   
00002ad7  PWMOutputState                 
0000292f  PWMPulseWidthSet               
00002bb5  ResetISR                       
UNDEFED   SHT$$INIT_ARRAY$$Base          
UNDEFED   SHT$$INIT_ARRAY$$Limit         
00002c23  SSIBusy                        
000027a9  SSIConfigSetExpClk             
00002bdf  SSIDataPut                     
00002be9  SSIEnable                      
000019a1  SysCtlClockGet                 
00001bad  SysCtlClockSet                 
00002c55  SysCtlDelay                    
00002a41  SysCtlPWMClockSet              
00002851  SysCtlPeripheralEnable         
000027e5  SysCtlPeripheralReady          
00002c5b  TimerClockSourceSet            
00002409  TimerConfigure                 
000029c9  TimerDisable                   
00002b35  TimerEnable                    
00002c67  TimerIntClear                  
00002bf3  TimerIntDisable                
00002c2b  TimerIntEnable                 
000029e1  TimerIntRegister               
00002bfd  TimerIntStatus                 
00002ae9  TimerLoadSet                   
00002c33  UARTBusy                       
00002c07  UARTCharGet                    
00002b43  UARTCharPutNonBlocking         
00002b51  UARTCharsAvail                 
00002699  UARTConfigSetExpClk            
000028d1  UARTDisable                    
00002a55  UARTEnable                     
00002c61  UARTFIFOLevelSet               
00002c6b  UARTIntClear                   
00002c3b  UARTIntEnable                  
000029f9  UARTIntRegister                
00002c11  UARTIntStatus                  
20000914  __STACK_END                    
00000200  __STACK_SIZE                   
20000914  __STACK_TOP                    
00003408  __TI_CINIT_Base                
00003420  __TI_CINIT_Limit               
000033ec  __TI_Handler_Table_Base        
000033f8  __TI_Handler_Table_Limit       
00002261  __TI_auto_init                 
20000994  __TI_cleanup_ptr               
000023a1  __TI_decompress_lzss           
00002b5f  __TI_decompress_none           
20000998  __TI_dtors_ptr                 
2000099c  __TI_enable_exit_profile_output
ffffffff  __TI_pprof_out_hndl            
ffffffff  __TI_prof_data_size            
ffffffff  __TI_prof_data_start           
00000000  __TI_static_base__             
00002ba9  __TI_zero_init                 
00002725  __aeabi_d2uiz                  
00001739  __aeabi_ddiv                   
00001ab1  __aeabi_dmul                   
000021e7  __aeabi_memclr                 
000021e7  __aeabi_memclr4                
000021e7  __aeabi_memclr8                
00002051  __aeabi_memcpy                 
00002051  __aeabi_memcpy4                
00002051  __aeabi_memcpy8                
000021e9  __aeabi_memset                 
000021e9  __aeabi_memset4                
000021e9  __aeabi_memset8                
000028f1  __aeabi_ui2d                   
ffffffff  __binit__                      
ffffffff  __c_args__                     
000024bf  __mpu_init                     
20000714  __stack                        
00002a29  _args_main                     
000024c1  _c_int00                       
200009ac  _lock                          
00002a77  _nop                           
00002a6f  _register_lock                 
00002a69  _register_unlock               
000026df  _system_post_cinit             
00002c6f  _system_pre_init               
200009b0  _unlock                        
00002519  abort                          
ffffffff  binit                          
00002005  calc_distance_us               
00000fa5  configPort_A                   
00000fd9  configPort_B                   
00001055  configPort_C                   
00001069  configPort_D                   
000010a1  configPort_E                   
000010ed  configPort_F                   
00002605  copy_in                        
00000b53  dlGetDataPayloadRF             
00001fb1  dlGetDistance_US1              
00001fdb  dlGetDistance_US2              
00000a2b  dlGetSettingInfoRF             
00000319  dlLcdClear                     
000002d7  dlLcdInit                      
0000038b  dlLcdSetPosition               
0000026d  dlLcdWriteCommand              
000003cb  dlLcdWriteData                 
0000043d  dlLcdWriteText                 
0000058d  dlLcdWriteUInt                 
00000ac5  dlSendDataRF                   
00000b15  dlSetCarAddress                
000009ed  dlSetChannelRF                 
00001591  dlSetSteering                  
000015fb  dlSetThrottle                  
00002521  exit                           
0000078f  extIntBHandler                 
00001137  extIntFHandler                 
00002c74  font_table                     
20000000  g_pfnRAMVectors                
00000000  g_pfnVectors                   
00002a1b  getClkValue                    
00001d8d  halAdcInit                     
00001e23  halGetAdcSamples               
0000148f  halGetUart1Data                
00000f89  halGpioInit                    
0000124d  halIsBurstFinished             
000020ed  halPWMInit                     
00001253  halResetBurstIndicator         
00001421  halSendUart1Data               
00001ca1  halSsi1Int                     
0000122f  halStartBurstModeUS            
000012dd  halStartMeasurementUS          
00000911  halStartTimer2_A               
00000941  halStartTimer2_B               
0000097b  halStartTimer2_Both            
00001369  halStartUS2Measurement         
00000925  halStopTimer2_A                
00000959  halStopTimer2_B                
00000993  halStopTimer2_Both             
00002a11  halSysClkInit                  
000006c9  halTimer2Init                  
000013a9  halUart1Init                   
0000119d  halUsInit                      
00001d19  halUsciB1Transmit              
0000294d  hal_init                       
200009be  is_switch_active               
20000914  lcdDataArray_                  
200009a0  lcdInitCmd_                    
200009a9  lcdPositionArray_              
00000d09  main                           
200009c0  main_func_sp                   
00002051  memcpy                         
000021ef  memset                         
20000678  sensor_data_                   
20000710  switch_backlight_              
000007f7  timer2ISR                      
20000471  uart_status_                   


GLOBAL SYMBOLS: SORTED BY Symbol Address 

address   name                           
-------   ----                           
00000000  __TI_static_base__             
00000000  g_pfnVectors                   
00000200  __STACK_SIZE                   
0000026d  dlLcdWriteCommand              
000002d7  dlLcdInit                      
00000319  dlLcdClear                     
0000038b  dlLcdSetPosition               
000003cb  dlLcdWriteData                 
0000043d  dlLcdWriteText                 
0000058d  dlLcdWriteUInt                 
000006c9  halTimer2Init                  
0000078f  extIntBHandler                 
000007f7  timer2ISR                      
00000911  halStartTimer2_A               
00000925  halStopTimer2_A                
00000941  halStartTimer2_B               
00000959  halStopTimer2_B                
0000097b  halStartTimer2_Both            
00000993  halStopTimer2_Both             
000009ed  dlSetChannelRF                 
00000a2b  dlGetSettingInfoRF             
00000ac5  dlSendDataRF                   
00000b15  dlSetCarAddress                
00000b53  dlGetDataPayloadRF             
00000d09  main                           
00000f89  halGpioInit                    
00000fa5  configPort_A                   
00000fd9  configPort_B                   
00001055  configPort_C                   
00001069  configPort_D                   
000010a1  configPort_E                   
000010ed  configPort_F                   
00001137  extIntFHandler                 
0000119d  halUsInit                      
0000122f  halStartBurstModeUS            
0000124d  halIsBurstFinished             
00001253  halResetBurstIndicator         
0000125b  PWM0_Int_handler               
000012dd  halStartMeasurementUS          
00001369  halStartUS2Measurement         
000013a9  halUart1Init                   
00001421  halSendUart1Data               
0000148f  halGetUart1Data                
00001591  dlSetSteering                  
000015fb  dlSetThrottle                  
00001739  __aeabi_ddiv                   
0000186f  GPIOPadConfigSet               
000019a1  SysCtlClockGet                 
00001ab1  __aeabi_dmul                   
00001bad  SysCtlClockSet                 
00001ca1  halSsi1Int                     
00001d19  halUsciB1Transmit              
00001d8d  halAdcInit                     
00001e23  halGetAdcSamples               
00001f0d  GPIOPadConfigGet               
00001fb1  dlGetDistance_US1              
00001fdb  dlGetDistance_US2              
00002005  calc_distance_us               
00002051  __aeabi_memcpy                 
00002051  __aeabi_memcpy4                
00002051  __aeabi_memcpy8                
00002051  memcpy                         
000020ed  halPWMInit                     
0000216d  ADCSequenceStepConfigure       
000021e7  __aeabi_memclr                 
000021e7  __aeabi_memclr4                
000021e7  __aeabi_memclr8                
000021e9  __aeabi_memset                 
000021e9  __aeabi_memset4                
000021e9  __aeabi_memset8                
000021ef  memset                         
00002261  __TI_auto_init                 
000022d1  IntDisable                     
00002339  IntEnable                      
000023a1  __TI_decompress_lzss           
00002409  TimerConfigure                 
00002469  GPIOIntTypeSet                 
000024bf  __mpu_init                     
000024c1  _c_int00                       
00002515  C$$EXIT                        
00002519  abort                          
00002521  exit                           
00002569  ADCSequenceConfigure           
00002605  copy_in                        
00002651  GPIOPinConfigure               
00002699  UARTConfigSetExpClk            
000026df  _system_post_cinit             
00002725  __aeabi_d2uiz                  
000027a9  SSIConfigSetExpClk             
000027e5  SysCtlPeripheralReady          
0000281d  IntRegister                    
00002851  SysCtlPeripheralEnable         
00002885  GPIODirModeSet                 
000028af  PWMGenConfigure                
000028d1  UARTDisable                    
000028f1  __aeabi_ui2d                   
00002911  ADCSequenceDataGet             
0000292f  PWMPulseWidthSet               
0000294d  hal_init                       
00002969  ADCProcessorTrigger            
00002981  GPIOIntRegister                
00002999  GPIOPinTypeGPIOOutput          
000029b1  PWMGenIntRegister              
000029c9  TimerDisable                   
000029e1  TimerIntRegister               
000029f9  UARTIntRegister                
00002a11  halSysClkInit                  
00002a1b  getClkValue                    
00002a29  _args_main                     
00002a41  SysCtlPWMClockSet              
00002a55  UARTEnable                     
00002a69  _register_unlock               
00002a6f  _register_lock                 
00002a77  _nop                           
00002a7d  GPIOPinTypeADC                 
00002a8f  GPIOPinTypeGPIOInput           
00002aa1  GPIOPinTypePWM                 
00002ab3  GPIOPinTypeSSI                 
00002ac5  GPIOPinTypeUART                
00002ad7  PWMOutputState                 
00002ae9  TimerLoadSet                   
00002afb  PWMGenPeriodSet                
00002b0b  ADCSequenceEnable              
00002b19  GPIOIntDisable                 
00002b27  GPIOIntStatus                  
00002b35  TimerEnable                    
00002b43  UARTCharPutNonBlocking         
00002b51  UARTCharsAvail                 
00002b5f  __TI_decompress_none           
00002b6d  ADCReferenceSet                
00002b79  GPIOIntEnable                  
00002b85  PWMGenDisable                  
00002b91  PWMGenEnable                   
00002b9d  PWMGenIntStatus                
00002ba9  __TI_zero_init                 
00002bb5  ResetISR                       
00002bc1  ADCIntClear                    
00002bcb  PWMGenIntTrigEnable            
00002bd5  PWMIntDisable                  
00002bdf  SSIDataPut                     
00002be9  SSIEnable                      
00002bf3  TimerIntDisable                
00002bfd  TimerIntStatus                 
00002c07  UARTCharGet                    
00002c11  UARTIntStatus                  
00002c1b  PWMIntEnable                   
00002c23  SSIBusy                        
00002c2b  TimerIntEnable                 
00002c33  UARTBusy                       
00002c3b  UARTIntEnable                  
00002c43  GPIOIntClear                   
00002c49  GPIOPinWrite                   
00002c4f  PWMGenIntClear                 
00002c55  SysCtlDelay                    
00002c5b  TimerClockSourceSet            
00002c61  UARTFIFOLevelSet               
00002c67  TimerIntClear                  
00002c6b  UARTIntClear                   
00002c6f  _system_pre_init               
00002c74  font_table                     
000033ec  __TI_Handler_Table_Base        
000033f8  __TI_Handler_Table_Limit       
00003408  __TI_CINIT_Base                
00003420  __TI_CINIT_Limit               
20000000  g_pfnRAMVectors                
2000026c  LCD_cmd_                       
20000471  uart_status_                   
20000678  sensor_data_                   
20000710  switch_backlight_              
20000714  __stack                        
20000914  __STACK_END                    
20000914  __STACK_TOP                    
20000914  lcdDataArray_                  
20000994  __TI_cleanup_ptr               
20000998  __TI_dtors_ptr                 
2000099c  __TI_enable_exit_profile_output
200009a0  lcdInitCmd_                    
200009a9  lcdPositionArray_              
200009ac  _lock                          
200009b0  _unlock                        
200009be  is_switch_active               
200009c0  main_func_sp                   
ffffffff  __TI_pprof_out_hndl            
ffffffff  __TI_prof_data_size            
ffffffff  __TI_prof_data_start           
ffffffff  __binit__                      
ffffffff  __c_args__                     
ffffffff  binit                          
UNDEFED   SHT$$INIT_ARRAY$$Base          
UNDEFED   SHT$$INIT_ARRAY$$Limit         

[190 symbols]
