******************************************************************************
                  TI ARM Linker PC v16.9.4                     
******************************************************************************
>> Linked Fri Jun 15 00:33:48 2018

OUTPUT FILE NAME:   <EM_1_TIVA_Git.out>
ENTRY POINT SYMBOL: "_c_int00"  address: 00000f71


MEMORY CONFIGURATION

         name            origin    length      used     unused   attr    fill
----------------------  --------  ---------  --------  --------  ----  --------
  FLASH                 00000000   00040000  000017a8  0003e858  R  X
  SRAM                  20000000   00008000  00000491  00007b6f  RW X


SEGMENT ALLOCATION MAP

run origin  load origin   length   init length attrs members
----------  ----------- ---------- ----------- ----- -------
00000000    00000000    000017a8   000017a8    r-x
  00000000    00000000    0000026c   0000026c    r-- .intvecs
  0000026c    0000026c    000011f8   000011f8    r-x .text
  00001464    00001464    00000304   00000304    r-- .const
  00001768    00001768    00000040   00000040    r-- .cinit
20000000    20000000    00000491   00000000    rw-
  20000000    20000000    0000026c   00000000    rw- .vtable
  2000026c    2000026c    00000200   00000000    rw- .stack
  2000046c    2000046c    00000025   00000000    rw- .data


SECTION ALLOCATION MAP

 output                                  attributes/
section   page    origin      length       input sections
--------  ----  ----------  ----------   ----------------
.intvecs   0    00000000    0000026c     
                  00000000    0000026c     tm4c123gh6pm_startup_ccs.obj (.intvecs)

.text      0    0000026c    000011f8     
                  0000026c    00000244     hal_i2c.obj (.text)
                  000004b0    000001e4     hal_gpio.obj (.text)
                  00000694    00000132     driverlib.lib : gpio.obj (.text:GPIOPadConfigSet)
                  000007c6    00000002     rtsv7M4_T_le_v4SPD16_eabi.lib : mpu_init.obj (.text)
                  000007c8    00000130     hal_us.obj (.text)
                  000008f8    00000110     driverlib.lib : sysctl.obj (.text:SysCtlClockGet)
                  00000a08    000000f4                   : sysctl.obj (.text:SysCtlClockSet)
                  00000afc    000000b0                   : pwm.obj (.text:_PWMGenIntNumberGet)
                  00000bac    000000a4                   : gpio.obj (.text:GPIOPadConfigGet)
                  00000c50    0000009c     rtsv7M4_T_le_v4SPD16_eabi.lib : memcpy_t2.obj (.text)
                  00000cec    0000007a                                   : memset_t2.obj (.text)
                  00000d66    00000002                                   : startup.obj (.text)
                  00000d68    00000070     main.obj (.text)
                  00000dd8    00000070     rtsv7M4_T_le_v4SPD16_eabi.lib : autoinit.obj (.text)
                  00000e48    00000068     driverlib.lib : interrupt.obj (.text:IntEnable)
                  00000eb0    00000068     rtsv7M4_T_le_v4SPD16_eabi.lib : copy_decompress_lzss.obj (.text:decompress:lzss)
                  00000f18    00000056     driverlib.lib : gpio.obj (.text:GPIOIntTypeSet)
                  00000f6e    00000002     --HOLE-- [fill = 0]
                  00000f70    00000054     rtsv7M4_T_le_v4SPD16_eabi.lib : boot.obj (.text)
                  00000fc4    00000054                                   : exit.obj (.text)
                  00001018    00000050     driverlib.lib : sysctl.obj (.text:SysCtlPeripheralReset)
                  00001068    0000004c                   : i2c.obj (.text:I2CMasterInitExpClk)
                  000010b4    0000004c     rtsv7M4_T_le_v4SPD16_eabi.lib : cpy_tbl.obj (.text)
                  00001100    00000048     driverlib.lib : gpio.obj (.text:GPIOPinConfigure)
                  00001148    00000044                   : gpio.obj (.text:_GPIOIntNumberGet)
                  0000118c    00000038                   : sysctl.obj (.text:SysCtlPeripheralReady)
                  000011c4    00000034                   : interrupt.obj (.text:IntRegister)
                  000011f8    00000034                   : sysctl.obj (.text:SysCtlPeripheralEnable)
                  0000122c    0000002a                   : gpio.obj (.text:GPIODirModeSet)
                  00001256    00000022                   : pwm.obj (.text:PWMGenConfigure)
                  00001278    0000001e                   : pwm.obj (.text:PWMPulseWidthSet)
                  00001296    00000018                   : gpio.obj (.text:GPIOIntRegister)
                  000012ae    00000018                   : gpio.obj (.text:GPIOPinTypeGPIOOutput)
                  000012c6    00000018                   : pwm.obj (.text:PWMGenIntRegister)
                  000012de    00000002     --HOLE-- [fill = 0]
                  000012e0    00000018     rtsv7M4_T_le_v4SPD16_eabi.lib : args_main.obj (.text)
                  000012f8    00000014     driverlib.lib : sysctl.obj (.text:SysCtlPWMClockSet)
                  0000130c    00000014     rtsv7M4_T_le_v4SPD16_eabi.lib : _lock.obj (.text)
                  00001320    00000012     driverlib.lib : gpio.obj (.text:GPIOPinTypeGPIOInput)
                  00001332    00000012                   : gpio.obj (.text:GPIOPinTypeI2C)
                  00001344    00000012                   : gpio.obj (.text:GPIOPinTypeI2CSCL)
                  00001356    00000012                   : gpio.obj (.text:GPIOPinTypePWM)
                  00001368    00000012                   : pwm.obj (.text:PWMOutputState)
                  0000137a    00000010                   : pwm.obj (.text:PWMGenPeriodSet)
                  0000138a    00000010     hal_init.obj (.text)
                  0000139a    00000002     --HOLE-- [fill = 0]
                  0000139c    00000010     hal_usc.obj (.text)
                  000013ac    0000000e     driverlib.lib : gpio.obj (.text:GPIOIntStatus)
                  000013ba    0000000e     rtsv7M4_T_le_v4SPD16_eabi.lib : copy_decompress_none.obj (.text:decompress:none)
                  000013c8    0000000c     driverlib.lib : gpio.obj (.text:GPIOIntEnable)
                  000013d4    0000000c                   : pwm.obj (.text:PWMGenDisable)
                  000013e0    0000000c                   : pwm.obj (.text:PWMGenEnable)
                  000013ec    0000000c                   : pwm.obj (.text:PWMGenIntStatus)
                  000013f8    0000000c     rtsv7M4_T_le_v4SPD16_eabi.lib : copy_zero_init.obj (.text:decompress:ZI)
                  00001404    0000000c     tm4c123gh6pm_startup_ccs.obj (.text)
                  00001410    0000000a     driverlib.lib : i2c.obj (.text:I2CMasterEnable)
                  0000141a    0000000a                   : pwm.obj (.text:PWMGenIntTrigEnable)
                  00001424    00000008                   : i2c.obj (.text:I2CMasterBusy)
                  0000142c    00000008                   : i2c.obj (.text:I2CMasterSlaveAddrSet)
                  00001434    00000008                   : pwm.obj (.text:PWMIntEnable)
                  0000143c    00000006                   : gpio.obj (.text:GPIOIntClear)
                  00001442    00000006                   : gpio.obj (.text:GPIOPinWrite)
                  00001448    00000006                   : pwm.obj (.text:PWMGenIntClear)
                  0000144e    00000006                   : sysctl.obj (.text:SysCtlDelay)
                  00001454    00000004                   : i2c.obj (.text:I2CMasterControl)
                  00001458    00000004                   : i2c.obj (.text:I2CMasterDataGet)
                  0000145c    00000004                   : i2c.obj (.text:I2CMasterDataPut)
                  00001460    00000004     rtsv7M4_T_le_v4SPD16_eabi.lib : pre_init.obj (.text)

.const     0    00001464    00000304     
                  00001464    000000d8     driverlib.lib : gpio.obj (.const:g_ppui32GPIOIntMapSnowflake)
                  0000153c    000000c0                   : gpio.obj (.const:g_ppui32GPIOIntMapBlizzard)
                  000015fc    00000090                   : gpio.obj (.const:g_pui32GPIOBaseAddrs)
                  0000168c    00000070                   : interrupt.obj (.const)
                  000016fc    0000006c                   : sysctl.obj (.const:g_pui32Xtals)

.cinit     0    00001768    00000040     
                  00001768    00000018     (.cinit..data.load) [load image, compression = lzss]
                  00001780    0000000c     (__TI_handler_table)
                  0000178c    00000004     --HOLE-- [fill = 0]
                  00001790    00000008     (.cinit..vtable.load) [load image, compression = zero_init]
                  00001798    00000010     (__TI_cinit_table)

.init_array 
*          0    00000000    00000000     UNINITIALIZED

.vtable    0    20000000    0000026c     UNINITIALIZED
                  20000000    0000026c     driverlib.lib : interrupt.obj (.vtable)

.stack     0    2000026c    00000200     UNINITIALIZED
                  2000026c    00000200     --HOLE--

.data      0    2000046c    00000025     UNINITIALIZED
                  2000046c    0000000c     rtsv7M4_T_le_v4SPD16_eabi.lib : exit.obj (.data:$O1$$)
                  20000478    0000000c     hal_us.obj (.data)
                  20000484    00000008     rtsv7M4_T_le_v4SPD16_eabi.lib : _lock.obj (.data:$O1$$)
                  2000048c    00000004                                   : stkdepth_vars.obj (.data)
                  20000490    00000001     hal_gpio.obj (.data)

MODULE SUMMARY

       Module                         code   ro data   rw data
       ------                         ----   -------   -------
    .\
       tm4c123gh6pm_startup_ccs.obj   12     620       0      
       main.obj                       112    0         0      
    +--+------------------------------+------+---------+---------+
       Total:                         124    620       0      
                                                              
    .\F_HAL\
       hal_i2c.obj                    580    0         0      
       hal_gpio.obj                   484    0         1      
       hal_us.obj                     304    0         12     
       hal_init.obj                   16     0         0      
       hal_usc.obj                    16     0         0      
    +--+------------------------------+------+---------+---------+
       Total:                         1400   0         13     
                                                              
    C:/ti/TivaWare_C_Series-2.1.4.178/driverlib/ccs/Debug/driverlib.lib
       gpio.obj                       896    552       0      
       interrupt.obj                  156    112       620    
       sysctl.obj                     730    108       0      
       pwm.obj                        358    0         0      
       i2c.obj                        114    0         0      
    +--+------------------------------+------+---------+---------+
       Total:                         2254   772       620    
                                                              
    C:\ti\ccsv7\tools\compiler\ti-cgt-arm_16.9.4.LTS\lib\rtsv7M4_T_le_v4SPD16_eabi.lib
       memcpy_t2.obj                  156    0         0      
       memset_t2.obj                  122    0         0      
       autoinit.obj                   112    0         0      
       copy_decompress_lzss.obj       104    0         0      
       exit.obj                       84     0         12     
       boot.obj                       84     0         0      
       cpy_tbl.obj                    76     0         0      
       _lock.obj                      20     0         8      
       args_main.obj                  24     0         0      
       copy_decompress_none.obj       14     0         0      
       copy_zero_init.obj             12     0         0      
       pre_init.obj                   4      0         0      
       stkdepth_vars.obj              0      0         4      
       mpu_init.obj                   2      0         0      
       startup.obj                    2      0         0      
    +--+------------------------------+------+---------+---------+
       Total:                         816    0         24     
                                                              
       Stack:                         0      0         512    
       Linker Generated:              0      60        0      
    +--+------------------------------+------+---------+---------+
       Grand Total:                   4594   1452      1169   


LINKER GENERATED COPY TABLES

__TI_cinit_table @ 00001798 records: 2, size/record: 8, table size: 16
	.data: load addr=00001768, load size=00000018 bytes, run addr=2000046c, run size=00000025 bytes, compression=lzss
	.vtable: load addr=00001790, load size=00000008 bytes, run addr=20000000, run size=0000026c bytes, compression=zero_init


LINKER GENERATED HANDLER TABLE

__TI_handler_table @ 00001780 records: 3, size/record: 4, table size: 12
	index: 0, handler: __TI_zero_init
	index: 1, handler: __TI_decompress_lzss
	index: 2, handler: __TI_decompress_none


GLOBAL SYMBOLS: SORTED ALPHABETICALLY BY Name 

address   name                           
-------   ----                           
00000fc5  C$$EXIT                        
0000122d  GPIODirModeSet                 
0000143d  GPIOIntClear                   
000013c9  GPIOIntEnable                  
00001297  GPIOIntRegister                
000013ad  GPIOIntStatus                  
00000f19  GPIOIntTypeSet                 
00000bad  GPIOPadConfigGet               
00000695  GPIOPadConfigSet               
00001101  GPIOPinConfigure               
00001321  GPIOPinTypeGPIOInput           
000012af  GPIOPinTypeGPIOOutput          
00001333  GPIOPinTypeI2C                 
00001345  GPIOPinTypeI2CSCL              
00001357  GPIOPinTypePWM                 
00001443  GPIOPinWrite                   
00001425  I2CMasterBusy                  
00001455  I2CMasterControl               
00001459  I2CMasterDataGet               
0000145d  I2CMasterDataPut               
00001411  I2CMasterEnable                
00001069  I2CMasterInitExpClk            
0000142d  I2CMasterSlaveAddrSet          
000003e1  I2CReceiveBurst                
00000389  I2CReceiveSingle               
000002eb  I2cSendBurst                   
000002b7  I2cSendByte                    
00000e49  IntEnable                      
000011c5  IntRegister                    
00000885  PWM0_Int_handler               
00001257  PWMGenConfigure                
000013d5  PWMGenDisable                  
000013e1  PWMGenEnable                   
00001449  PWMGenIntClear                 
000012c7  PWMGenIntRegister              
000013ed  PWMGenIntStatus                
0000141b  PWMGenIntTrigEnable            
0000137b  PWMGenPeriodSet                
00001435  PWMIntEnable                   
00001369  PWMOutputState                 
00001279  PWMPulseWidthSet               
00001405  ResetISR                       
UNDEFED   SHT$$INIT_ARRAY$$Base          
UNDEFED   SHT$$INIT_ARRAY$$Limit         
000008f9  SysCtlClockGet                 
00000a09  SysCtlClockSet                 
0000144f  SysCtlDelay                    
000012f9  SysCtlPWMClockSet              
000011f9  SysCtlPeripheralEnable         
0000118d  SysCtlPeripheralReady          
00001019  SysCtlPeripheralReset          
2000046c  __STACK_END                    
00000200  __STACK_SIZE                   
2000046c  __STACK_TOP                    
00001798  __TI_CINIT_Base                
000017a8  __TI_CINIT_Limit               
00001780  __TI_Handler_Table_Base        
0000178c  __TI_Handler_Table_Limit       
00000dd9  __TI_auto_init                 
2000046c  __TI_cleanup_ptr               
00000eb1  __TI_decompress_lzss           
000013bb  __TI_decompress_none           
20000470  __TI_dtors_ptr                 
20000474  __TI_enable_exit_profile_output
ffffffff  __TI_pprof_out_hndl            
ffffffff  __TI_prof_data_size            
ffffffff  __TI_prof_data_start           
00000000  __TI_static_base__             
000013f9  __TI_zero_init                 
00000ced  __aeabi_memclr                 
00000ced  __aeabi_memclr4                
00000ced  __aeabi_memclr8                
00000c51  __aeabi_memcpy                 
00000c51  __aeabi_memcpy4                
00000c51  __aeabi_memcpy8                
00000cef  __aeabi_memset                 
00000cef  __aeabi_memset4                
00000cef  __aeabi_memset8                
ffffffff  __binit__                      
ffffffff  __c_args__                     
000007c7  __mpu_init                     
2000026c  __stack                        
000012e1  _args_main                     
00000f71  _c_int00                       
20000484  _lock                          
0000131b  _nop                           
00001313  _register_lock                 
0000130d  _register_unlock               
00000d67  _system_post_cinit             
00001461  _system_pre_init               
20000488  _unlock                        
00000fc9  abort                          
ffffffff  binit                          
20000478  burst_finished_                
000004cd  configPort_A                   
00000501  configPort_B                   
0000057d  configPort_C                   
00000591  configPort_D                   
000005c9  configPort_E                   
000005e5  configPort_F                   
000010b5  copy_in                        
00000fd1  exit                           
0000062f  extIntFHandler                 
20000000  g_pfnRAMVectors                
00000000  g_pfnVectors                   
000004b1  halGpioInit                    
0000026d  halI2cInit                     
00000877  halIsBurstFinished             
0000087d  halResetBurstIndicator         
0000085f  halStartBurstModeUS            
0000139d  halSysClkInit                  
000007c9  halUsInit                      
0000138b  hal_init                       
20000490  is_switch_active               
00000d69  main                           
2000048c  main_func_sp                   
00000c51  memcpy                         
00000cf5  memset                         
2000047c  pwm_burst_cnt_                 


GLOBAL SYMBOLS: SORTED BY Symbol Address 

address   name                           
-------   ----                           
00000000  __TI_static_base__             
00000000  g_pfnVectors                   
00000200  __STACK_SIZE                   
0000026d  halI2cInit                     
000002b7  I2cSendByte                    
000002eb  I2cSendBurst                   
00000389  I2CReceiveSingle               
000003e1  I2CReceiveBurst                
000004b1  halGpioInit                    
000004cd  configPort_A                   
00000501  configPort_B                   
0000057d  configPort_C                   
00000591  configPort_D                   
000005c9  configPort_E                   
000005e5  configPort_F                   
0000062f  extIntFHandler                 
00000695  GPIOPadConfigSet               
000007c7  __mpu_init                     
000007c9  halUsInit                      
0000085f  halStartBurstModeUS            
00000877  halIsBurstFinished             
0000087d  halResetBurstIndicator         
00000885  PWM0_Int_handler               
000008f9  SysCtlClockGet                 
00000a09  SysCtlClockSet                 
00000bad  GPIOPadConfigGet               
00000c51  __aeabi_memcpy                 
00000c51  __aeabi_memcpy4                
00000c51  __aeabi_memcpy8                
00000c51  memcpy                         
00000ced  __aeabi_memclr                 
00000ced  __aeabi_memclr4                
00000ced  __aeabi_memclr8                
00000cef  __aeabi_memset                 
00000cef  __aeabi_memset4                
00000cef  __aeabi_memset8                
00000cf5  memset                         
00000d67  _system_post_cinit             
00000d69  main                           
00000dd9  __TI_auto_init                 
00000e49  IntEnable                      
00000eb1  __TI_decompress_lzss           
00000f19  GPIOIntTypeSet                 
00000f71  _c_int00                       
00000fc5  C$$EXIT                        
00000fc9  abort                          
00000fd1  exit                           
00001019  SysCtlPeripheralReset          
00001069  I2CMasterInitExpClk            
000010b5  copy_in                        
00001101  GPIOPinConfigure               
0000118d  SysCtlPeripheralReady          
000011c5  IntRegister                    
000011f9  SysCtlPeripheralEnable         
0000122d  GPIODirModeSet                 
00001257  PWMGenConfigure                
00001279  PWMPulseWidthSet               
00001297  GPIOIntRegister                
000012af  GPIOPinTypeGPIOOutput          
000012c7  PWMGenIntRegister              
000012e1  _args_main                     
000012f9  SysCtlPWMClockSet              
0000130d  _register_unlock               
00001313  _register_lock                 
0000131b  _nop                           
00001321  GPIOPinTypeGPIOInput           
00001333  GPIOPinTypeI2C                 
00001345  GPIOPinTypeI2CSCL              
00001357  GPIOPinTypePWM                 
00001369  PWMOutputState                 
0000137b  PWMGenPeriodSet                
0000138b  hal_init                       
0000139d  halSysClkInit                  
000013ad  GPIOIntStatus                  
000013bb  __TI_decompress_none           
000013c9  GPIOIntEnable                  
000013d5  PWMGenDisable                  
000013e1  PWMGenEnable                   
000013ed  PWMGenIntStatus                
000013f9  __TI_zero_init                 
00001405  ResetISR                       
00001411  I2CMasterEnable                
0000141b  PWMGenIntTrigEnable            
00001425  I2CMasterBusy                  
0000142d  I2CMasterSlaveAddrSet          
00001435  PWMIntEnable                   
0000143d  GPIOIntClear                   
00001443  GPIOPinWrite                   
00001449  PWMGenIntClear                 
0000144f  SysCtlDelay                    
00001455  I2CMasterControl               
00001459  I2CMasterDataGet               
0000145d  I2CMasterDataPut               
00001461  _system_pre_init               
00001780  __TI_Handler_Table_Base        
0000178c  __TI_Handler_Table_Limit       
00001798  __TI_CINIT_Base                
000017a8  __TI_CINIT_Limit               
20000000  g_pfnRAMVectors                
2000026c  __stack                        
2000046c  __STACK_END                    
2000046c  __STACK_TOP                    
2000046c  __TI_cleanup_ptr               
20000470  __TI_dtors_ptr                 
20000474  __TI_enable_exit_profile_output
20000478  burst_finished_                
2000047c  pwm_burst_cnt_                 
20000484  _lock                          
20000488  _unlock                        
2000048c  main_func_sp                   
20000490  is_switch_active               
ffffffff  __TI_pprof_out_hndl            
ffffffff  __TI_prof_data_size            
ffffffff  __TI_prof_data_start           
ffffffff  __binit__                      
ffffffff  __c_args__                     
ffffffff  binit                          
UNDEFED   SHT$$INIT_ARRAY$$Base          
UNDEFED   SHT$$INIT_ARRAY$$Limit         

[119 symbols]
