<?xml version="1.0"?>
<link_info>
   <banner>TI ARM Linker PC v16.9.4.LTS</banner>
   <copyright>Copyright (c) 1996-2017 Texas Instruments Incorporated</copyright>
   <link_time>0x5b6ef454</link_time>
   <link_errors>0x0</link_errors>
   <output_file>EM_1_TIVA_Git.out</output_file>
   <entry_point>
      <name>_c_int00</name>
      <address>0x2449</address>
   </entry_point>
   <input_file_list>
      <input_file id="fl-2">
         <path>.\</path>
         <kind>object</kind>
         <file>main.obj</file>
         <name>main.obj</name>
      </input_file>
      <input_file id="fl-3">
         <path>.\</path>
         <kind>object</kind>
         <file>tm4c123gh6pm_startup_ccs.obj</file>
         <name>tm4c123gh6pm_startup_ccs.obj</name>
      </input_file>
      <input_file id="fl-4">
         <path>.\F_DL\</path>
         <kind>object</kind>
         <file>dl_LCD.obj</file>
         <name>dl_LCD.obj</name>
      </input_file>
      <input_file id="fl-5">
         <path>.\F_DL\</path>
         <kind>object</kind>
         <file>dl_RF_Module.obj</file>
         <name>dl_RF_Module.obj</name>
      </input_file>
      <input_file id="fl-6">
         <path>.\F_DL\</path>
         <kind>object</kind>
         <file>dl_general.obj</file>
         <name>dl_general.obj</name>
      </input_file>
      <input_file id="fl-7">
         <path>.\F_DL\</path>
         <kind>object</kind>
         <file>dl_us.obj</file>
         <name>dl_us.obj</name>
      </input_file>
      <input_file id="fl-8">
         <path>.\F_HAL\</path>
         <kind>object</kind>
         <file>hal_adc.obj</file>
         <name>hal_adc.obj</name>
      </input_file>
      <input_file id="fl-9">
         <path>.\F_HAL\</path>
         <kind>object</kind>
         <file>hal_gpio.obj</file>
         <name>hal_gpio.obj</name>
      </input_file>
      <input_file id="fl-a">
         <path>.\F_HAL\</path>
         <kind>object</kind>
         <file>hal_init.obj</file>
         <name>hal_init.obj</name>
      </input_file>
      <input_file id="fl-b">
         <path>.\F_HAL\</path>
         <kind>object</kind>
         <file>hal_pwm.obj</file>
         <name>hal_pwm.obj</name>
      </input_file>
      <input_file id="fl-c">
         <path>.\F_HAL\</path>
         <kind>object</kind>
         <file>hal_ssi1.obj</file>
         <name>hal_ssi1.obj</name>
      </input_file>
      <input_file id="fl-d">
         <path>.\F_HAL\</path>
         <kind>object</kind>
         <file>hal_timer2.obj</file>
         <name>hal_timer2.obj</name>
      </input_file>
      <input_file id="fl-e">
         <path>.\F_HAL\</path>
         <kind>object</kind>
         <file>hal_uart1.obj</file>
         <name>hal_uart1.obj</name>
      </input_file>
      <input_file id="fl-f">
         <path>.\F_HAL\</path>
         <kind>object</kind>
         <file>hal_us.obj</file>
         <name>hal_us.obj</name>
      </input_file>
      <input_file id="fl-10">
         <path>.\F_HAL\</path>
         <kind>object</kind>
         <file>hal_usc.obj</file>
         <name>hal_usc.obj</name>
      </input_file>
      <input_file id="fl-15">
         <kind>object</kind>
         <file>&lt;internal&gt;</file>
         <name>&lt;internal&gt;</name>
      </input_file>
      <input_file id="fl-16">
         <path>D:\FH Joanneum\ECE16\Semester4\EM\TivaWare\driverlib\ccs\Debug\</path>
         <kind>archive</kind>
         <file>driverlib.lib</file>
         <name>adc.obj</name>
      </input_file>
      <input_file id="fl-17">
         <path>D:\FH Joanneum\ECE16\Semester4\EM\TivaWare\driverlib\ccs\Debug\</path>
         <kind>archive</kind>
         <file>driverlib.lib</file>
         <name>gpio.obj</name>
      </input_file>
      <input_file id="fl-18">
         <path>D:\FH Joanneum\ECE16\Semester4\EM\TivaWare\driverlib\ccs\Debug\</path>
         <kind>archive</kind>
         <file>driverlib.lib</file>
         <name>interrupt.obj</name>
      </input_file>
      <input_file id="fl-19">
         <path>D:\FH Joanneum\ECE16\Semester4\EM\TivaWare\driverlib\ccs\Debug\</path>
         <kind>archive</kind>
         <file>driverlib.lib</file>
         <name>pwm.obj</name>
      </input_file>
      <input_file id="fl-1a">
         <path>D:\FH Joanneum\ECE16\Semester4\EM\TivaWare\driverlib\ccs\Debug\</path>
         <kind>archive</kind>
         <file>driverlib.lib</file>
         <name>ssi.obj</name>
      </input_file>
      <input_file id="fl-1b">
         <path>D:\FH Joanneum\ECE16\Semester4\EM\TivaWare\driverlib\ccs\Debug\</path>
         <kind>archive</kind>
         <file>driverlib.lib</file>
         <name>sysctl.obj</name>
      </input_file>
      <input_file id="fl-1c">
         <path>D:\FH Joanneum\ECE16\Semester4\EM\TivaWare\driverlib\ccs\Debug\</path>
         <kind>archive</kind>
         <file>driverlib.lib</file>
         <name>timer.obj</name>
      </input_file>
      <input_file id="fl-1d">
         <path>D:\FH Joanneum\ECE16\Semester4\EM\TivaWare\driverlib\ccs\Debug\</path>
         <kind>archive</kind>
         <file>driverlib.lib</file>
         <name>uart.obj</name>
      </input_file>
      <input_file id="fl-1e">
         <path>D:\FH Joanneum\ECE16\Semester4\EM\TivaWare\driverlib\ccs\Debug\</path>
         <kind>archive</kind>
         <file>driverlib.lib</file>
         <name>cpu.obj</name>
      </input_file>
      <input_file id="fl-d4">
         <path>D:\Programs\TI_CodeComp\ccsv7\tools\compiler\ti-cgt-arm_16.9.4.LTS\lib\</path>
         <kind>archive</kind>
         <file>rtsv7M4_T_le_v4SPD16_eabi.lib</file>
         <name>boot.obj</name>
      </input_file>
      <input_file id="fl-d5">
         <path>D:\Programs\TI_CodeComp\ccsv7\tools\compiler\ti-cgt-arm_16.9.4.LTS\lib\</path>
         <kind>archive</kind>
         <file>rtsv7M4_T_le_v4SPD16_eabi.lib</file>
         <name>copy_decompress_lzss.obj</name>
      </input_file>
      <input_file id="fl-d6">
         <path>D:\Programs\TI_CodeComp\ccsv7\tools\compiler\ti-cgt-arm_16.9.4.LTS\lib\</path>
         <kind>archive</kind>
         <file>rtsv7M4_T_le_v4SPD16_eabi.lib</file>
         <name>copy_decompress_none.obj</name>
      </input_file>
      <input_file id="fl-d7">
         <path>D:\Programs\TI_CodeComp\ccsv7\tools\compiler\ti-cgt-arm_16.9.4.LTS\lib\</path>
         <kind>archive</kind>
         <file>rtsv7M4_T_le_v4SPD16_eabi.lib</file>
         <name>copy_zero_init.obj</name>
      </input_file>
      <input_file id="fl-d8">
         <path>D:\Programs\TI_CodeComp\ccsv7\tools\compiler\ti-cgt-arm_16.9.4.LTS\lib\</path>
         <kind>archive</kind>
         <file>rtsv7M4_T_le_v4SPD16_eabi.lib</file>
         <name>exit.obj</name>
      </input_file>
      <input_file id="fl-d9">
         <path>D:\Programs\TI_CodeComp\ccsv7\tools\compiler\ti-cgt-arm_16.9.4.LTS\lib\</path>
         <kind>archive</kind>
         <file>rtsv7M4_T_le_v4SPD16_eabi.lib</file>
         <name>fd_div_t2.obj</name>
      </input_file>
      <input_file id="fl-da">
         <path>D:\Programs\TI_CodeComp\ccsv7\tools\compiler\ti-cgt-arm_16.9.4.LTS\lib\</path>
         <kind>archive</kind>
         <file>rtsv7M4_T_le_v4SPD16_eabi.lib</file>
         <name>fd_mul_t2.obj</name>
      </input_file>
      <input_file id="fl-db">
         <path>D:\Programs\TI_CodeComp\ccsv7\tools\compiler\ti-cgt-arm_16.9.4.LTS\lib\</path>
         <kind>archive</kind>
         <file>rtsv7M4_T_le_v4SPD16_eabi.lib</file>
         <name>fd_tou_t2.obj</name>
      </input_file>
      <input_file id="fl-dc">
         <path>D:\Programs\TI_CodeComp\ccsv7\tools\compiler\ti-cgt-arm_16.9.4.LTS\lib\</path>
         <kind>archive</kind>
         <file>rtsv7M4_T_le_v4SPD16_eabi.lib</file>
         <name>memcpy_t2.obj</name>
      </input_file>
      <input_file id="fl-dd">
         <path>D:\Programs\TI_CodeComp\ccsv7\tools\compiler\ti-cgt-arm_16.9.4.LTS\lib\</path>
         <kind>archive</kind>
         <file>rtsv7M4_T_le_v4SPD16_eabi.lib</file>
         <name>memset_t2.obj</name>
      </input_file>
      <input_file id="fl-de">
         <path>D:\Programs\TI_CodeComp\ccsv7\tools\compiler\ti-cgt-arm_16.9.4.LTS\lib\</path>
         <kind>archive</kind>
         <file>rtsv7M4_T_le_v4SPD16_eabi.lib</file>
         <name>mpu_init.obj</name>
      </input_file>
      <input_file id="fl-df">
         <path>D:\Programs\TI_CodeComp\ccsv7\tools\compiler\ti-cgt-arm_16.9.4.LTS\lib\</path>
         <kind>archive</kind>
         <file>rtsv7M4_T_le_v4SPD16_eabi.lib</file>
         <name>pre_init.obj</name>
      </input_file>
      <input_file id="fl-e0">
         <path>D:\Programs\TI_CodeComp\ccsv7\tools\compiler\ti-cgt-arm_16.9.4.LTS\lib\</path>
         <kind>archive</kind>
         <file>rtsv7M4_T_le_v4SPD16_eabi.lib</file>
         <name>stkdepth_vars.obj</name>
      </input_file>
      <input_file id="fl-e1">
         <path>D:\Programs\TI_CodeComp\ccsv7\tools\compiler\ti-cgt-arm_16.9.4.LTS\lib\</path>
         <kind>archive</kind>
         <file>rtsv7M4_T_le_v4SPD16_eabi.lib</file>
         <name>u_tofd_t2.obj</name>
      </input_file>
      <input_file id="fl-e2">
         <path>D:\Programs\TI_CodeComp\ccsv7\tools\compiler\ti-cgt-arm_16.9.4.LTS\lib\</path>
         <kind>archive</kind>
         <file>rtsv7M4_T_le_v4SPD16_eabi.lib</file>
         <name>_lock.obj</name>
      </input_file>
      <input_file id="fl-e3">
         <path>D:\Programs\TI_CodeComp\ccsv7\tools\compiler\ti-cgt-arm_16.9.4.LTS\lib\</path>
         <kind>archive</kind>
         <file>rtsv7M4_T_le_v4SPD16_eabi.lib</file>
         <name>args_main.obj</name>
      </input_file>
      <input_file id="fl-e4">
         <path>D:\Programs\TI_CodeComp\ccsv7\tools\compiler\ti-cgt-arm_16.9.4.LTS\lib\</path>
         <kind>archive</kind>
         <file>rtsv7M4_T_le_v4SPD16_eabi.lib</file>
         <name>autoinit.obj</name>
      </input_file>
      <input_file id="fl-e5">
         <path>D:\Programs\TI_CodeComp\ccsv7\tools\compiler\ti-cgt-arm_16.9.4.LTS\lib\</path>
         <kind>archive</kind>
         <file>rtsv7M4_T_le_v4SPD16_eabi.lib</file>
         <name>cpy_tbl.obj</name>
      </input_file>
      <input_file id="fl-e6">
         <path>D:\Programs\TI_CodeComp\ccsv7\tools\compiler\ti-cgt-arm_16.9.4.LTS\lib\</path>
         <kind>archive</kind>
         <file>rtsv7M4_T_le_v4SPD16_eabi.lib</file>
         <name>startup.obj</name>
      </input_file>
   </input_file_list>
   <object_component_list>
      <object_component id="oc-f">
         <name>.intvecs</name>
         <load_address>0x0</load_address>
         <run_address>0x0</run_address>
         <size>0x26c</size>
         <input_file_ref idref="fl-3"/>
      </object_component>
      <object_component id="oc-202">
         <name>.text</name>
         <load_address>0x26c</load_address>
         <run_address>0x26c</run_address>
         <size>0x45c</size>
         <input_file_ref idref="fl-4"/>
      </object_component>
      <object_component id="oc-ec">
         <name>.text</name>
         <load_address>0x6c8</load_address>
         <run_address>0x6c8</run_address>
         <size>0x324</size>
         <input_file_ref idref="fl-d"/>
      </object_component>
      <object_component id="oc-21a">
         <name>.text</name>
         <load_address>0x9ec</load_address>
         <run_address>0x9ec</run_address>
         <size>0x31c</size>
         <input_file_ref idref="fl-5"/>
      </object_component>
      <object_component id="oc-291">
         <name>.text</name>
         <load_address>0xd08</load_address>
         <run_address>0xd08</run_address>
         <size>0x214</size>
         <input_file_ref idref="fl-9"/>
      </object_component>
      <object_component id="oc-31">
         <name>.text</name>
         <load_address>0xf1c</load_address>
         <run_address>0xf1c</run_address>
         <size>0x20c</size>
         <input_file_ref idref="fl-f"/>
      </object_component>
      <object_component id="oc-140">
         <name>.text</name>
         <load_address>0x1128</load_address>
         <run_address>0x1128</run_address>
         <size>0x1fc</size>
         <input_file_ref idref="fl-2"/>
      </object_component>
      <object_component id="oc-2a3">
         <name>.text</name>
         <load_address>0x1324</load_address>
         <run_address>0x1324</run_address>
         <size>0x1e8</size>
         <input_file_ref idref="fl-e"/>
      </object_component>
      <object_component id="oc-208">
         <name>.text</name>
         <load_address>0x150c</load_address>
         <run_address>0x150c</run_address>
         <size>0x1b4</size>
         <input_file_ref idref="fl-6"/>
      </object_component>
      <object_component id="oc-2c1">
         <name>.text</name>
         <load_address>0x16c0</load_address>
         <run_address>0x16c0</run_address>
         <size>0x136</size>
         <input_file_ref idref="fl-d9"/>
      </object_component>
      <object_component id="oc-161">
         <name>.text:GPIOPadConfigSet</name>
         <load_address>0x17f6</load_address>
         <run_address>0x17f6</run_address>
         <size>0x132</size>
         <input_file_ref idref="fl-17"/>
      </object_component>
      <object_component id="oc-345">
         <name>.text:SysCtlClockGet</name>
         <load_address>0x1928</load_address>
         <run_address>0x1928</run_address>
         <size>0x110</size>
         <input_file_ref idref="fl-1b"/>
      </object_component>
      <object_component id="oc-2c6">
         <name>.text</name>
         <load_address>0x1a38</load_address>
         <run_address>0x1a38</run_address>
         <size>0xfc</size>
         <input_file_ref idref="fl-da"/>
      </object_component>
      <object_component id="oc-33f">
         <name>.text:SysCtlClockSet</name>
         <load_address>0x1b34</load_address>
         <run_address>0x1b34</run_address>
         <size>0xf4</size>
         <input_file_ref idref="fl-1b"/>
      </object_component>
      <object_component id="oc-29d">
         <name>.text</name>
         <load_address>0x1c28</load_address>
         <run_address>0x1c28</run_address>
         <size>0xec</size>
         <input_file_ref idref="fl-c"/>
      </object_component>
      <object_component id="oc-214">
         <name>.text</name>
         <load_address>0x1d14</load_address>
         <run_address>0x1d14</run_address>
         <size>0xd0</size>
         <input_file_ref idref="fl-8"/>
      </object_component>
      <object_component id="oc-175">
         <name>.text:_PWMGenIntNumberGet</name>
         <load_address>0x1de4</load_address>
         <run_address>0x1de4</run_address>
         <size>0xb0</size>
         <input_file_ref idref="fl-19"/>
      </object_component>
      <object_component id="oc-352">
         <name>.text:GPIOPadConfigGet</name>
         <load_address>0x1e94</load_address>
         <run_address>0x1e94</run_address>
         <size>0xa4</size>
         <input_file_ref idref="fl-17"/>
      </object_component>
      <object_component id="oc-20e">
         <name>.text</name>
         <load_address>0x1f38</load_address>
         <run_address>0x1f38</run_address>
         <size>0xa0</size>
         <input_file_ref idref="fl-7"/>
      </object_component>
      <object_component id="oc-45">
         <name>.text</name>
         <load_address>0x1fd8</load_address>
         <run_address>0x1fd8</run_address>
         <size>0x9c</size>
         <input_file_ref idref="fl-dc"/>
      </object_component>
      <object_component id="oc-297">
         <name>.text</name>
         <load_address>0x2074</load_address>
         <run_address>0x2074</run_address>
         <size>0x80</size>
         <input_file_ref idref="fl-b"/>
      </object_component>
      <object_component id="oc-2e3">
         <name>.text:ADCSequenceStepConfigure</name>
         <load_address>0x20f4</load_address>
         <run_address>0x20f4</run_address>
         <size>0x7a</size>
         <input_file_ref idref="fl-16"/>
      </object_component>
      <object_component id="oc-51">
         <name>.text</name>
         <load_address>0x216e</load_address>
         <run_address>0x216e</run_address>
         <size>0x7a</size>
         <input_file_ref idref="fl-dd"/>
      </object_component>
      <object_component id="oc-69">
         <name>.text</name>
         <load_address>0x21e8</load_address>
         <run_address>0x21e8</run_address>
         <size>0x70</size>
         <input_file_ref idref="fl-e4"/>
      </object_component>
      <object_component id="oc-da">
         <name>.text:IntDisable</name>
         <load_address>0x2258</load_address>
         <run_address>0x2258</run_address>
         <size>0x68</size>
         <input_file_ref idref="fl-18"/>
      </object_component>
      <object_component id="oc-b0">
         <name>.text:IntEnable</name>
         <load_address>0x22c0</load_address>
         <run_address>0x22c0</run_address>
         <size>0x68</size>
         <input_file_ref idref="fl-18"/>
      </object_component>
      <object_component id="oc-12">
         <name>.text:decompress:lzss</name>
         <load_address>0x2328</load_address>
         <run_address>0x2328</run_address>
         <size>0x68</size>
         <input_file_ref idref="fl-d5"/>
      </object_component>
      <object_component id="oc-18d">
         <name>.text:TimerConfigure</name>
         <load_address>0x2390</load_address>
         <run_address>0x2390</run_address>
         <size>0x60</size>
         <input_file_ref idref="fl-1c"/>
      </object_component>
      <object_component id="oc-1b1">
         <name>.text:GPIOIntTypeSet</name>
         <load_address>0x23f0</load_address>
         <run_address>0x23f0</run_address>
         <size>0x56</size>
         <input_file_ref idref="fl-17"/>
      </object_component>
      <object_component id="oc-5d">
         <name>.text</name>
         <load_address>0x2446</load_address>
         <run_address>0x2446</run_address>
         <size>0x2</size>
         <input_file_ref idref="fl-de"/>
      </object_component>
      <object_component id="oc-24">
         <name>.text</name>
         <load_address>0x2448</load_address>
         <run_address>0x2448</run_address>
         <size>0x54</size>
         <input_file_ref idref="fl-d4"/>
      </object_component>
      <object_component id="oc-75">
         <name>.text</name>
         <load_address>0x249c</load_address>
         <run_address>0x249c</run_address>
         <size>0x54</size>
         <input_file_ref idref="fl-d8"/>
      </object_component>
      <object_component id="oc-2dd">
         <name>.text:ADCSequenceConfigure</name>
         <load_address>0x24f0</load_address>
         <run_address>0x24f0</run_address>
         <size>0x50</size>
         <input_file_ref idref="fl-16"/>
      </object_component>
      <object_component id="oc-261">
         <name>.text:_TimerIntNumberGet</name>
         <load_address>0x2540</load_address>
         <run_address>0x2540</run_address>
         <size>0x4c</size>
         <input_file_ref idref="fl-1c"/>
      </object_component>
      <object_component id="oc-132">
         <name>.text</name>
         <load_address>0x258c</load_address>
         <run_address>0x258c</run_address>
         <size>0x4c</size>
         <input_file_ref idref="fl-e5"/>
      </object_component>
      <object_component id="oc-8c">
         <name>.text:GPIOPinConfigure</name>
         <load_address>0x25d8</load_address>
         <run_address>0x25d8</run_address>
         <size>0x48</size>
         <input_file_ref idref="fl-17"/>
      </object_component>
      <object_component id="oc-37f">
         <name>.text:UARTConfigSetExpClk</name>
         <load_address>0x2620</load_address>
         <run_address>0x2620</run_address>
         <size>0x46</size>
         <input_file_ref idref="fl-1d"/>
      </object_component>
      <object_component id="oc-138">
         <name>.text</name>
         <load_address>0x2666</load_address>
         <run_address>0x2666</run_address>
         <size>0x2</size>
         <input_file_ref idref="fl-e6"/>
      </object_component>
      <object_component id="oc-269">
         <name>.text:_GPIOIntNumberGet</name>
         <load_address>0x2668</load_address>
         <run_address>0x2668</run_address>
         <size>0x44</size>
         <input_file_ref idref="fl-17"/>
      </object_component>
      <object_component id="oc-2cb">
         <name>.text</name>
         <load_address>0x26ac</load_address>
         <run_address>0x26ac</run_address>
         <size>0x44</size>
         <input_file_ref idref="fl-db"/>
      </object_component>
      <object_component id="oc-405">
         <name>.text:_UARTIntNumberGet</name>
         <load_address>0x26f0</load_address>
         <run_address>0x26f0</run_address>
         <size>0x40</size>
         <input_file_ref idref="fl-1d"/>
      </object_component>
      <object_component id="oc-366">
         <name>.text:SSIConfigSetExpClk</name>
         <load_address>0x2730</load_address>
         <run_address>0x2730</run_address>
         <size>0x3c</size>
         <input_file_ref idref="fl-1a"/>
      </object_component>
      <object_component id="oc-86">
         <name>.text:SysCtlPeripheralReady</name>
         <load_address>0x276c</load_address>
         <run_address>0x276c</run_address>
         <size>0x38</size>
         <input_file_ref idref="fl-1b"/>
      </object_component>
      <object_component id="oc-17b">
         <name>.text:IntRegister</name>
         <load_address>0x27a4</load_address>
         <run_address>0x27a4</run_address>
         <size>0x34</size>
         <input_file_ref idref="fl-18"/>
      </object_component>
      <object_component id="oc-80">
         <name>.text:SysCtlPeripheralEnable</name>
         <load_address>0x27d8</load_address>
         <run_address>0x27d8</run_address>
         <size>0x34</size>
         <input_file_ref idref="fl-1b"/>
      </object_component>
      <object_component id="oc-15b">
         <name>.text:GPIODirModeSet</name>
         <load_address>0x280c</load_address>
         <run_address>0x280c</run_address>
         <size>0x2a</size>
         <input_file_ref idref="fl-17"/>
      </object_component>
      <object_component id="oc-9e">
         <name>.text:PWMGenConfigure</name>
         <load_address>0x2836</load_address>
         <run_address>0x2836</run_address>
         <size>0x22</size>
         <input_file_ref idref="fl-19"/>
      </object_component>
      <object_component id="oc-3fd">
         <name>.text:UARTDisable</name>
         <load_address>0x2858</load_address>
         <run_address>0x2858</run_address>
         <size>0x20</size>
         <input_file_ref idref="fl-1d"/>
      </object_component>
      <object_component id="oc-2bc">
         <name>.text</name>
         <load_address>0x2878</load_address>
         <run_address>0x2878</run_address>
         <size>0x20</size>
         <input_file_ref idref="fl-e1"/>
      </object_component>
      <object_component id="oc-2fb">
         <name>.text:ADCSequenceDataGet</name>
         <load_address>0x2898</load_address>
         <run_address>0x2898</run_address>
         <size>0x1e</size>
         <input_file_ref idref="fl-16"/>
      </object_component>
      <object_component id="oc-aa">
         <name>.text:PWMPulseWidthSet</name>
         <load_address>0x28b6</load_address>
         <run_address>0x28b6</run_address>
         <size>0x1e</size>
         <input_file_ref idref="fl-19"/>
      </object_component>
      <object_component id="oc-1fc">
         <name>.text</name>
         <load_address>0x28d4</load_address>
         <run_address>0x28d4</run_address>
         <size>0x1c</size>
         <input_file_ref idref="fl-a"/>
      </object_component>
      <object_component id="oc-2f5">
         <name>.text:ADCProcessorTrigger</name>
         <load_address>0x28f0</load_address>
         <run_address>0x28f0</run_address>
         <size>0x18</size>
         <input_file_ref idref="fl-16"/>
      </object_component>
      <object_component id="oc-1ab">
         <name>.text:GPIOIntRegister</name>
         <load_address>0x2908</load_address>
         <run_address>0x2908</run_address>
         <size>0x18</size>
         <input_file_ref idref="fl-17"/>
      </object_component>
      <object_component id="oc-34c">
         <name>.text:GPIOPinTypeGPIOOutput</name>
         <load_address>0x2920</load_address>
         <run_address>0x2920</run_address>
         <size>0x18</size>
         <input_file_ref idref="fl-17"/>
      </object_component>
      <object_component id="oc-c8">
         <name>.text:PWMGenIntRegister</name>
         <load_address>0x2938</load_address>
         <run_address>0x2938</run_address>
         <size>0x18</size>
         <input_file_ref idref="fl-19"/>
      </object_component>
      <object_component id="oc-1d5">
         <name>.text:TimerDisable</name>
         <load_address>0x2950</load_address>
         <run_address>0x2950</run_address>
         <size>0x18</size>
         <input_file_ref idref="fl-1c"/>
      </object_component>
      <object_component id="oc-19f">
         <name>.text:TimerIntRegister</name>
         <load_address>0x2968</load_address>
         <run_address>0x2968</run_address>
         <size>0x18</size>
         <input_file_ref idref="fl-1c"/>
      </object_component>
      <object_component id="oc-38b">
         <name>.text:UARTIntRegister</name>
         <load_address>0x2980</load_address>
         <run_address>0x2980</run_address>
         <size>0x18</size>
         <input_file_ref idref="fl-1d"/>
      </object_component>
      <object_component id="oc-28b">
         <name>.text</name>
         <load_address>0x2998</load_address>
         <run_address>0x2998</run_address>
         <size>0x18</size>
         <input_file_ref idref="fl-10"/>
      </object_component>
      <object_component id="oc-6f">
         <name>.text</name>
         <load_address>0x29b0</load_address>
         <run_address>0x29b0</run_address>
         <size>0x18</size>
         <input_file_ref idref="fl-e3"/>
      </object_component>
      <object_component id="oc-98">
         <name>.text:SysCtlPWMClockSet</name>
         <load_address>0x29c8</load_address>
         <run_address>0x29c8</run_address>
         <size>0x14</size>
         <input_file_ref idref="fl-1b"/>
      </object_component>
      <object_component id="oc-39d">
         <name>.text:UARTEnable</name>
         <load_address>0x29dc</load_address>
         <run_address>0x29dc</run_address>
         <size>0x14</size>
         <input_file_ref idref="fl-1d"/>
      </object_component>
      <object_component id="oc-238">
         <name>.text</name>
         <load_address>0x29f0</load_address>
         <run_address>0x29f0</run_address>
         <size>0x14</size>
         <input_file_ref idref="fl-e2"/>
      </object_component>
      <object_component id="oc-2d1">
         <name>.text:GPIOPinTypeADC</name>
         <load_address>0x2a04</load_address>
         <run_address>0x2a04</run_address>
         <size>0x12</size>
         <input_file_ref idref="fl-17"/>
      </object_component>
      <object_component id="oc-358">
         <name>.text:GPIOPinTypeGPIOInput</name>
         <load_address>0x2a16</load_address>
         <run_address>0x2a16</run_address>
         <size>0x12</size>
         <input_file_ref idref="fl-17"/>
      </object_component>
      <object_component id="oc-92">
         <name>.text:GPIOPinTypePWM</name>
         <load_address>0x2a28</load_address>
         <run_address>0x2a28</run_address>
         <size>0x12</size>
         <input_file_ref idref="fl-17"/>
      </object_component>
      <object_component id="oc-360">
         <name>.text:GPIOPinTypeSSI</name>
         <load_address>0x2a3a</load_address>
         <run_address>0x2a3a</run_address>
         <size>0x12</size>
         <input_file_ref idref="fl-17"/>
      </object_component>
      <object_component id="oc-385">
         <name>.text:GPIOPinTypeUART</name>
         <load_address>0x2a4c</load_address>
         <run_address>0x2a4c</run_address>
         <size>0x12</size>
         <input_file_ref idref="fl-17"/>
      </object_component>
      <object_component id="oc-ce">
         <name>.text:PWMOutputState</name>
         <load_address>0x2a5e</load_address>
         <run_address>0x2a5e</run_address>
         <size>0x12</size>
         <input_file_ref idref="fl-19"/>
      </object_component>
      <object_component id="oc-193">
         <name>.text:TimerLoadSet</name>
         <load_address>0x2a70</load_address>
         <run_address>0x2a70</run_address>
         <size>0x12</size>
         <input_file_ref idref="fl-1c"/>
      </object_component>
      <object_component id="oc-a4">
         <name>.text:PWMGenPeriodSet</name>
         <load_address>0x2a82</load_address>
         <run_address>0x2a82</run_address>
         <size>0x10</size>
         <input_file_ref idref="fl-19"/>
      </object_component>
      <object_component id="oc-2e9">
         <name>.text:ADCSequenceEnable</name>
         <load_address>0x2a92</load_address>
         <run_address>0x2a92</run_address>
         <size>0xe</size>
         <input_file_ref idref="fl-16"/>
      </object_component>
      <object_component id="oc-f2">
         <name>.text:GPIOIntDisable</name>
         <load_address>0x2aa0</load_address>
         <run_address>0x2aa0</run_address>
         <size>0xe</size>
         <input_file_ref idref="fl-17"/>
      </object_component>
      <object_component id="oc-1b7">
         <name>.text:GPIOIntStatus</name>
         <load_address>0x2aae</load_address>
         <run_address>0x2aae</run_address>
         <size>0xe</size>
         <input_file_ref idref="fl-17"/>
      </object_component>
      <object_component id="oc-1cf">
         <name>.text:TimerEnable</name>
         <load_address>0x2abc</load_address>
         <run_address>0x2abc</run_address>
         <size>0xe</size>
         <input_file_ref idref="fl-1c"/>
      </object_component>
      <object_component id="oc-3a3">
         <name>.text:UARTCharPutNonBlocking</name>
         <load_address>0x2aca</load_address>
         <run_address>0x2aca</run_address>
         <size>0xe</size>
         <input_file_ref idref="fl-1d"/>
      </object_component>
      <object_component id="oc-3bb">
         <name>.text:UARTCharsAvail</name>
         <load_address>0x2ad8</load_address>
         <run_address>0x2ad8</run_address>
         <size>0xe</size>
         <input_file_ref idref="fl-1d"/>
      </object_component>
      <object_component id="oc-18">
         <name>.text:decompress:none</name>
         <load_address>0x2ae6</load_address>
         <run_address>0x2ae6</run_address>
         <size>0xe</size>
         <input_file_ref idref="fl-d6"/>
      </object_component>
      <object_component id="oc-2d7">
         <name>.text:ADCReferenceSet</name>
         <load_address>0x2af4</load_address>
         <run_address>0x2af4</run_address>
         <size>0xc</size>
         <input_file_ref idref="fl-16"/>
      </object_component>
      <object_component id="oc-1c9">
         <name>.text:GPIOIntEnable</name>
         <load_address>0x2b00</load_address>
         <run_address>0x2b00</run_address>
         <size>0xc</size>
         <input_file_ref idref="fl-17"/>
      </object_component>
      <object_component id="oc-e6">
         <name>.text:PWMGenDisable</name>
         <load_address>0x2b0c</load_address>
         <run_address>0x2b0c</run_address>
         <size>0xc</size>
         <input_file_ref idref="fl-19"/>
      </object_component>
      <object_component id="oc-fe">
         <name>.text:PWMGenEnable</name>
         <load_address>0x2b18</load_address>
         <run_address>0x2b18</run_address>
         <size>0xc</size>
         <input_file_ref idref="fl-19"/>
      </object_component>
      <object_component id="oc-d4">
         <name>.text:PWMGenIntStatus</name>
         <load_address>0x2b24</load_address>
         <run_address>0x2b24</run_address>
         <size>0xc</size>
         <input_file_ref idref="fl-19"/>
      </object_component>
      <object_component id="oc-1e">
         <name>.text:decompress:ZI</name>
         <load_address>0x2b30</load_address>
         <run_address>0x2b30</run_address>
         <size>0xc</size>
         <input_file_ref idref="fl-d7"/>
      </object_component>
      <object_component id="oc-2b">
         <name>.text</name>
         <load_address>0x2b3c</load_address>
         <run_address>0x2b3c</run_address>
         <size>0xc</size>
         <input_file_ref idref="fl-3"/>
      </object_component>
      <object_component id="oc-2ef">
         <name>.text:ADCIntClear</name>
         <load_address>0x2b48</load_address>
         <run_address>0x2b48</run_address>
         <size>0xa</size>
         <input_file_ref idref="fl-16"/>
      </object_component>
      <object_component id="oc-bc">
         <name>.text:PWMGenIntTrigEnable</name>
         <load_address>0x2b52</load_address>
         <run_address>0x2b52</run_address>
         <size>0xa</size>
         <input_file_ref idref="fl-19"/>
      </object_component>
      <object_component id="oc-e0">
         <name>.text:PWMIntDisable</name>
         <load_address>0x2b5c</load_address>
         <run_address>0x2b5c</run_address>
         <size>0xa</size>
         <input_file_ref idref="fl-19"/>
      </object_component>
      <object_component id="oc-372">
         <name>.text:SSIDataPut</name>
         <load_address>0x2b66</load_address>
         <run_address>0x2b66</run_address>
         <size>0xa</size>
         <input_file_ref idref="fl-1a"/>
      </object_component>
      <object_component id="oc-36c">
         <name>.text:SSIEnable</name>
         <load_address>0x2b70</load_address>
         <run_address>0x2b70</run_address>
         <size>0xa</size>
         <input_file_ref idref="fl-1a"/>
      </object_component>
      <object_component id="oc-1db">
         <name>.text:TimerIntDisable</name>
         <load_address>0x2b7a</load_address>
         <run_address>0x2b7a</run_address>
         <size>0xa</size>
         <input_file_ref idref="fl-1c"/>
      </object_component>
      <object_component id="oc-1bd">
         <name>.text:TimerIntStatus</name>
         <load_address>0x2b84</load_address>
         <run_address>0x2b84</run_address>
         <size>0xa</size>
         <input_file_ref idref="fl-1c"/>
      </object_component>
      <object_component id="oc-3b5">
         <name>.text:UARTCharGet</name>
         <load_address>0x2b8e</load_address>
         <run_address>0x2b8e</run_address>
         <size>0xa</size>
         <input_file_ref idref="fl-1d"/>
      </object_component>
      <object_component id="oc-3a9">
         <name>.text:UARTIntStatus</name>
         <load_address>0x2b98</load_address>
         <run_address>0x2b98</run_address>
         <size>0xa</size>
         <input_file_ref idref="fl-1d"/>
      </object_component>
      <object_component id="oc-b6">
         <name>.text:PWMIntEnable</name>
         <load_address>0x2ba2</load_address>
         <run_address>0x2ba2</run_address>
         <size>0x8</size>
         <input_file_ref idref="fl-19"/>
      </object_component>
      <object_component id="oc-378">
         <name>.text:SSIBusy</name>
         <load_address>0x2baa</load_address>
         <run_address>0x2baa</run_address>
         <size>0x8</size>
         <input_file_ref idref="fl-1a"/>
      </object_component>
      <object_component id="oc-1a5">
         <name>.text:TimerIntEnable</name>
         <load_address>0x2bb2</load_address>
         <run_address>0x2bb2</run_address>
         <size>0x8</size>
         <input_file_ref idref="fl-1c"/>
      </object_component>
      <object_component id="oc-302">
         <name>.text:UARTBusy</name>
         <load_address>0x2bba</load_address>
         <run_address>0x2bba</run_address>
         <size>0x8</size>
         <input_file_ref idref="fl-1d"/>
      </object_component>
      <object_component id="oc-397">
         <name>.text:UARTIntEnable</name>
         <load_address>0x2bc2</load_address>
         <run_address>0x2bc2</run_address>
         <size>0x8</size>
         <input_file_ref idref="fl-1d"/>
      </object_component>
      <object_component id="oc-f8">
         <name>.text:GPIOIntClear</name>
         <load_address>0x2bca</load_address>
         <run_address>0x2bca</run_address>
         <size>0x6</size>
         <input_file_ref idref="fl-17"/>
      </object_component>
      <object_component id="oc-1c3">
         <name>.text:GPIOPinWrite</name>
         <load_address>0x2bd0</load_address>
         <run_address>0x2bd0</run_address>
         <size>0x6</size>
         <input_file_ref idref="fl-17"/>
      </object_component>
      <object_component id="oc-c2">
         <name>.text:PWMGenIntClear</name>
         <load_address>0x2bd6</load_address>
         <run_address>0x2bd6</run_address>
         <size>0x6</size>
         <input_file_ref idref="fl-19"/>
      </object_component>
      <object_component id="oc-104">
         <name>.text:SysCtlDelay</name>
         <load_address>0x2bdc</load_address>
         <run_address>0x2bdc</run_address>
         <size>0x6</size>
         <input_file_ref idref="fl-1b"/>
      </object_component>
      <object_component id="oc-187">
         <name>.text:TimerClockSourceSet</name>
         <load_address>0x2be2</load_address>
         <run_address>0x2be2</run_address>
         <size>0x6</size>
         <input_file_ref idref="fl-1c"/>
      </object_component>
      <object_component id="oc-391">
         <name>.text:UARTFIFOLevelSet</name>
         <load_address>0x2be8</load_address>
         <run_address>0x2be8</run_address>
         <size>0x6</size>
         <input_file_ref idref="fl-1d"/>
      </object_component>
      <object_component id="oc-199">
         <name>.text:TimerIntClear</name>
         <load_address>0x2bee</load_address>
         <run_address>0x2bee</run_address>
         <size>0x4</size>
         <input_file_ref idref="fl-1c"/>
      </object_component>
      <object_component id="oc-3af">
         <name>.text:UARTIntClear</name>
         <load_address>0x2bf2</load_address>
         <run_address>0x2bf2</run_address>
         <size>0x4</size>
         <input_file_ref idref="fl-1d"/>
      </object_component>
      <object_component id="oc-63">
         <name>.text</name>
         <load_address>0x2bf6</load_address>
         <run_address>0x2bf6</run_address>
         <size>0x4</size>
         <input_file_ref idref="fl-df"/>
      </object_component>
      <object_component id="oc-2b6">
         <name>.const:font_table</name>
         <load_address>0x2bfc</load_address>
         <run_address>0x2bfc</run_address>
         <size>0x300</size>
         <input_file_ref idref="fl-4"/>
      </object_component>
      <object_component id="oc-33b">
         <name>.const:g_ppui32GPIOIntMapSnowflake</name>
         <load_address>0x2efc</load_address>
         <run_address>0x2efc</run_address>
         <size>0xd8</size>
         <input_file_ref idref="fl-17"/>
      </object_component>
      <object_component id="oc-338">
         <name>.const:g_ppui32GPIOIntMapBlizzard</name>
         <load_address>0x2fd4</load_address>
         <run_address>0x2fd4</run_address>
         <size>0xc0</size>
         <input_file_ref idref="fl-17"/>
      </object_component>
      <object_component id="oc-156">
         <name>.const:g_pui32GPIOBaseAddrs</name>
         <load_address>0x3094</load_address>
         <run_address>0x3094</run_address>
         <size>0x90</size>
         <input_file_ref idref="fl-17"/>
      </object_component>
      <object_component id="oc-16d">
         <name>.const</name>
         <load_address>0x3124</load_address>
         <run_address>0x3124</run_address>
         <size>0x70</size>
         <input_file_ref idref="fl-18"/>
      </object_component>
      <object_component id="oc-3f0">
         <name>.const:g_pui32Xtals</name>
         <load_address>0x3194</load_address>
         <run_address>0x3194</run_address>
         <size>0x6c</size>
         <input_file_ref idref="fl-1b"/>
      </object_component>
      <object_component id="oc-331">
         <name>.const:g_ppui32TimerIntMap</name>
         <load_address>0x3200</load_address>
         <run_address>0x3200</run_address>
         <size>0x60</size>
         <input_file_ref idref="fl-1c"/>
      </object_component>
      <object_component id="oc-334">
         <name>.const:g_ppui32TimerIntMapSnowflake</name>
         <load_address>0x3260</load_address>
         <run_address>0x3260</run_address>
         <size>0x40</size>
         <input_file_ref idref="fl-1c"/>
      </object_component>
      <object_component id="oc-41d">
         <name>.const:g_ppui32UARTIntMap</name>
         <load_address>0x32a0</load_address>
         <run_address>0x32a0</run_address>
         <size>0x40</size>
         <input_file_ref idref="fl-1d"/>
      </object_component>
      <object_component id="oc-420">
         <name>.const:g_ppui32UARTIntMapSnowflake</name>
         <load_address>0x32e0</load_address>
         <run_address>0x32e0</run_address>
         <size>0x40</size>
         <input_file_ref idref="fl-1d"/>
      </object_component>
      <object_component id="oc-220">
         <name>.const:.string:$P$T0$1</name>
         <load_address>0x3320</load_address>
         <run_address>0x3320</run_address>
         <size>0x13</size>
         <input_file_ref idref="fl-2"/>
      </object_component>
      <object_component id="oc-223">
         <name>.const:.string:$P$T1$2</name>
         <load_address>0x3333</load_address>
         <run_address>0x3333</run_address>
         <size>0xa</size>
         <input_file_ref idref="fl-2"/>
      </object_component>
      <object_component id="oc-30e">
         <name>.const:.string:$P$T2$3</name>
         <load_address>0x333d</load_address>
         <run_address>0x333d</run_address>
         <size>0x4</size>
         <input_file_ref idref="fl-5"/>
      </object_component>
      <object_component id="oc-308">
         <name>.const:.string:$P$T0$1</name>
         <load_address>0x3341</load_address>
         <run_address>0x3341</run_address>
         <size>0x3</size>
         <input_file_ref idref="fl-5"/>
      </object_component>
      <object_component id="oc-30b">
         <name>.const:.string:$P$T1$2</name>
         <load_address>0x3344</load_address>
         <run_address>0x3344</run_address>
         <size>0x3</size>
         <input_file_ref idref="fl-5"/>
      </object_component>
      <object_component id="oc-311">
         <name>.const:.string:$P$T3$4</name>
         <load_address>0x3347</load_address>
         <run_address>0x3347</run_address>
         <size>0x3</size>
         <input_file_ref idref="fl-5"/>
      </object_component>
      <object_component id="oc-44a">
         <name>.cinit..data.load</name>
         <load_address>0x3350</load_address>
         <run_address>0x3350</run_address>
         <size>0x21</size>
      </object_component>
      <object_component id="oc-447">
         <name>__TI_handler_table</name>
         <load_address>0x3374</load_address>
         <run_address>0x3374</run_address>
         <size>0xc</size>
      </object_component>
      <object_component id="oc-44b">
         <name>.cinit..bss.load</name>
         <load_address>0x3380</load_address>
         <run_address>0x3380</run_address>
         <size>0x8</size>
      </object_component>
      <object_component id="oc-449">
         <name>.cinit..vtable.load</name>
         <load_address>0x3388</load_address>
         <run_address>0x3388</run_address>
         <size>0x8</size>
      </object_component>
      <object_component id="oc-448">
         <name>__TI_cinit_table</name>
         <load_address>0x3390</load_address>
         <run_address>0x3390</run_address>
         <size>0x18</size>
      </object_component>
      <object_component id="oc-258">
         <name>.vtable</name>
         <uninitialized>true</uninitialized>
         <run_address>0x20000000</run_address>
         <size>0x26c</size>
         <input_file_ref idref="fl-18"/>
      </object_component>
      <object_component id="oc-2ad">
         <name>.data:lcdInitCmd_</name>
         <load_address>0x200009a0</load_address>
         <run_address>0x200009a0</run_address>
         <size>0x9</size>
         <input_file_ref idref="fl-4"/>
      </object_component>
      <object_component id="oc-2b3">
         <name>.data:lcdPositionArray_</name>
         <load_address>0x200009a9</load_address>
         <run_address>0x200009a9</run_address>
         <size>0x3</size>
         <input_file_ref idref="fl-4"/>
      </object_component>
      <object_component id="oc-2b0">
         <name>.data:lcdDataArray_</name>
         <load_address>0x20000914</load_address>
         <run_address>0x20000914</run_address>
         <size>0x80</size>
         <input_file_ref idref="fl-4"/>
      </object_component>
      <object_component id="oc-226">
         <name>.data</name>
         <load_address>0x200009be</load_address>
         <run_address>0x200009be</run_address>
         <size>0x1</size>
         <input_file_ref idref="fl-9"/>
      </object_component>
      <object_component id="oc-1e4">
         <name>.data</name>
         <load_address>0x200009ba</load_address>
         <run_address>0x200009ba</run_address>
         <size>0x4</size>
         <input_file_ref idref="fl-d"/>
      </object_component>
      <object_component id="oc-3c1">
         <name>.data</name>
         <load_address>0x200009bf</load_address>
         <run_address>0x200009bf</run_address>
         <size>0x1</size>
         <input_file_ref idref="fl-e"/>
      </object_component>
      <object_component id="oc-105">
         <name>.data</name>
         <load_address>0x200009b4</load_address>
         <run_address>0x200009b4</run_address>
         <size>0x6</size>
         <input_file_ref idref="fl-f"/>
      </object_component>
      <object_component id="oc-148">
         <name>.data:$O1$$</name>
         <load_address>0x20000994</load_address>
         <run_address>0x20000994</run_address>
         <size>0xc</size>
         <input_file_ref idref="fl-d8"/>
      </object_component>
      <object_component id="oc-7b">
         <name>.data</name>
         <load_address>0x200009c0</load_address>
         <run_address>0x200009c0</run_address>
         <size>0x4</size>
         <input_file_ref idref="fl-e0"/>
      </object_component>
      <object_component id="oc-14b">
         <name>.data:$O1$$</name>
         <load_address>0x200009ac</load_address>
         <run_address>0x200009ac</run_address>
         <size>0x8</size>
         <input_file_ref idref="fl-e2"/>
      </object_component>
      <object_component id="oc-2ba">
         <name>.bss</name>
         <uninitialized>true</uninitialized>
         <run_address>0x20000676</run_address>
         <size>0x2</size>
         <input_file_ref idref="fl-6"/>
      </object_component>
      <object_component id="oc-2aa">
         <name>.common:LCD_cmd_</name>
         <uninitialized>true</uninitialized>
         <run_address>0x2000026c</run_address>
         <size>0x205</size>
      </object_component>
      <object_component id="oc-1e1">
         <name>.common:sensor_data_</name>
         <uninitialized>true</uninitialized>
         <run_address>0x20000678</run_address>
         <size>0x98</size>
      </object_component>
      <object_component id="oc-22c">
         <name>.common:uart_status_</name>
         <uninitialized>true</uninitialized>
         <run_address>0x20000471</run_address>
         <size>0x205</size>
      </object_component>
      <object_component id="oc-229">
         <name>.common:switch_backlight_</name>
         <uninitialized>true</uninitialized>
         <run_address>0x20000710</run_address>
         <size>0x1</size>
      </object_component>
      <object_component id="oc-2a">
         <name>.stack</name>
         <uninitialized>true</uninitialized>
         <run_address>0x20000714</run_address>
         <size>0x0</size>
         <input_file_ref idref="fl-d4"/>
      </object_component>
      <object_component id="oc-44c">
         <name>.stack</name>
         <uninitialized>true</uninitialized>
         <run_address>0x20000714</run_address>
         <size>0x0</size>
      </object_component>
      <object_component id="oc-22e">
         <name>.debug_info</name>
         <load_address>0x0</load_address>
         <run_address>0x0</run_address>
         <size>0x67e</size>
         <input_file_ref idref="fl-2"/>
      </object_component>
      <object_component id="oc-221">
         <name>.debug_info</name>
         <load_address>0x67e</load_address>
         <run_address>0x67e</run_address>
         <size>0xd8</size>
         <input_file_ref idref="fl-2"/>
      </object_component>
      <object_component id="oc-224">
         <name>.debug_info</name>
         <load_address>0x756</load_address>
         <run_address>0x756</run_address>
         <size>0xd8</size>
         <input_file_ref idref="fl-2"/>
      </object_component>
      <object_component id="oc-141">
         <name>.debug_info</name>
         <load_address>0x82e</load_address>
         <run_address>0x82e</run_address>
         <size>0x478</size>
         <input_file_ref idref="fl-2"/>
      </object_component>
      <object_component id="oc-316">
         <name>.debug_info</name>
         <load_address>0xca6</load_address>
         <run_address>0xca6</run_address>
         <size>0x51</size>
         <input_file_ref idref="fl-2"/>
      </object_component>
      <object_component id="oc-323">
         <name>.debug_info</name>
         <load_address>0xcf7</load_address>
         <run_address>0xcf7</run_address>
         <size>0x16a</size>
         <input_file_ref idref="fl-2"/>
      </object_component>
      <object_component id="oc-27a">
         <name>.debug_info</name>
         <load_address>0xe61</load_address>
         <run_address>0xe61</run_address>
         <size>0x23d</size>
         <input_file_ref idref="fl-2"/>
      </object_component>
      <object_component id="oc-109">
         <name>.debug_info</name>
         <load_address>0x109e</load_address>
         <run_address>0x109e</run_address>
         <size>0x8b</size>
         <input_file_ref idref="fl-2"/>
      </object_component>
      <object_component id="oc-115">
         <name>.debug_info</name>
         <load_address>0x1129</load_address>
         <run_address>0x1129</run_address>
         <size>0x18b</size>
         <input_file_ref idref="fl-2"/>
      </object_component>
      <object_component id="oc-10e">
         <name>.debug_info</name>
         <load_address>0x12b4</load_address>
         <run_address>0x12b4</run_address>
         <size>0x55</size>
         <input_file_ref idref="fl-2"/>
      </object_component>
      <object_component id="oc-39">
         <name>.debug_info</name>
         <load_address>0x1309</load_address>
         <run_address>0x1309</run_address>
         <size>0x2ce</size>
         <input_file_ref idref="fl-3"/>
      </object_component>
      <object_component id="oc-10">
         <name>.debug_info</name>
         <load_address>0x15d7</load_address>
         <run_address>0x15d7</run_address>
         <size>0xf7</size>
         <input_file_ref idref="fl-3"/>
      </object_component>
      <object_component id="oc-2e">
         <name>.debug_info</name>
         <load_address>0x16ce</load_address>
         <run_address>0x16ce</run_address>
         <size>0x273</size>
         <input_file_ref idref="fl-3"/>
      </object_component>
      <object_component id="oc-40">
         <name>.debug_info</name>
         <load_address>0x1941</load_address>
         <run_address>0x1941</run_address>
         <size>0x84</size>
         <input_file_ref idref="fl-3"/>
      </object_component>
      <object_component id="oc-2ab">
         <name>.debug_info</name>
         <load_address>0x19c5</load_address>
         <run_address>0x19c5</run_address>
         <size>0x3a8</size>
         <input_file_ref idref="fl-4"/>
      </object_component>
      <object_component id="oc-2b7">
         <name>.debug_info</name>
         <load_address>0x1d6d</load_address>
         <run_address>0x1d6d</run_address>
         <size>0xe6</size>
         <input_file_ref idref="fl-4"/>
      </object_component>
      <object_component id="oc-2ae">
         <name>.debug_info</name>
         <load_address>0x1e53</load_address>
         <run_address>0x1e53</run_address>
         <size>0xe8</size>
         <input_file_ref idref="fl-4"/>
      </object_component>
      <object_component id="oc-2b4">
         <name>.debug_info</name>
         <load_address>0x1f3b</load_address>
         <run_address>0x1f3b</run_address>
         <size>0xf4</size>
         <input_file_ref idref="fl-4"/>
      </object_component>
      <object_component id="oc-2b1">
         <name>.debug_info</name>
         <load_address>0x202f</load_address>
         <run_address>0x202f</run_address>
         <size>0xec</size>
         <input_file_ref idref="fl-4"/>
      </object_component>
      <object_component id="oc-204">
         <name>.debug_info</name>
         <load_address>0x211b</load_address>
         <run_address>0x211b</run_address>
         <size>0x78b</size>
         <input_file_ref idref="fl-4"/>
      </object_component>
      <object_component id="oc-315">
         <name>.debug_info</name>
         <load_address>0x28a6</load_address>
         <run_address>0x28a6</run_address>
         <size>0x361</size>
         <input_file_ref idref="fl-5"/>
      </object_component>
      <object_component id="oc-309">
         <name>.debug_info</name>
         <load_address>0x2c07</load_address>
         <run_address>0x2c07</run_address>
         <size>0xe5</size>
         <input_file_ref idref="fl-5"/>
      </object_component>
      <object_component id="oc-30c">
         <name>.debug_info</name>
         <load_address>0x2cec</load_address>
         <run_address>0x2cec</run_address>
         <size>0xe5</size>
         <input_file_ref idref="fl-5"/>
      </object_component>
      <object_component id="oc-30f">
         <name>.debug_info</name>
         <load_address>0x2dd1</load_address>
         <run_address>0x2dd1</run_address>
         <size>0xe5</size>
         <input_file_ref idref="fl-5"/>
      </object_component>
      <object_component id="oc-312">
         <name>.debug_info</name>
         <load_address>0x2eb6</load_address>
         <run_address>0x2eb6</run_address>
         <size>0xe5</size>
         <input_file_ref idref="fl-5"/>
      </object_component>
      <object_component id="oc-21c">
         <name>.debug_info</name>
         <load_address>0x2f9b</load_address>
         <run_address>0x2f9b</run_address>
         <size>0x6b8</size>
         <input_file_ref idref="fl-5"/>
      </object_component>
      <object_component id="oc-1e2">
         <name>.debug_info</name>
         <load_address>0x3653</load_address>
         <run_address>0x3653</run_address>
         <size>0x2f4</size>
         <input_file_ref idref="fl-6"/>
      </object_component>
      <object_component id="oc-20a">
         <name>.debug_info</name>
         <load_address>0x3947</load_address>
         <run_address>0x3947</run_address>
         <size>0x273</size>
         <input_file_ref idref="fl-6"/>
      </object_component>
      <object_component id="oc-20f">
         <name>.debug_info</name>
         <load_address>0x3bba</load_address>
         <run_address>0x3bba</run_address>
         <size>0x2b7</size>
         <input_file_ref idref="fl-7"/>
      </object_component>
      <object_component id="oc-216">
         <name>.debug_info</name>
         <load_address>0x3e71</load_address>
         <run_address>0x3e71</run_address>
         <size>0x359</size>
         <input_file_ref idref="fl-8"/>
      </object_component>
      <object_component id="oc-227">
         <name>.debug_info</name>
         <load_address>0x41ca</load_address>
         <run_address>0x41ca</run_address>
         <size>0xf5</size>
         <input_file_ref idref="fl-9"/>
      </object_component>
      <object_component id="oc-294">
         <name>.debug_info</name>
         <load_address>0x42bf</load_address>
         <run_address>0x42bf</run_address>
         <size>0x8b2</size>
         <input_file_ref idref="fl-9"/>
      </object_component>
      <object_component id="oc-1fd">
         <name>.debug_info</name>
         <load_address>0x4b71</load_address>
         <run_address>0x4b71</run_address>
         <size>0x192</size>
         <input_file_ref idref="fl-a"/>
      </object_component>
      <object_component id="oc-299">
         <name>.debug_info</name>
         <load_address>0x4d03</load_address>
         <run_address>0x4d03</run_address>
         <size>0x23a</size>
         <input_file_ref idref="fl-b"/>
      </object_component>
      <object_component id="oc-29e">
         <name>.debug_info</name>
         <load_address>0x4f3d</load_address>
         <run_address>0x4f3d</run_address>
         <size>0x2e6</size>
         <input_file_ref idref="fl-c"/>
      </object_component>
      <object_component id="oc-f0">
         <name>.debug_info</name>
         <load_address>0x5223</load_address>
         <run_address>0x5223</run_address>
         <size>0x9be</size>
         <input_file_ref idref="fl-d"/>
      </object_component>
      <object_component id="oc-22a">
         <name>.debug_info</name>
         <load_address>0x5be1</load_address>
         <run_address>0x5be1</run_address>
         <size>0x629</size>
         <input_file_ref idref="fl-e"/>
      </object_component>
      <object_component id="oc-2a4">
         <name>.debug_info</name>
         <load_address>0x620a</load_address>
         <run_address>0x620a</run_address>
         <size>0x4a9</size>
         <input_file_ref idref="fl-e"/>
      </object_component>
      <object_component id="oc-106">
         <name>.debug_info</name>
         <load_address>0x66b3</load_address>
         <run_address>0x66b3</run_address>
         <size>0x122</size>
         <input_file_ref idref="fl-f"/>
      </object_component>
      <object_component id="oc-34">
         <name>.debug_info</name>
         <load_address>0x67d5</load_address>
         <run_address>0x67d5</run_address>
         <size>0x771</size>
         <input_file_ref idref="fl-f"/>
      </object_component>
      <object_component id="oc-28e">
         <name>.debug_info</name>
         <load_address>0x6f46</load_address>
         <run_address>0x6f46</run_address>
         <size>0x1b3</size>
         <input_file_ref idref="fl-10"/>
      </object_component>
      <object_component id="oc-3d3">
         <name>.debug_info</name>
         <load_address>0x70f9</load_address>
         <run_address>0x70f9</run_address>
         <size>0x24d</size>
         <input_file_ref idref="fl-16"/>
      </object_component>
      <object_component id="oc-2e6">
         <name>.debug_info</name>
         <load_address>0x7346</load_address>
         <run_address>0x7346</run_address>
         <size>0x333</size>
         <input_file_ref idref="fl-16"/>
      </object_component>
      <object_component id="oc-2ec">
         <name>.debug_info</name>
         <load_address>0x7679</load_address>
         <run_address>0x7679</run_address>
         <size>0x2a0</size>
         <input_file_ref idref="fl-16"/>
      </object_component>
      <object_component id="oc-2fe">
         <name>.debug_info</name>
         <load_address>0x7919</load_address>
         <run_address>0x7919</run_address>
         <size>0x2ff</size>
         <input_file_ref idref="fl-16"/>
      </object_component>
      <object_component id="oc-2e0">
         <name>.debug_info</name>
         <load_address>0x7c18</load_address>
         <run_address>0x7c18</run_address>
         <size>0x326</size>
         <input_file_ref idref="fl-16"/>
      </object_component>
      <object_component id="oc-2da">
         <name>.debug_info</name>
         <load_address>0x7f3e</load_address>
         <run_address>0x7f3e</run_address>
         <size>0x27c</size>
         <input_file_ref idref="fl-16"/>
      </object_component>
      <object_component id="oc-2f8">
         <name>.debug_info</name>
         <load_address>0x81ba</load_address>
         <run_address>0x81ba</run_address>
         <size>0x2a4</size>
         <input_file_ref idref="fl-16"/>
      </object_component>
      <object_component id="oc-2f2">
         <name>.debug_info</name>
         <load_address>0x845e</load_address>
         <run_address>0x845e</run_address>
         <size>0x294</size>
         <input_file_ref idref="fl-16"/>
      </object_component>
      <object_component id="oc-15a">
         <name>.debug_info</name>
         <load_address>0x86f2</load_address>
         <run_address>0x86f2</run_address>
         <size>0x240</size>
         <input_file_ref idref="fl-17"/>
      </object_component>
      <object_component id="oc-339">
         <name>.debug_info</name>
         <load_address>0x8932</load_address>
         <run_address>0x8932</run_address>
         <size>0x167</size>
         <input_file_ref idref="fl-17"/>
      </object_component>
      <object_component id="oc-33c">
         <name>.debug_info</name>
         <load_address>0x8a99</load_address>
         <run_address>0x8a99</run_address>
         <size>0x169</size>
         <input_file_ref idref="fl-17"/>
      </object_component>
      <object_component id="oc-157">
         <name>.debug_info</name>
         <load_address>0x8c02</load_address>
         <run_address>0x8c02</run_address>
         <size>0x15b</size>
         <input_file_ref idref="fl-17"/>
      </object_component>
      <object_component id="oc-1c4">
         <name>.debug_info</name>
         <load_address>0x8d5d</load_address>
         <run_address>0x8d5d</run_address>
         <size>0x2a3</size>
         <input_file_ref idref="fl-17"/>
      </object_component>
      <object_component id="oc-15c">
         <name>.debug_info</name>
         <load_address>0x9000</load_address>
         <run_address>0x9000</run_address>
         <size>0x2b3</size>
         <input_file_ref idref="fl-17"/>
      </object_component>
      <object_component id="oc-162">
         <name>.debug_info</name>
         <load_address>0x92b3</load_address>
         <run_address>0x92b3</run_address>
         <size>0x316</size>
         <input_file_ref idref="fl-17"/>
      </object_component>
      <object_component id="oc-387">
         <name>.debug_info</name>
         <load_address>0x95c9</load_address>
         <run_address>0x95c9</run_address>
         <size>0x27b</size>
         <input_file_ref idref="fl-17"/>
      </object_component>
      <object_component id="oc-362">
         <name>.debug_info</name>
         <load_address>0x9844</load_address>
         <run_address>0x9844</run_address>
         <size>0x279</size>
         <input_file_ref idref="fl-17"/>
      </object_component>
      <object_component id="oc-94">
         <name>.debug_info</name>
         <load_address>0x9abd</load_address>
         <run_address>0x9abd</run_address>
         <size>0x279</size>
         <input_file_ref idref="fl-17"/>
      </object_component>
      <object_component id="oc-34e">
         <name>.debug_info</name>
         <load_address>0x9d36</load_address>
         <run_address>0x9d36</run_address>
         <size>0x2b7</size>
         <input_file_ref idref="fl-17"/>
      </object_component>
      <object_component id="oc-35a">
         <name>.debug_info</name>
         <load_address>0x9fed</load_address>
         <run_address>0x9fed</run_address>
         <size>0x285</size>
         <input_file_ref idref="fl-17"/>
      </object_component>
      <object_component id="oc-2d2">
         <name>.debug_info</name>
         <load_address>0xa272</load_address>
         <run_address>0xa272</run_address>
         <size>0x279</size>
         <input_file_ref idref="fl-17"/>
      </object_component>
      <object_component id="oc-8d">
         <name>.debug_info</name>
         <load_address>0xa4eb</load_address>
         <run_address>0xa4eb</run_address>
         <size>0x280</size>
         <input_file_ref idref="fl-17"/>
      </object_component>
      <object_component id="oc-353">
         <name>.debug_info</name>
         <load_address>0xa76b</load_address>
         <run_address>0xa76b</run_address>
         <size>0x345</size>
         <input_file_ref idref="fl-17"/>
      </object_component>
      <object_component id="oc-26a">
         <name>.debug_info</name>
         <load_address>0xaab0</load_address>
         <run_address>0xaab0</run_address>
         <size>0x298</size>
         <input_file_ref idref="fl-17"/>
      </object_component>
      <object_component id="oc-1b2">
         <name>.debug_info</name>
         <load_address>0xad48</load_address>
         <run_address>0xad48</run_address>
         <size>0x2bb</size>
         <input_file_ref idref="fl-17"/>
      </object_component>
      <object_component id="oc-1b8">
         <name>.debug_info</name>
         <load_address>0xb003</load_address>
         <run_address>0xb003</run_address>
         <size>0x27f</size>
         <input_file_ref idref="fl-17"/>
      </object_component>
      <object_component id="oc-1ac">
         <name>.debug_info</name>
         <load_address>0xb282</load_address>
         <run_address>0xb282</run_address>
         <size>0x2cf</size>
         <input_file_ref idref="fl-17"/>
      </object_component>
      <object_component id="oc-1ca">
         <name>.debug_info</name>
         <load_address>0xb551</load_address>
         <run_address>0xb551</run_address>
         <size>0x28f</size>
         <input_file_ref idref="fl-17"/>
      </object_component>
      <object_component id="oc-f3">
         <name>.debug_info</name>
         <load_address>0xb7e0</load_address>
         <run_address>0xb7e0</run_address>
         <size>0x291</size>
         <input_file_ref idref="fl-17"/>
      </object_component>
      <object_component id="oc-f9">
         <name>.debug_info</name>
         <load_address>0xba71</load_address>
         <run_address>0xba71</run_address>
         <size>0x28d</size>
         <input_file_ref idref="fl-17"/>
      </object_component>
      <object_component id="oc-171">
         <name>.debug_info</name>
         <load_address>0xbcfe</load_address>
         <run_address>0xbcfe</run_address>
         <size>0x20e</size>
         <input_file_ref idref="fl-18"/>
      </object_component>
      <object_component id="oc-16e">
         <name>.debug_info</name>
         <load_address>0xbf0c</load_address>
         <run_address>0xbf0c</run_address>
         <size>0x210</size>
         <input_file_ref idref="fl-18"/>
      </object_component>
      <object_component id="oc-259">
         <name>.debug_info</name>
         <load_address>0xc11c</load_address>
         <run_address>0xc11c</run_address>
         <size>0x157</size>
         <input_file_ref idref="fl-18"/>
      </object_component>
      <object_component id="oc-17c">
         <name>.debug_info</name>
         <load_address>0xc273</load_address>
         <run_address>0xc273</run_address>
         <size>0x2c1</size>
         <input_file_ref idref="fl-18"/>
      </object_component>
      <object_component id="oc-b1">
         <name>.debug_info</name>
         <load_address>0xc534</load_address>
         <run_address>0xc534</run_address>
         <size>0x268</size>
         <input_file_ref idref="fl-18"/>
      </object_component>
      <object_component id="oc-db">
         <name>.debug_info</name>
         <load_address>0xc79c</load_address>
         <run_address>0xc79c</run_address>
         <size>0x26a</size>
         <input_file_ref idref="fl-18"/>
      </object_component>
      <object_component id="oc-16a">
         <name>.debug_info</name>
         <load_address>0xca06</load_address>
         <run_address>0xca06</run_address>
         <size>0x1ed</size>
         <input_file_ref idref="fl-19"/>
      </object_component>
      <object_component id="oc-ab">
         <name>.debug_info</name>
         <load_address>0xcbf3</load_address>
         <run_address>0xcbf3</run_address>
         <size>0x2f6</size>
         <input_file_ref idref="fl-19"/>
      </object_component>
      <object_component id="oc-cf">
         <name>.debug_info</name>
         <load_address>0xcee9</load_address>
         <run_address>0xcee9</run_address>
         <size>0x2c4</size>
         <input_file_ref idref="fl-19"/>
      </object_component>
      <object_component id="oc-b7">
         <name>.debug_info</name>
         <load_address>0xd1ad</load_address>
         <run_address>0xd1ad</run_address>
         <size>0x28a</size>
         <input_file_ref idref="fl-19"/>
      </object_component>
      <object_component id="oc-e1">
         <name>.debug_info</name>
         <load_address>0xd437</load_address>
         <run_address>0xd437</run_address>
         <size>0x28c</size>
         <input_file_ref idref="fl-19"/>
      </object_component>
      <object_component id="oc-a5">
         <name>.debug_info</name>
         <load_address>0xd6c3</load_address>
         <run_address>0xd6c3</run_address>
         <size>0x2b6</size>
         <input_file_ref idref="fl-19"/>
      </object_component>
      <object_component id="oc-176">
         <name>.debug_info</name>
         <load_address>0xd979</load_address>
         <run_address>0xd979</run_address>
         <size>0x2b7</size>
         <input_file_ref idref="fl-19"/>
      </object_component>
      <object_component id="oc-bd">
         <name>.debug_info</name>
         <load_address>0xdc30</load_address>
         <run_address>0xdc30</run_address>
         <size>0x2c2</size>
         <input_file_ref idref="fl-19"/>
      </object_component>
      <object_component id="oc-d5">
         <name>.debug_info</name>
         <load_address>0xdef2</load_address>
         <run_address>0xdef2</run_address>
         <size>0x2ae</size>
         <input_file_ref idref="fl-19"/>
      </object_component>
      <object_component id="oc-c9">
         <name>.debug_info</name>
         <load_address>0xe1a0</load_address>
         <run_address>0xe1a0</run_address>
         <size>0x2e9</size>
         <input_file_ref idref="fl-19"/>
      </object_component>
      <object_component id="oc-c3">
         <name>.debug_info</name>
         <load_address>0xe489</load_address>
         <run_address>0xe489</run_address>
         <size>0x2ac</size>
         <input_file_ref idref="fl-19"/>
      </object_component>
      <object_component id="oc-ff">
         <name>.debug_info</name>
         <load_address>0xe735</load_address>
         <run_address>0xe735</run_address>
         <size>0x276</size>
         <input_file_ref idref="fl-19"/>
      </object_component>
      <object_component id="oc-e7">
         <name>.debug_info</name>
         <load_address>0xe9ab</load_address>
         <run_address>0xe9ab</run_address>
         <size>0x278</size>
         <input_file_ref idref="fl-19"/>
      </object_component>
      <object_component id="oc-9f">
         <name>.debug_info</name>
         <load_address>0xec23</load_address>
         <run_address>0xec23</run_address>
         <size>0x2b3</size>
         <input_file_ref idref="fl-19"/>
      </object_component>
      <object_component id="oc-3f9">
         <name>.debug_info</name>
         <load_address>0xeed6</load_address>
         <run_address>0xeed6</run_address>
         <size>0x21c</size>
         <input_file_ref idref="fl-1a"/>
      </object_component>
      <object_component id="oc-36e">
         <name>.debug_info</name>
         <load_address>0xf0f2</load_address>
         <run_address>0xf0f2</run_address>
         <size>0x242</size>
         <input_file_ref idref="fl-1a"/>
      </object_component>
      <object_component id="oc-374">
         <name>.debug_info</name>
         <load_address>0xf334</load_address>
         <run_address>0xf334</run_address>
         <size>0x276</size>
         <input_file_ref idref="fl-1a"/>
      </object_component>
      <object_component id="oc-368">
         <name>.debug_info</name>
         <load_address>0xf5aa</load_address>
         <run_address>0xf5aa</run_address>
         <size>0x3d9</size>
         <input_file_ref idref="fl-1a"/>
      </object_component>
      <object_component id="oc-37a">
         <name>.debug_info</name>
         <load_address>0xf983</load_address>
         <run_address>0xf983</run_address>
         <size>0x242</size>
         <input_file_ref idref="fl-1a"/>
      </object_component>
      <object_component id="oc-154">
         <name>.debug_info</name>
         <load_address>0xfbc5</load_address>
         <run_address>0xfbc5</run_address>
         <size>0x298</size>
         <input_file_ref idref="fl-1b"/>
      </object_component>
      <object_component id="oc-3f1">
         <name>.debug_info</name>
         <load_address>0xfe5d</load_address>
         <run_address>0xfe5d</run_address>
         <size>0x14d</size>
         <input_file_ref idref="fl-1b"/>
      </object_component>
      <object_component id="oc-88">
         <name>.debug_info</name>
         <load_address>0xffaa</load_address>
         <run_address>0xffaa</run_address>
         <size>0x27f</size>
         <input_file_ref idref="fl-1b"/>
      </object_component>
      <object_component id="oc-83">
         <name>.debug_info</name>
         <load_address>0x10229</load_address>
         <run_address>0x10229</run_address>
         <size>0x27d</size>
         <input_file_ref idref="fl-1b"/>
      </object_component>
      <object_component id="oc-9b">
         <name>.debug_info</name>
         <load_address>0x104a6</load_address>
         <run_address>0x104a6</run_address>
         <size>0x263</size>
         <input_file_ref idref="fl-1b"/>
      </object_component>
      <object_component id="oc-342">
         <name>.debug_info</name>
         <load_address>0x10709</load_address>
         <run_address>0x10709</run_address>
         <size>0x2db</size>
         <input_file_ref idref="fl-1b"/>
      </object_component>
      <object_component id="oc-348">
         <name>.debug_info</name>
         <load_address>0x109e4</load_address>
         <run_address>0x109e4</run_address>
         <size>0x2b5</size>
         <input_file_ref idref="fl-1b"/>
      </object_component>
      <object_component id="oc-246">
         <name>.debug_info</name>
         <load_address>0x10c99</load_address>
         <run_address>0x10c99</run_address>
         <size>0x5f</size>
         <input_file_ref idref="fl-1b"/>
      </object_component>
      <object_component id="oc-25d">
         <name>.debug_info</name>
         <load_address>0x10cf8</load_address>
         <run_address>0x10cf8</run_address>
         <size>0x223</size>
         <input_file_ref idref="fl-1c"/>
      </object_component>
      <object_component id="oc-332">
         <name>.debug_info</name>
         <load_address>0x10f1b</load_address>
         <run_address>0x10f1b</run_address>
         <size>0x15a</size>
         <input_file_ref idref="fl-1c"/>
      </object_component>
      <object_component id="oc-335">
         <name>.debug_info</name>
         <load_address>0x11075</load_address>
         <run_address>0x11075</run_address>
         <size>0x16c</size>
         <input_file_ref idref="fl-1c"/>
      </object_component>
      <object_component id="oc-194">
         <name>.debug_info</name>
         <load_address>0x111e1</load_address>
         <run_address>0x111e1</run_address>
         <size>0x2ba</size>
         <input_file_ref idref="fl-1c"/>
      </object_component>
      <object_component id="oc-262">
         <name>.debug_info</name>
         <load_address>0x1149b</load_address>
         <run_address>0x1149b</run_address>
         <size>0x2eb</size>
         <input_file_ref idref="fl-1c"/>
      </object_component>
      <object_component id="oc-1be">
         <name>.debug_info</name>
         <load_address>0x11786</load_address>
         <run_address>0x11786</run_address>
         <size>0x284</size>
         <input_file_ref idref="fl-1c"/>
      </object_component>
      <object_component id="oc-1a0">
         <name>.debug_info</name>
         <load_address>0x11a0a</load_address>
         <run_address>0x11a0a</run_address>
         <size>0x2e4</size>
         <input_file_ref idref="fl-1c"/>
      </object_component>
      <object_component id="oc-1a6">
         <name>.debug_info</name>
         <load_address>0x11cee</load_address>
         <run_address>0x11cee</run_address>
         <size>0x294</size>
         <input_file_ref idref="fl-1c"/>
      </object_component>
      <object_component id="oc-1dc">
         <name>.debug_info</name>
         <load_address>0x11f82</load_address>
         <run_address>0x11f82</run_address>
         <size>0x296</size>
         <input_file_ref idref="fl-1c"/>
      </object_component>
      <object_component id="oc-19a">
         <name>.debug_info</name>
         <load_address>0x12218</load_address>
         <run_address>0x12218</run_address>
         <size>0x292</size>
         <input_file_ref idref="fl-1c"/>
      </object_component>
      <object_component id="oc-1d0">
         <name>.debug_info</name>
         <load_address>0x124aa</load_address>
         <run_address>0x124aa</run_address>
         <size>0x27f</size>
         <input_file_ref idref="fl-1c"/>
      </object_component>
      <object_component id="oc-1d6">
         <name>.debug_info</name>
         <load_address>0x12729</load_address>
         <run_address>0x12729</run_address>
         <size>0x281</size>
         <input_file_ref idref="fl-1c"/>
      </object_component>
      <object_component id="oc-18e">
         <name>.debug_info</name>
         <load_address>0x129aa</load_address>
         <run_address>0x129aa</run_address>
         <size>0x28c</size>
         <input_file_ref idref="fl-1c"/>
[...]
         <object_component_ref idref="oc-2a3"/>
      </symbol>
      <symbol id="sm-2ae">
         <name>halIsBurstFinished</name>
         <value>0xfcd</value>
         <object_component_ref idref="oc-31"/>
      </symbol>
      <symbol id="sm-2af">
         <name>halStartBurstModeUS</name>
         <value>0xfaf</value>
         <object_component_ref idref="oc-31"/>
      </symbol>
      <symbol id="sm-2b0">
         <name>halStartMeasurementUS</name>
         <value>0x105d</value>
         <object_component_ref idref="oc-31"/>
      </symbol>
      <symbol id="sm-2b1">
         <name>halUsInit</name>
         <value>0xf1d</value>
         <object_component_ref idref="oc-31"/>
      </symbol>
      <symbol id="sm-2b2">
         <name>halStartUS2Measurement</name>
         <value>0x10e9</value>
         <object_component_ref idref="oc-31"/>
      </symbol>
      <symbol id="sm-2b3">
         <name>halResetBurstIndicator</name>
         <value>0xfd3</value>
         <object_component_ref idref="oc-31"/>
      </symbol>
      <symbol id="sm-2b4">
         <name>PWM0_Int_handler</name>
         <value>0xfdb</value>
         <object_component_ref idref="oc-31"/>
      </symbol>
      <symbol id="sm-2c1">
         <name>halSysClkInit</name>
         <value>0x2999</value>
         <object_component_ref idref="oc-28b"/>
      </symbol>
      <symbol id="sm-2c2">
         <name>getClkValue</name>
         <value>0x29a3</value>
         <object_component_ref idref="oc-28b"/>
      </symbol>
      <symbol id="sm-306">
         <name>ADCProcessorTrigger</name>
         <value>0x28f1</value>
         <object_component_ref idref="oc-2f5"/>
      </symbol>
      <symbol id="sm-307">
         <name>ADCSequenceEnable</name>
         <value>0x2a93</value>
         <object_component_ref idref="oc-2e9"/>
      </symbol>
      <symbol id="sm-308">
         <name>ADCSequenceConfigure</name>
         <value>0x24f1</value>
         <object_component_ref idref="oc-2dd"/>
      </symbol>
      <symbol id="sm-309">
         <name>ADCReferenceSet</name>
         <value>0x2af5</value>
         <object_component_ref idref="oc-2d7"/>
      </symbol>
      <symbol id="sm-30a">
         <name>ADCSequenceStepConfigure</name>
         <value>0x20f5</value>
         <object_component_ref idref="oc-2e3"/>
      </symbol>
      <symbol id="sm-30b">
         <name>ADCIntClear</name>
         <value>0x2b49</value>
         <object_component_ref idref="oc-2ef"/>
      </symbol>
      <symbol id="sm-30c">
         <name>ADCSequenceDataGet</name>
         <value>0x2899</value>
         <object_component_ref idref="oc-2fb"/>
      </symbol>
      <symbol id="sm-3c6">
         <name>GPIOPinTypePWM</name>
         <value>0x2a29</value>
         <object_component_ref idref="oc-92"/>
      </symbol>
      <symbol id="sm-3c7">
         <name>GPIOIntRegister</name>
         <value>0x2909</value>
         <object_component_ref idref="oc-1ab"/>
      </symbol>
      <symbol id="sm-3c8">
         <name>GPIOPinConfigure</name>
         <value>0x25d9</value>
         <object_component_ref idref="oc-8c"/>
      </symbol>
      <symbol id="sm-3c9">
         <name>GPIOIntDisable</name>
         <value>0x2aa1</value>
         <object_component_ref idref="oc-f2"/>
      </symbol>
      <symbol id="sm-3ca">
         <name>GPIOIntEnable</name>
         <value>0x2b01</value>
         <object_component_ref idref="oc-1c9"/>
      </symbol>
      <symbol id="sm-3cb">
         <name>GPIOIntTypeSet</name>
         <value>0x23f1</value>
         <object_component_ref idref="oc-1b1"/>
      </symbol>
      <symbol id="sm-3cc">
         <name>GPIOPinTypeADC</name>
         <value>0x2a05</value>
         <object_component_ref idref="oc-2d1"/>
      </symbol>
      <symbol id="sm-3cd">
         <name>GPIOPinTypeGPIOInput</name>
         <value>0x2a17</value>
         <object_component_ref idref="oc-358"/>
      </symbol>
      <symbol id="sm-3ce">
         <name>GPIOPadConfigGet</name>
         <value>0x1e95</value>
         <object_component_ref idref="oc-352"/>
      </symbol>
      <symbol id="sm-3cf">
         <name>GPIOIntClear</name>
         <value>0x2bcb</value>
         <object_component_ref idref="oc-f8"/>
      </symbol>
      <symbol id="sm-3d0">
         <name>GPIOPinTypeUART</name>
         <value>0x2a4d</value>
         <object_component_ref idref="oc-385"/>
      </symbol>
      <symbol id="sm-3d1">
         <name>GPIOIntStatus</name>
         <value>0x2aaf</value>
         <object_component_ref idref="oc-1b7"/>
      </symbol>
      <symbol id="sm-3d2">
         <name>GPIOPinTypeGPIOOutput</name>
         <value>0x2921</value>
         <object_component_ref idref="oc-34c"/>
      </symbol>
      <symbol id="sm-3d3">
         <name>GPIODirModeSet</name>
         <value>0x280d</value>
         <object_component_ref idref="oc-15b"/>
      </symbol>
      <symbol id="sm-3d4">
         <name>GPIOPinWrite</name>
         <value>0x2bd1</value>
         <object_component_ref idref="oc-1c3"/>
      </symbol>
      <symbol id="sm-3d5">
         <name>GPIOPadConfigSet</name>
         <value>0x17f7</value>
         <object_component_ref idref="oc-161"/>
      </symbol>
      <symbol id="sm-3d6">
         <name>GPIOPinTypeSSI</name>
         <value>0x2a3b</value>
         <object_component_ref idref="oc-360"/>
      </symbol>
      <symbol id="sm-422">
         <name>IntEnable</name>
         <value>0x22c1</value>
         <object_component_ref idref="oc-b0"/>
      </symbol>
      <symbol id="sm-423">
         <name>IntDisable</name>
         <value>0x2259</value>
         <object_component_ref idref="oc-da"/>
      </symbol>
      <symbol id="sm-424">
         <name>IntRegister</name>
         <value>0x27a5</value>
         <object_component_ref idref="oc-17b"/>
      </symbol>
      <symbol id="sm-425">
         <name>g_pfnRAMVectors</name>
         <value>0x20000000</value>
         <object_component_ref idref="oc-258"/>
      </symbol>
      <symbol id="sm-4a2">
         <name>PWMGenPeriodSet</name>
         <value>0x2a83</value>
         <object_component_ref idref="oc-a4"/>
      </symbol>
      <symbol id="sm-4a3">
         <name>PWMGenIntStatus</name>
         <value>0x2b25</value>
         <object_component_ref idref="oc-d4"/>
      </symbol>
      <symbol id="sm-4a4">
         <name>PWMGenIntTrigEnable</name>
         <value>0x2b53</value>
         <object_component_ref idref="oc-bc"/>
      </symbol>
      <symbol id="sm-4a5">
         <name>PWMGenDisable</name>
         <value>0x2b0d</value>
         <object_component_ref idref="oc-e6"/>
      </symbol>
      <symbol id="sm-4a6">
         <name>PWMPulseWidthSet</name>
         <value>0x28b7</value>
         <object_component_ref idref="oc-aa"/>
      </symbol>
      <symbol id="sm-4a7">
         <name>PWMIntDisable</name>
         <value>0x2b5d</value>
         <object_component_ref idref="oc-e0"/>
      </symbol>
      <symbol id="sm-4a8">
         <name>PWMGenIntClear</name>
         <value>0x2bd7</value>
         <object_component_ref idref="oc-c2"/>
      </symbol>
      <symbol id="sm-4a9">
         <name>PWMGenIntRegister</name>
         <value>0x2939</value>
         <object_component_ref idref="oc-c8"/>
      </symbol>
      <symbol id="sm-4aa">
         <name>PWMOutputState</name>
         <value>0x2a5f</value>
         <object_component_ref idref="oc-ce"/>
      </symbol>
      <symbol id="sm-4ab">
         <name>PWMGenEnable</name>
         <value>0x2b19</value>
         <object_component_ref idref="oc-fe"/>
      </symbol>
      <symbol id="sm-4ac">
         <name>PWMIntEnable</name>
         <value>0x2ba3</value>
         <object_component_ref idref="oc-b6"/>
      </symbol>
      <symbol id="sm-4ad">
         <name>PWMGenConfigure</name>
         <value>0x2837</value>
         <object_component_ref idref="oc-9e"/>
      </symbol>
      <symbol id="sm-4d4">
         <name>SSIDataPut</name>
         <value>0x2b67</value>
         <object_component_ref idref="oc-372"/>
      </symbol>
      <symbol id="sm-4d5">
         <name>SSIConfigSetExpClk</name>
         <value>0x2731</value>
         <object_component_ref idref="oc-366"/>
      </symbol>
      <symbol id="sm-4d6">
         <name>SSIEnable</name>
         <value>0x2b71</value>
         <object_component_ref idref="oc-36c"/>
      </symbol>
      <symbol id="sm-4d7">
         <name>SSIBusy</name>
         <value>0x2bab</value>
         <object_component_ref idref="oc-378"/>
      </symbol>
      <symbol id="sm-53e">
         <name>SysCtlClockSet</name>
         <value>0x1b35</value>
         <object_component_ref idref="oc-33f"/>
      </symbol>
      <symbol id="sm-53f">
         <name>SysCtlDelay</name>
         <value>0x2bdd</value>
         <object_component_ref idref="oc-104"/>
      </symbol>
      <symbol id="sm-540">
         <name>SysCtlPeripheralEnable</name>
         <value>0x27d9</value>
         <object_component_ref idref="oc-80"/>
      </symbol>
      <symbol id="sm-541">
         <name>SysCtlClockGet</name>
         <value>0x1929</value>
         <object_component_ref idref="oc-345"/>
      </symbol>
      <symbol id="sm-542">
         <name>SysCtlPWMClockSet</name>
         <value>0x29c9</value>
         <object_component_ref idref="oc-98"/>
      </symbol>
      <symbol id="sm-543">
         <name>SysCtlPeripheralReady</name>
         <value>0x276d</value>
         <object_component_ref idref="oc-86"/>
      </symbol>
      <symbol id="sm-5c0">
         <name>TimerLoadSet</name>
         <value>0x2a71</value>
         <object_component_ref idref="oc-193"/>
      </symbol>
      <symbol id="sm-5c1">
         <name>TimerDisable</name>
         <value>0x2951</value>
         <object_component_ref idref="oc-1d5"/>
      </symbol>
      <symbol id="sm-5c2">
         <name>TimerIntRegister</name>
         <value>0x2969</value>
         <object_component_ref idref="oc-19f"/>
      </symbol>
      <symbol id="sm-5c3">
         <name>TimerEnable</name>
         <value>0x2abd</value>
         <object_component_ref idref="oc-1cf"/>
      </symbol>
      <symbol id="sm-5c4">
         <name>TimerIntStatus</name>
         <value>0x2b85</value>
         <object_component_ref idref="oc-1bd"/>
      </symbol>
      <symbol id="sm-5c5">
         <name>TimerIntDisable</name>
         <value>0x2b7b</value>
         <object_component_ref idref="oc-1db"/>
      </symbol>
      <symbol id="sm-5c6">
         <name>TimerIntEnable</name>
         <value>0x2bb3</value>
         <object_component_ref idref="oc-1a5"/>
      </symbol>
      <symbol id="sm-5c7">
         <name>TimerClockSourceSet</name>
         <value>0x2be3</value>
         <object_component_ref idref="oc-187"/>
      </symbol>
      <symbol id="sm-5c8">
         <name>TimerConfigure</name>
         <value>0x2391</value>
         <object_component_ref idref="oc-18d"/>
      </symbol>
      <symbol id="sm-5c9">
         <name>TimerIntClear</name>
         <value>0x2bef</value>
         <object_component_ref idref="oc-199"/>
      </symbol>
      <symbol id="sm-652">
         <name>UARTCharPutNonBlocking</name>
         <value>0x2acb</value>
         <object_component_ref idref="oc-3a3"/>
      </symbol>
      <symbol id="sm-653">
         <name>UARTConfigSetExpClk</name>
         <value>0x2621</value>
         <object_component_ref idref="oc-37f"/>
      </symbol>
      <symbol id="sm-654">
         <name>UARTDisable</name>
         <value>0x2859</value>
         <object_component_ref idref="oc-3fd"/>
      </symbol>
      <symbol id="sm-655">
         <name>UARTBusy</name>
         <value>0x2bbb</value>
         <object_component_ref idref="oc-302"/>
      </symbol>
      <symbol id="sm-656">
         <name>UARTIntEnable</name>
         <value>0x2bc3</value>
         <object_component_ref idref="oc-397"/>
      </symbol>
      <symbol id="sm-657">
         <name>UARTCharsAvail</name>
         <value>0x2ad9</value>
         <object_component_ref idref="oc-3bb"/>
      </symbol>
      <symbol id="sm-658">
         <name>UARTEnable</name>
         <value>0x29dd</value>
         <object_component_ref idref="oc-39d"/>
      </symbol>
      <symbol id="sm-659">
         <name>UARTIntClear</name>
         <value>0x2bf3</value>
         <object_component_ref idref="oc-3af"/>
      </symbol>
      <symbol id="sm-65a">
         <name>UARTIntStatus</name>
         <value>0x2b99</value>
         <object_component_ref idref="oc-3a9"/>
      </symbol>
      <symbol id="sm-65b">
         <name>UARTCharGet</name>
         <value>0x2b8f</value>
         <object_component_ref idref="oc-3b5"/>
      </symbol>
      <symbol id="sm-65c">
         <name>UARTFIFOLevelSet</name>
         <value>0x2be9</value>
         <object_component_ref idref="oc-391"/>
      </symbol>
      <symbol id="sm-65d">
         <name>UARTIntRegister</name>
         <value>0x2981</value>
         <object_component_ref idref="oc-38b"/>
      </symbol>
      <symbol id="sm-66f">
         <name>_c_int00</name>
         <value>0x2449</value>
         <object_component_ref idref="oc-24"/>
      </symbol>
      <symbol id="sm-670">
         <name>__stack</name>
         <value>0x20000714</value>
         <object_component_ref idref="oc-2a"/>
      </symbol>
      <symbol id="sm-68e">
         <name>__TI_decompress_lzss</name>
         <value>0x2329</value>
         <object_component_ref idref="oc-12"/>
      </symbol>
      <symbol id="sm-6a5">
         <name>__TI_decompress_none</name>
         <value>0x2ae7</value>
         <object_component_ref idref="oc-18"/>
      </symbol>
      <symbol id="sm-6bc">
         <name>__TI_zero_init</name>
         <value>0x2b31</value>
         <object_component_ref idref="oc-1e"/>
      </symbol>
      <symbol id="sm-6dd">
         <name>C$$EXIT</name>
         <value>0x249d</value>
         <object_component_ref idref="oc-75"/>
      </symbol>
      <symbol id="sm-6de">
         <name>abort</name>
         <value>0x24a1</value>
         <object_component_ref idref="oc-75"/>
      </symbol>
      <symbol id="sm-6df">
         <name>exit</name>
         <value>0x24a9</value>
         <object_component_ref idref="oc-75"/>
      </symbol>
      <symbol id="sm-6e0">
         <name>__TI_dtors_ptr</name>
         <value>0x20000998</value>
         <object_component_ref idref="oc-148"/>
      </symbol>
      <symbol id="sm-6e1">
         <name>__TI_cleanup_ptr</name>
         <value>0x20000994</value>
         <object_component_ref idref="oc-148"/>
      </symbol>
      <symbol id="sm-6e2">
         <name>__TI_enable_exit_profile_output</name>
         <value>0x2000099c</value>
         <object_component_ref idref="oc-148"/>
      </symbol>
      <symbol id="sm-6f6">
         <name>__aeabi_ddiv</name>
         <value>0x16c1</value>
         <object_component_ref idref="oc-2c1"/>
      </symbol>
      <symbol id="sm-701">
         <name>__aeabi_dmul</name>
         <value>0x1a39</value>
         <object_component_ref idref="oc-2c6"/>
      </symbol>
      <symbol id="sm-70b">
         <name>__aeabi_d2uiz</name>
         <value>0x26ad</value>
         <object_component_ref idref="oc-2cb"/>
      </symbol>
      <symbol id="sm-726">
         <name>memcpy</name>
         <value>0x1fd9</value>
         <object_component_ref idref="oc-45"/>
      </symbol>
      <symbol id="sm-727">
         <name>__aeabi_memcpy</name>
         <value>0x1fd9</value>
         <object_component_ref idref="oc-45"/>
      </symbol>
      <symbol id="sm-728">
         <name>__aeabi_memcpy8</name>
         <value>0x1fd9</value>
         <object_component_ref idref="oc-45"/>
      </symbol>
      <symbol id="sm-729">
         <name>__aeabi_memcpy4</name>
         <value>0x1fd9</value>
         <object_component_ref idref="oc-45"/>
      </symbol>
      <symbol id="sm-738">
         <name>__aeabi_memset</name>
         <value>0x2171</value>
         <object_component_ref idref="oc-51"/>
      </symbol>
      <symbol id="sm-739">
         <name>memset</name>
         <value>0x2177</value>
         <object_component_ref idref="oc-51"/>
      </symbol>
      <symbol id="sm-73a">
         <name>__aeabi_memset8</name>
         <value>0x2171</value>
         <object_component_ref idref="oc-51"/>
      </symbol>
      <symbol id="sm-73b">
         <name>__aeabi_memset4</name>
         <value>0x2171</value>
         <object_component_ref idref="oc-51"/>
      </symbol>
      <symbol id="sm-73c">
         <name>__aeabi_memclr8</name>
         <value>0x216f</value>
         <object_component_ref idref="oc-51"/>
      </symbol>
      <symbol id="sm-73d">
         <name>__aeabi_memclr4</name>
         <value>0x216f</value>
         <object_component_ref idref="oc-51"/>
      </symbol>
      <symbol id="sm-73e">
         <name>__aeabi_memclr</name>
         <value>0x216f</value>
         <object_component_ref idref="oc-51"/>
      </symbol>
      <symbol id="sm-748">
         <name>__mpu_init</name>
         <value>0x2447</value>
         <object_component_ref idref="oc-5d"/>
      </symbol>
      <symbol id="sm-752">
         <name>_system_pre_init</name>
         <value>0x2bf7</value>
         <object_component_ref idref="oc-63"/>
      </symbol>
      <symbol id="sm-75a">
         <name>main_func_sp</name>
         <value>0x200009c0</value>
         <object_component_ref idref="oc-7b"/>
      </symbol>
      <symbol id="sm-764">
         <name>__aeabi_ui2d</name>
         <value>0x2879</value>
         <object_component_ref idref="oc-2bc"/>
      </symbol>
      <symbol id="sm-77d">
         <name>_nop</name>
         <value>0x29ff</value>
         <object_component_ref idref="oc-238"/>
      </symbol>
      <symbol id="sm-77e">
         <name>_lock</name>
         <value>0x200009ac</value>
         <object_component_ref idref="oc-14b"/>
      </symbol>
      <symbol id="sm-77f">
         <name>_unlock</name>
         <value>0x200009b0</value>
         <object_component_ref idref="oc-14b"/>
      </symbol>
      <symbol id="sm-780">
         <name>_register_lock</name>
         <value>0x29f7</value>
         <object_component_ref idref="oc-238"/>
      </symbol>
      <symbol id="sm-781">
         <name>_register_unlock</name>
         <value>0x29f1</value>
         <object_component_ref idref="oc-238"/>
      </symbol>
      <symbol id="sm-795">
         <name>_args_main</name>
         <value>0x29b1</value>
         <object_component_ref idref="oc-6f"/>
      </symbol>
      <symbol id="sm-7bf">
         <name>__TI_auto_init</name>
         <value>0x21e9</value>
         <object_component_ref idref="oc-69"/>
      </symbol>
      <symbol id="sm-7d9">
         <name>copy_in</name>
         <value>0x258d</value>
         <object_component_ref idref="oc-132"/>
      </symbol>
      <symbol id="sm-7e3">
         <name>_system_post_cinit</name>
         <value>0x2667</value>
         <object_component_ref idref="oc-138"/>
      </symbol>
      <symbol id="sm-7e4">
         <name>__TI_static_base__</name>
         <value>0x0</value>
      </symbol>
      <symbol id="sm-7e7">
         <name>SHT$$INIT_ARRAY$$Limit</name>
         <value>0x0</value>
      </symbol>
      <symbol id="sm-7e8">
         <name>SHT$$INIT_ARRAY$$Base</name>
         <value>0x0</value>
      </symbol>
   </symbol_table>
   <title>Link successful</title>
</link_info>
