******************************************************************************
                  TI ARM Linker PC v16.9.4                     
******************************************************************************
>> Linked Mon Jun 18 11:00:54 2018

OUTPUT FILE NAME:   <EM_1_TIVA_Git.out>
ENTRY POINT SYMBOL: "_c_int00"  address: 00000f01


MEMORY CONFIGURATION

         name            origin    length      used     unused   attr    fill
----------------------  --------  ---------  --------  --------  ----  --------
  FLASH                 00000000   00040000  00001794  0003e86c  R  X
  SRAM                  20000000   00008000  00000491  00007b6f  RW X


SEGMENT ALLOCATION MAP

run origin  load origin   length   init length attrs members
----------  ----------- ---------- ----------- ----- -------
00000000    00000000    00001798   00001798    r-x
  00000000    00000000    0000026c   0000026c    r-- .intvecs
  0000026c    0000026c    000011e4   000011e4    r-x .text
  00001450    00001450    00000304   00000304    r-- .const
  00001758    00001758    00000040   00000040    r-- .cinit
20000000    20000000    00000491   00000000    rw-
  20000000    20000000    0000026c   00000000    rw- .vtable
  2000026c    2000026c    00000200   00000000    rw- .stack
  2000046c    2000046c    00000025   00000000    rw- .data


SECTION ALLOCATION MAP

 output                                  attributes/
section   page    origin      length       input sections
--------  ----  ----------  ----------   ----------------
.intvecs   0    00000000    0000026c     
                  00000000    0000026c     tm4c123gh6pm_startup_ccs.obj (.intvecs)

.text      0    0000026c    000011e4     
                  0000026c    00000244     hal_i2c.obj (.text)
                  000004b0    000001e4     hal_gpio.obj (.text)
                  00000694    00000132     driverlib.lib : gpio.obj (.text:GPIOPadConfigSet)
                  000007c6    00000002     rtsv7M4_T_le_v4SPD16_eabi.lib : mpu_init.obj (.text)
                  000007c8    00000130     hal_us.obj (.text)
                  000008f8    00000110     driverlib.lib : sysctl.obj (.text:SysCtlClockGet)
                  00000a08    000000f4                   : sysctl.obj (.text:SysCtlClockSet)
                  00000afc    000000b0                   : pwm.obj (.text:_PWMGenIntNumberGet)
                  00000bac    000000a4                   : gpio.obj (.text:GPIOPadConfigGet)
                  00000c50    0000009c     rtsv7M4_T_le_v4SPD16_eabi.lib : memcpy_t2.obj (.text)
                  00000cec    0000007a                                   : memset_t2.obj (.text)
                  00000d66    00000002                                   : startup.obj (.text)
                  00000d68    00000070                                   : autoinit.obj (.text)
                  00000dd8    00000068     driverlib.lib : interrupt.obj (.text:IntEnable)
                  00000e40    00000068     rtsv7M4_T_le_v4SPD16_eabi.lib : copy_decompress_lzss.obj (.text:decompress:lzss)
                  00000ea8    00000056     driverlib.lib : gpio.obj (.text:GPIOIntTypeSet)
                  00000efe    00000002     --HOLE-- [fill = 0]
                  00000f00    00000054     rtsv7M4_T_le_v4SPD16_eabi.lib : boot.obj (.text)
                  00000f54    00000054                                   : exit.obj (.text)
                  00000fa8    00000050     driverlib.lib : sysctl.obj (.text:SysCtlPeripheralReset)
                  00000ff8    0000004c                   : i2c.obj (.text:I2CMasterInitExpClk)
                  00001044    0000004c     rtsv7M4_T_le_v4SPD16_eabi.lib : cpy_tbl.obj (.text)
                  00001090    00000048     driverlib.lib : gpio.obj (.text:GPIOPinConfigure)
                  000010d8    00000044                   : gpio.obj (.text:_GPIOIntNumberGet)
                  0000111c    00000038                   : sysctl.obj (.text:SysCtlPeripheralReady)
                  00001154    00000034                   : interrupt.obj (.text:IntRegister)
                  00001188    00000034                   : sysctl.obj (.text:SysCtlPeripheralEnable)
                  000011bc    0000002e     hal_mpu_9250.obj (.text)
                  000011ea    00000002     --HOLE-- [fill = 0]
                  000011ec    0000002c     main.obj (.text)
                  00001218    0000002a     driverlib.lib : gpio.obj (.text:GPIODirModeSet)
                  00001242    00000022                   : pwm.obj (.text:PWMGenConfigure)
                  00001264    0000001e                   : pwm.obj (.text:PWMPulseWidthSet)
                  00001282    00000018                   : gpio.obj (.text:GPIOIntRegister)
                  0000129a    00000018                   : gpio.obj (.text:GPIOPinTypeGPIOOutput)
                  000012b2    00000018                   : pwm.obj (.text:PWMGenIntRegister)
                  000012ca    00000002     --HOLE-- [fill = 0]
                  000012cc    00000018     rtsv7M4_T_le_v4SPD16_eabi.lib : args_main.obj (.text)
                  000012e4    00000014     driverlib.lib : sysctl.obj (.text:SysCtlPWMClockSet)
                  000012f8    00000014     rtsv7M4_T_le_v4SPD16_eabi.lib : _lock.obj (.text)
                  0000130c    00000012     driverlib.lib : gpio.obj (.text:GPIOPinTypeGPIOInput)
                  0000131e    00000012                   : gpio.obj (.text:GPIOPinTypeI2C)
                  00001330    00000012                   : gpio.obj (.text:GPIOPinTypeI2CSCL)
                  00001342    00000012                   : gpio.obj (.text:GPIOPinTypePWM)
                  00001354    00000012                   : pwm.obj (.text:PWMOutputState)
                  00001366    00000010                   : pwm.obj (.text:PWMGenPeriodSet)
                  00001376    00000010     hal_init.obj (.text)
                  00001386    00000002     --HOLE-- [fill = 0]
                  00001388    00000010     hal_usc.obj (.text)
                  00001398    0000000e     driverlib.lib : gpio.obj (.text:GPIOIntStatus)
                  000013a6    0000000e     rtsv7M4_T_le_v4SPD16_eabi.lib : copy_decompress_none.obj (.text:decompress:none)
                  000013b4    0000000c     driverlib.lib : gpio.obj (.text:GPIOIntEnable)
                  000013c0    0000000c                   : pwm.obj (.text:PWMGenDisable)
                  000013cc    0000000c                   : pwm.obj (.text:PWMGenEnable)
                  000013d8    0000000c                   : pwm.obj (.text:PWMGenIntStatus)
                  000013e4    0000000c     rtsv7M4_T_le_v4SPD16_eabi.lib : copy_zero_init.obj (.text:decompress:ZI)
                  000013f0    0000000c     tm4c123gh6pm_startup_ccs.obj (.text)
                  000013fc    0000000a     driverlib.lib : i2c.obj (.text:I2CMasterEnable)
                  00001406    0000000a                   : pwm.obj (.text:PWMGenIntTrigEnable)
                  00001410    00000008                   : i2c.obj (.text:I2CMasterBusy)
                  00001418    00000008                   : i2c.obj (.text:I2CMasterSlaveAddrSet)
                  00001420    00000008                   : pwm.obj (.text:PWMIntEnable)
                  00001428    00000006                   : gpio.obj (.text:GPIOIntClear)
                  0000142e    00000006                   : gpio.obj (.text:GPIOPinWrite)
                  00001434    00000006                   : pwm.obj (.text:PWMGenIntClear)
                  0000143a    00000006                   : sysctl.obj (.text:SysCtlDelay)
                  00001440    00000004                   : i2c.obj (.text:I2CMasterControl)
                  00001444    00000004                   : i2c.obj (.text:I2CMasterDataGet)
                  00001448    00000004                   : i2c.obj (.text:I2CMasterDataPut)
                  0000144c    00000004     rtsv7M4_T_le_v4SPD16_eabi.lib : pre_init.obj (.text)

.const     0    00001450    00000304     
                  00001450    000000d8     driverlib.lib : gpio.obj (.const:g_ppui32GPIOIntMapSnowflake)
                  00001528    000000c0                   : gpio.obj (.const:g_ppui32GPIOIntMapBlizzard)
                  000015e8    00000090                   : gpio.obj (.const:g_pui32GPIOBaseAddrs)
                  00001678    00000070                   : interrupt.obj (.const)
                  000016e8    0000006c                   : sysctl.obj (.const:g_pui32Xtals)

.cinit     0    00001758    00000040     
                  00001758    00000018     (.cinit..data.load) [load image, compression = lzss]
                  00001770    0000000c     (__TI_handler_table)
                  0000177c    00000004     --HOLE-- [fill = 0]
                  00001780    00000008     (.cinit..vtable.load) [load image, compression = zero_init]
                  00001788    00000010     (__TI_cinit_table)

.init_array 
*          0    00000000    00000000     UNINITIALIZED

.vtable    0    20000000    0000026c     UNINITIALIZED
                  20000000    0000026c     driverlib.lib : interrupt.obj (.vtable)

.stack     0    2000026c    00000200     UNINITIALIZED
                  2000026c    00000200     --HOLE--

.data      0    2000046c    00000025     UNINITIALIZED
                  2000046c    0000000c     rtsv7M4_T_le_v4SPD16_eabi.lib : exit.obj (.data:$O1$$)
                  20000478    0000000c     hal_us.obj (.data)
                  20000484    00000008     rtsv7M4_T_le_v4SPD16_eabi.lib : _lock.obj (.data:$O1$$)
                  2000048c    00000004                                   : stkdepth_vars.obj (.data)
                  20000490    00000001     hal_gpio.obj (.data)

MODULE SUMMARY

       Module                         code   ro data   rw data
       ------                         ----   -------   -------
    .\
       tm4c123gh6pm_startup_ccs.obj   12     620       0      
       main.obj                       44     0         0      
    +--+------------------------------+------+---------+---------+
       Total:                         56     620       0      
                                                              
    .\F_HAL\
       hal_i2c.obj                    580    0         0      
       hal_gpio.obj                   484    0         1      
       hal_us.obj                     304    0         12     
       hal_mpu_9250.obj               46     0         0      
       hal_init.obj                   16     0         0      
       hal_usc.obj                    16     0         0      
    +--+------------------------------+------+---------+---------+
       Total:                         1446   0         13     
                                                              
    C:/ti/TivaWare_C_Series-2.1.4.178/driverlib/ccs/Debug/driverlib.lib
       gpio.obj                       896    552       0      
       interrupt.obj                  156    112       620    
       sysctl.obj                     730    108       0      
       pwm.obj                        358    0         0      
       i2c.obj                        114    0         0      
    +--+------------------------------+------+---------+---------+
       Total:                         2254   772       620    
                                                              
    C:\ti\ccsv7\tools\compiler\ti-cgt-arm_16.9.4.LTS\lib\rtsv7M4_T_le_v4SPD16_eabi.lib
       memcpy_t2.obj                  156    0         0      
       memset_t2.obj                  122    0         0      
       autoinit.obj                   112    0         0      
       copy_decompress_lzss.obj       104    0         0      
       exit.obj                       84     0         12     
       boot.obj                       84     0         0      
       cpy_tbl.obj                    76     0         0      
       _lock.obj                      20     0         8      
       args_main.obj                  24     0         0      
       copy_decompress_none.obj       14     0         0      
       copy_zero_init.obj             12     0         0      
       pre_init.obj                   4      0         0      
       stkdepth_vars.obj              0      0         4      
       mpu_init.obj                   2      0         0      
       startup.obj                    2      0         0      
    +--+------------------------------+------+---------+---------+
       Total:                         816    0         24     
                                                              
       Stack:                         0      0         512    
       Linker Generated:              0      60        0      
    +--+------------------------------+------+---------+---------+
       Grand Total:                   4572   1452      1169   


LINKER GENERATED COPY TABLES

__TI_cinit_table @ 00001788 records: 2, size/record: 8, table size: 16
	.data: load addr=00001758, load size=00000018 bytes, run addr=2000046c, run size=00000025 bytes, compression=lzss
	.vtable: load addr=00001780, load size=00000008 bytes, run addr=20000000, run size=0000026c bytes, compression=zero_init


LINKER GENERATED HANDLER TABLE

__TI_handler_table @ 00001770 records: 3, size/record: 4, table size: 12
	index: 0, handler: __TI_zero_init
	index: 1, handler: __TI_decompress_lzss
	index: 2, handler: __TI_decompress_none


GLOBAL SYMBOLS: SORTED ALPHABETICALLY BY Name 

address   name                           
-------   ----                           
00000f55  C$$EXIT                        
00001219  GPIODirModeSet                 
00001429  GPIOIntClear                   
000013b5  GPIOIntEnable                  
00001283  GPIOIntRegister                
00001399  GPIOIntStatus                  
00000ea9  GPIOIntTypeSet                 
00000bad  GPIOPadConfigGet               
00000695  GPIOPadConfigSet               
00001091  GPIOPinConfigure               
0000130d  GPIOPinTypeGPIOInput           
0000129b  GPIOPinTypeGPIOOutput          
0000131f  GPIOPinTypeI2C                 
00001331  GPIOPinTypeI2CSCL              
00001343  GPIOPinTypePWM                 
0000142f  GPIOPinWrite                   
00001411  I2CMasterBusy                  
00001441  I2CMasterControl               
00001445  I2CMasterDataGet               
00001449  I2CMasterDataPut               
000013fd  I2CMasterEnable                
00000ff9  I2CMasterInitExpClk            
00001419  I2CMasterSlaveAddrSet          
000003e1  I2CReceiveBurst                
00000389  I2CReceiveSingle               
000002eb  I2cSendBurst                   
000002b7  I2cSendByte                    
00000dd9  IntEnable                      
00001155  IntRegister                    
00000885  PWM0_Int_handler               
00001243  PWMGenConfigure                
000013c1  PWMGenDisable                  
000013cd  PWMGenEnable                   
00001435  PWMGenIntClear                 
000012b3  PWMGenIntRegister              
000013d9  PWMGenIntStatus                
00001407  PWMGenIntTrigEnable            
00001367  PWMGenPeriodSet                
00001421  PWMIntEnable                   
00001355  PWMOutputState                 
00001265  PWMPulseWidthSet               
000013f1  ResetISR                       
UNDEFED   SHT$$INIT_ARRAY$$Base          
UNDEFED   SHT$$INIT_ARRAY$$Limit         
000008f9  SysCtlClockGet                 
00000a09  SysCtlClockSet                 
0000143b  SysCtlDelay                    
000012e5  SysCtlPWMClockSet              
00001189  SysCtlPeripheralEnable         
0000111d  SysCtlPeripheralReady          
00000fa9  SysCtlPeripheralReset          
2000046c  __STACK_END                    
00000200  __STACK_SIZE                   
2000046c  __STACK_TOP                    
00001788  __TI_CINIT_Base                
00001798  __TI_CINIT_Limit               
00001770  __TI_Handler_Table_Base        
0000177c  __TI_Handler_Table_Limit       
00000d69  __TI_auto_init                 
2000046c  __TI_cleanup_ptr               
00000e41  __TI_decompress_lzss           
000013a7  __TI_decompress_none           
20000470  __TI_dtors_ptr                 
20000474  __TI_enable_exit_profile_output
ffffffff  __TI_pprof_out_hndl            
ffffffff  __TI_prof_data_size            
ffffffff  __TI_prof_data_start           
00000000  __TI_static_base__             
000013e5  __TI_zero_init                 
00000ced  __aeabi_memclr                 
00000ced  __aeabi_memclr4                
00000ced  __aeabi_memclr8                
00000c51  __aeabi_memcpy                 
00000c51  __aeabi_memcpy4                
00000c51  __aeabi_memcpy8                
00000cef  __aeabi_memset                 
00000cef  __aeabi_memset4                
00000cef  __aeabi_memset8                
ffffffff  __binit__                      
ffffffff  __c_args__                     
000007c7  __mpu_init                     
2000026c  __stack                        
000012cd  _args_main                     
00000f01  _c_int00                       
20000484  _lock                          
00001307  _nop                           
000012ff  _register_lock                 
000012f9  _register_unlock               
00000d67  _system_post_cinit             
0000144d  _system_pre_init               
20000488  _unlock                        
00000f59  abort                          
ffffffff  binit                          
20000478  burst_finished_                
000004cd  configPort_A                   
00000501  configPort_B                   
0000057d  configPort_C                   
00000591  configPort_D                   
000005c9  configPort_E                   
000005e5  configPort_F                   
00001045  copy_in                        
00000f61  exit                           
0000062f  extIntFHandler                 
20000000  g_pfnRAMVectors                
00000000  g_pfnVectors                   
000004b1  halGpioInit                    
0000026d  halI2cInit                     
00000877  halIsBurstFinished             
000011bd  halMpuReset                    
0000087d  halResetBurstIndicator         
0000085f  halStartBurstModeUS            
00001389  halSysClkInit                  
000007c9  halUsInit                      
000011dd  halWhoAmI                      
00001377  hal_init                       
20000490  is_switch_active               
000011ed  main                           
2000048c  main_func_sp                   
00000c51  memcpy                         
00000cf5  memset                         
2000047c  pwm_burst_cnt_                 


GLOBAL SYMBOLS: SORTED BY Symbol Address 

address   name                           
-------   ----                           
00000000  __TI_static_base__             
00000000  g_pfnVectors                   
00000200  __STACK_SIZE                   
0000026d  halI2cInit                     
000002b7  I2cSendByte                    
000002eb  I2cSendBurst                   
00000389  I2CReceiveSingle               
000003e1  I2CReceiveBurst                
000004b1  halGpioInit                    
000004cd  configPort_A                   
00000501  configPort_B                   
0000057d  configPort_C                   
00000591  configPort_D                   
000005c9  configPort_E                   
000005e5  configPort_F                   
0000062f  extIntFHandler                 
00000695  GPIOPadConfigSet               
000007c7  __mpu_init                     
000007c9  halUsInit                      
0000085f  halStartBurstModeUS            
00000877  halIsBurstFinished             
0000087d  halResetBurstIndicator         
00000885  PWM0_Int_handler               
000008f9  SysCtlClockGet                 
00000a09  SysCtlClockSet                 
00000bad  GPIOPadConfigGet               
00000c51  __aeabi_memcpy                 
00000c51  __aeabi_memcpy4                
00000c51  __aeabi_memcpy8                
00000c51  memcpy                         
00000ced  __aeabi_memclr                 
00000ced  __aeabi_memclr4                
00000ced  __aeabi_memclr8                
00000cef  __aeabi_memset                 
00000cef  __aeabi_memset4                
00000cef  __aeabi_memset8                
00000cf5  memset                         
00000d67  _system_post_cinit             
00000d69  __TI_auto_init                 
00000dd9  IntEnable                      
00000e41  __TI_decompress_lzss           
00000ea9  GPIOIntTypeSet                 
00000f01  _c_int00                       
00000f55  C$$EXIT                        
00000f59  abort                          
00000f61  exit                           
00000fa9  SysCtlPeripheralReset          
00000ff9  I2CMasterInitExpClk            
00001045  copy_in                        
00001091  GPIOPinConfigure               
0000111d  SysCtlPeripheralReady          
00001155  IntRegister                    
00001189  SysCtlPeripheralEnable         
000011bd  halMpuReset                    
000011dd  halWhoAmI                      
000011ed  main                           
00001219  GPIODirModeSet                 
00001243  PWMGenConfigure                
00001265  PWMPulseWidthSet               
00001283  GPIOIntRegister                
0000129b  GPIOPinTypeGPIOOutput          
000012b3  PWMGenIntRegister              
000012cd  _args_main                     
000012e5  SysCtlPWMClockSet              
000012f9  _register_unlock               
000012ff  _register_lock                 
00001307  _nop                           
0000130d  GPIOPinTypeGPIOInput           
0000131f  GPIOPinTypeI2C                 
00001331  GPIOPinTypeI2CSCL              
00001343  GPIOPinTypePWM                 
00001355  PWMOutputState                 
00001367  PWMGenPeriodSet                
00001377  hal_init                       
00001389  halSysClkInit                  
00001399  GPIOIntStatus                  
000013a7  __TI_decompress_none           
000013b5  GPIOIntEnable                  
000013c1  PWMGenDisable                  
000013cd  PWMGenEnable                   
000013d9  PWMGenIntStatus                
000013e5  __TI_zero_init                 
000013f1  ResetISR                       
000013fd  I2CMasterEnable                
00001407  PWMGenIntTrigEnable            
00001411  I2CMasterBusy                  
00001419  I2CMasterSlaveAddrSet          
00001421  PWMIntEnable                   
00001429  GPIOIntClear                   
0000142f  GPIOPinWrite                   
00001435  PWMGenIntClear                 
0000143b  SysCtlDelay                    
00001441  I2CMasterControl               
00001445  I2CMasterDataGet               
00001449  I2CMasterDataPut               
0000144d  _system_pre_init               
00001770  __TI_Handler_Table_Base        
0000177c  __TI_Handler_Table_Limit       
00001788  __TI_CINIT_Base                
00001798  __TI_CINIT_Limit               
20000000  g_pfnRAMVectors                
2000026c  __stack                        
2000046c  __STACK_END                    
2000046c  __STACK_TOP                    
2000046c  __TI_cleanup_ptr               
20000470  __TI_dtors_ptr                 
20000474  __TI_enable_exit_profile_output
20000478  burst_finished_                
2000047c  pwm_burst_cnt_                 
20000484  _lock                          
20000488  _unlock                        
2000048c  main_func_sp                   
20000490  is_switch_active               
ffffffff  __TI_pprof_out_hndl            
ffffffff  __TI_prof_data_size            
ffffffff  __TI_prof_data_start           
ffffffff  __binit__                      
ffffffff  __c_args__                     
ffffffff  binit                          
UNDEFED   SHT$$INIT_ARRAY$$Base          
UNDEFED   SHT$$INIT_ARRAY$$Limit         

[121 symbols]
