******************************************************************************
                  TI ARM Linker PC v16.9.4                     
******************************************************************************
>> Linked Thu Jun 14 16:52:56 2018

OUTPUT FILE NAME:   <EM_1_TIVA_Git.out>
ENTRY POINT SYMBOL: "_c_int00"  address: 00000c65


MEMORY CONFIGURATION

         name            origin    length      used     unused   attr    fill
----------------------  --------  ---------  --------  --------  ----  --------
  FLASH                 00000000   00040000  00001367  0003ec99  R  X
  SRAM                  20000000   00008000  00000491  00007b6f  RW X


SEGMENT ALLOCATION MAP

run origin  load origin   length   init length attrs members
----------  ----------- ---------- ----------- ----- -------
00000000    00000000    00001370   00001370    r-x
  00000000    00000000    0000026c   0000026c    r-- .intvecs
  0000026c    0000026c    00000e06   00000e06    r-x .text
  00001074    00001074    000002b5   000002b5    r-- .const
  00001330    00001330    00000040   00000040    r-- .cinit
20000000    20000000    00000491   00000000    rw-
  20000000    20000000    0000026c   00000000    rw- .vtable
  2000026c    2000026c    00000200   00000000    rw- .stack
  2000046c    2000046c    00000025   00000000    rw- .data


SECTION ALLOCATION MAP

 output                                  attributes/
section   page    origin      length       input sections
--------  ----  ----------  ----------   ----------------
.intvecs   0    00000000    0000026c     
                  00000000    0000026c     tm4c123gh6pm_startup_ccs.obj (.intvecs)

.text      0    0000026c    00000e06     
                  0000026c    000001e4     hal_gpio.obj (.text)
                  00000450    00000132     driverlib.lib : gpio.obj (.text:GPIOPadConfigSet)
                  00000582    00000002     rtsv7M4_T_le_v4SPD16_eabi.lib : mpu_init.obj (.text)
                  00000584    00000130     hal_us.obj (.text)
                  000006b4    000000f4     driverlib.lib : sysctl.obj (.text:SysCtlClockSet)
                  000007a8    000000b8     main.obj (.text)
                  00000860    000000b0     driverlib.lib : pwm.obj (.text:_PWMGenIntNumberGet)
                  00000910    000000a4                   : gpio.obj (.text:GPIOPadConfigGet)
                  000009b4    0000009c     rtsv7M4_T_le_v4SPD16_eabi.lib : memcpy_t2.obj (.text)
                  00000a50    0000007a                                   : memset_t2.obj (.text)
                  00000aca    00000002                                   : startup.obj (.text)
                  00000acc    00000070                                   : autoinit.obj (.text)
                  00000b3c    00000068     driverlib.lib : interrupt.obj (.text:IntEnable)
                  00000ba4    00000068     rtsv7M4_T_le_v4SPD16_eabi.lib : copy_decompress_lzss.obj (.text:decompress:lzss)
                  00000c0c    00000056     driverlib.lib : gpio.obj (.text:GPIOIntTypeSet)
                  00000c62    00000002     --HOLE-- [fill = 0]
                  00000c64    00000054     rtsv7M4_T_le_v4SPD16_eabi.lib : boot.obj (.text)
                  00000cb8    00000054                                   : exit.obj (.text)
                  00000d0c    0000004c                                   : cpy_tbl.obj (.text)
                  00000d58    00000048     driverlib.lib : gpio.obj (.text:GPIOPinConfigure)
                  00000da0    00000044                   : gpio.obj (.text:_GPIOIntNumberGet)
                  00000de4    00000038                   : sysctl.obj (.text:SysCtlPeripheralReady)
                  00000e1c    00000034                   : interrupt.obj (.text:IntRegister)
                  00000e50    00000034                   : sysctl.obj (.text:SysCtlPeripheralEnable)
                  00000e84    0000002a                   : gpio.obj (.text:GPIODirModeSet)
                  00000eae    00000022                   : pwm.obj (.text:PWMGenConfigure)
                  00000ed0    0000001e                   : pwm.obj (.text:PWMPulseWidthSet)
                  00000eee    00000018                   : gpio.obj (.text:GPIOIntRegister)
                  00000f06    00000018                   : gpio.obj (.text:GPIOPinTypeGPIOOutput)
                  00000f1e    00000018                   : pwm.obj (.text:PWMGenIntRegister)
                  00000f36    00000002     --HOLE-- [fill = 0]
                  00000f38    00000018     rtsv7M4_T_le_v4SPD16_eabi.lib : args_main.obj (.text)
                  00000f50    00000014     driverlib.lib : sysctl.obj (.text:SysCtlPWMClockSet)
                  00000f64    00000014     rtsv7M4_T_le_v4SPD16_eabi.lib : _lock.obj (.text)
                  00000f78    00000012     driverlib.lib : gpio.obj (.text:GPIOPinTypeGPIOInput)
                  00000f8a    00000012                   : gpio.obj (.text:GPIOPinTypePWM)
                  00000f9c    00000012                   : pwm.obj (.text:PWMOutputState)
                  00000fae    00000010                   : pwm.obj (.text:PWMGenPeriodSet)
                  00000fbe    00000010     hal_init.obj (.text)
                  00000fce    00000002     --HOLE-- [fill = 0]
                  00000fd0    00000010     hal_usc.obj (.text)
                  00000fe0    0000000e     driverlib.lib : gpio.obj (.text:GPIOIntStatus)
                  00000fee    0000000e     rtsv7M4_T_le_v4SPD16_eabi.lib : copy_decompress_none.obj (.text:decompress:none)
                  00000ffc    0000000c     driverlib.lib : gpio.obj (.text:GPIOIntEnable)
                  00001008    0000000c                   : pwm.obj (.text:PWMGenDisable)
                  00001014    0000000c                   : pwm.obj (.text:PWMGenEnable)
                  00001020    0000000c                   : pwm.obj (.text:PWMGenIntStatus)
                  0000102c    0000000c     rtsv7M4_T_le_v4SPD16_eabi.lib : copy_zero_init.obj (.text:decompress:ZI)
                  00001038    0000000c     tm4c123gh6pm_startup_ccs.obj (.text)
                  00001044    0000000a     driverlib.lib : pwm.obj (.text:PWMGenIntTrigEnable)
                  0000104e    00000008                   : pwm.obj (.text:PWMIntEnable)
                  00001056    00000006                   : gpio.obj (.text:GPIOIntClear)
                  0000105c    00000006                   : gpio.obj (.text:GPIOPinWrite)
                  00001062    00000006                   : pwm.obj (.text:PWMGenIntClear)
                  00001068    00000006                   : sysctl.obj (.text:SysCtlDelay)
                  0000106e    00000004     rtsv7M4_T_le_v4SPD16_eabi.lib : pre_init.obj (.text)

.const     0    00001074    000002b5     
                  00001074    000000d8     driverlib.lib : gpio.obj (.const:g_ppui32GPIOIntMapSnowflake)
                  0000114c    000000c0                   : gpio.obj (.const:g_ppui32GPIOIntMapBlizzard)
                  0000120c    00000090                   : gpio.obj (.const:g_pui32GPIOBaseAddrs)
                  0000129c    00000070                   : interrupt.obj (.const)
                  0000130c    00000013     main.obj (.const:.string:$P$T0$1)
                  0000131f    0000000a     main.obj (.const:.string:$P$T1$2)

.cinit     0    00001330    00000040     
                  00001330    00000018     (.cinit..data.load) [load image, compression = lzss]
                  00001348    0000000c     (__TI_handler_table)
                  00001354    00000004     --HOLE-- [fill = 0]
                  00001358    00000008     (.cinit..vtable.load) [load image, compression = zero_init]
                  00001360    00000010     (__TI_cinit_table)

.init_array 
*          0    00000000    00000000     UNINITIALIZED

.vtable    0    20000000    0000026c     UNINITIALIZED
                  20000000    0000026c     driverlib.lib : interrupt.obj (.vtable)

.stack     0    2000026c    00000200     UNINITIALIZED
                  2000026c    00000200     --HOLE--

.data      0    2000046c    00000025     UNINITIALIZED
                  2000046c    0000000c     rtsv7M4_T_le_v4SPD16_eabi.lib : exit.obj (.data:$O1$$)
                  20000478    0000000c     hal_us.obj (.data)
                  20000484    00000008     rtsv7M4_T_le_v4SPD16_eabi.lib : _lock.obj (.data:$O1$$)
                  2000048c    00000004                                   : stkdepth_vars.obj (.data)
                  20000490    00000001     hal_gpio.obj (.data)

MODULE SUMMARY

       Module                         code   ro data   rw data
       ------                         ----   -------   -------
    .\
       tm4c123gh6pm_startup_ccs.obj   12     620       0      
       main.obj                       184    29        0      
    +--+------------------------------+------+---------+---------+
       Total:                         196    649       0      
                                                              
    .\F_HAL\
       hal_gpio.obj                   484    0         1      
       hal_us.obj                     304    0         12     
       hal_init.obj                   16     0         0      
       hal_usc.obj                    16     0         0      
    +--+------------------------------+------+---------+---------+
       Total:                         820    0         13     
                                                              
    C:/ti/TivaWare_C_Series-2.1.4.178/driverlib/ccs/Debug/driverlib.lib
       gpio.obj                       860    552       0      
       interrupt.obj                  156    112       620    
       sysctl.obj                     378    0         0      
       pwm.obj                        358    0         0      
    +--+------------------------------+------+---------+---------+
       Total:                         1752   664       620    
                                                              
    C:\ti\ccsv7\tools\compiler\ti-cgt-arm_16.9.4.LTS\lib\rtsv7M4_T_le_v4SPD16_eabi.lib
       memcpy_t2.obj                  156    0         0      
       memset_t2.obj                  122    0         0      
       autoinit.obj                   112    0         0      
       copy_decompress_lzss.obj       104    0         0      
       exit.obj                       84     0         12     
       boot.obj                       84     0         0      
       cpy_tbl.obj                    76     0         0      
       _lock.obj                      20     0         8      
       args_main.obj                  24     0         0      
       copy_decompress_none.obj       14     0         0      
       copy_zero_init.obj             12     0         0      
       pre_init.obj                   4      0         0      
       stkdepth_vars.obj              0      0         4      
       mpu_init.obj                   2      0         0      
       startup.obj                    2      0         0      
    +--+------------------------------+------+---------+---------+
       Total:                         816    0         24     
                                                              
       Stack:                         0      0         512    
       Linker Generated:              0      60        0      
    +--+------------------------------+------+---------+---------+
       Grand Total:                   3584   1373      1169   


LINKER GENERATED COPY TABLES

__TI_cinit_table @ 00001360 records: 2, size/record: 8, table size: 16
	.data: load addr=00001330, load size=00000018 bytes, run addr=2000046c, run size=00000025 bytes, compression=lzss
	.vtable: load addr=00001358, load size=00000008 bytes, run addr=20000000, run size=0000026c bytes, compression=zero_init


LINKER GENERATED HANDLER TABLE

__TI_handler_table @ 00001348 records: 3, size/record: 4, table size: 12
	index: 0, handler: __TI_zero_init
	index: 1, handler: __TI_decompress_lzss
	index: 2, handler: __TI_decompress_none


GLOBAL SYMBOLS: SORTED ALPHABETICALLY BY Name 

address   name                           
-------   ----                           
00000cb9  C$$EXIT                        
00000e85  GPIODirModeSet                 
00001057  GPIOIntClear                   
00000ffd  GPIOIntEnable                  
00000eef  GPIOIntRegister                
00000fe1  GPIOIntStatus                  
00000c0d  GPIOIntTypeSet                 
00000911  GPIOPadConfigGet               
00000451  GPIOPadConfigSet               
00000d59  GPIOPinConfigure               
00000f79  GPIOPinTypeGPIOInput           
00000f07  GPIOPinTypeGPIOOutput          
00000f8b  GPIOPinTypePWM                 
0000105d  GPIOPinWrite                   
00000b3d  IntEnable                      
00000e1d  IntRegister                    
00000641  PWM0_Int_handler               
00000eaf  PWMGenConfigure                
00001009  PWMGenDisable                  
00001015  PWMGenEnable                   
00001063  PWMGenIntClear                 
00000f1f  PWMGenIntRegister              
00001021  PWMGenIntStatus                
00001045  PWMGenIntTrigEnable            
00000faf  PWMGenPeriodSet                
0000104f  PWMIntEnable                   
00000f9d  PWMOutputState                 
00000ed1  PWMPulseWidthSet               
00001039  ResetISR                       
UNDEFED   SHT$$INIT_ARRAY$$Base          
UNDEFED   SHT$$INIT_ARRAY$$Limit         
000006b5  SysCtlClockSet                 
00001069  SysCtlDelay                    
00000f51  SysCtlPWMClockSet              
00000e51  SysCtlPeripheralEnable         
00000de5  SysCtlPeripheralReady          
2000046c  __STACK_END                    
00000200  __STACK_SIZE                   
2000046c  __STACK_TOP                    
00001360  __TI_CINIT_Base                
00001370  __TI_CINIT_Limit               
00001348  __TI_Handler_Table_Base        
00001354  __TI_Handler_Table_Limit       
00000acd  __TI_auto_init                 
2000046c  __TI_cleanup_ptr               
00000ba5  __TI_decompress_lzss           
00000fef  __TI_decompress_none           
20000470  __TI_dtors_ptr                 
20000474  __TI_enable_exit_profile_output
ffffffff  __TI_pprof_out_hndl            
ffffffff  __TI_prof_data_size            
ffffffff  __TI_prof_data_start           
00000000  __TI_static_base__             
0000102d  __TI_zero_init                 
00000a51  __aeabi_memclr                 
00000a51  __aeabi_memclr4                
00000a51  __aeabi_memclr8                
000009b5  __aeabi_memcpy                 
000009b5  __aeabi_memcpy4                
000009b5  __aeabi_memcpy8                
00000a53  __aeabi_memset                 
00000a53  __aeabi_memset4                
00000a53  __aeabi_memset8                
ffffffff  __binit__                      
ffffffff  __c_args__                     
00000583  __mpu_init                     
2000026c  __stack                        
00000f39  _args_main                     
00000c65  _c_int00                       
20000484  _lock                          
00000f73  _nop                           
00000f6b  _register_lock                 
00000f65  _register_unlock               
00000acb  _system_post_cinit             
0000106f  _system_pre_init               
20000488  _unlock                        
00000cbd  abort                          
ffffffff  binit                          
20000478  burst_finished_                
00000289  configPort_A                   
000002bd  configPort_B                   
00000339  configPort_C                   
0000034d  configPort_D                   
00000385  configPort_E                   
000003a1  configPort_F                   
00000d0d  copy_in                        
00000cc5  exit                           
000003eb  extIntFHandler                 
20000000  g_pfnRAMVectors                
00000000  g_pfnVectors                   
0000026d  halGpioInit                    
00000633  halIsBurstFinished             
00000639  halResetBurstIndicator         
0000061b  halStartBurstModeUS            
00000fd1  halSysClkInit                  
00000585  halUsInit                      
00000fbf  hal_init                       
20000490  is_switch_active               
000007a9  main                           
2000048c  main_func_sp                   
000009b5  memcpy                         
00000a59  memset                         
2000047c  pwm_burst_cnt_                 


GLOBAL SYMBOLS: SORTED BY Symbol Address 

address   name                           
-------   ----                           
00000000  __TI_static_base__             
00000000  g_pfnVectors                   
00000200  __STACK_SIZE                   
0000026d  halGpioInit                    
00000289  configPort_A                   
000002bd  configPort_B                   
00000339  configPort_C                   
0000034d  configPort_D                   
00000385  configPort_E                   
000003a1  configPort_F                   
000003eb  extIntFHandler                 
00000451  GPIOPadConfigSet               
00000583  __mpu_init                     
00000585  halUsInit                      
0000061b  halStartBurstModeUS            
00000633  halIsBurstFinished             
00000639  halResetBurstIndicator         
00000641  PWM0_Int_handler               
000006b5  SysCtlClockSet                 
000007a9  main                           
00000911  GPIOPadConfigGet               
000009b5  __aeabi_memcpy                 
000009b5  __aeabi_memcpy4                
000009b5  __aeabi_memcpy8                
000009b5  memcpy                         
00000a51  __aeabi_memclr                 
00000a51  __aeabi_memclr4                
00000a51  __aeabi_memclr8                
00000a53  __aeabi_memset                 
00000a53  __aeabi_memset4                
00000a53  __aeabi_memset8                
00000a59  memset                         
00000acb  _system_post_cinit             
00000acd  __TI_auto_init                 
00000b3d  IntEnable                      
00000ba5  __TI_decompress_lzss           
00000c0d  GPIOIntTypeSet                 
00000c65  _c_int00                       
00000cb9  C$$EXIT                        
00000cbd  abort                          
00000cc5  exit                           
00000d0d  copy_in                        
00000d59  GPIOPinConfigure               
00000de5  SysCtlPeripheralReady          
00000e1d  IntRegister                    
00000e51  SysCtlPeripheralEnable         
00000e85  GPIODirModeSet                 
00000eaf  PWMGenConfigure                
00000ed1  PWMPulseWidthSet               
00000eef  GPIOIntRegister                
00000f07  GPIOPinTypeGPIOOutput          
00000f1f  PWMGenIntRegister              
00000f39  _args_main                     
00000f51  SysCtlPWMClockSet              
00000f65  _register_unlock               
00000f6b  _register_lock                 
00000f73  _nop                           
00000f79  GPIOPinTypeGPIOInput           
00000f8b  GPIOPinTypePWM                 
00000f9d  PWMOutputState                 
00000faf  PWMGenPeriodSet                
00000fbf  hal_init                       
00000fd1  halSysClkInit                  
00000fe1  GPIOIntStatus                  
00000fef  __TI_decompress_none           
00000ffd  GPIOIntEnable                  
00001009  PWMGenDisable                  
00001015  PWMGenEnable                   
00001021  PWMGenIntStatus                
0000102d  __TI_zero_init                 
00001039  ResetISR                       
00001045  PWMGenIntTrigEnable            
0000104f  PWMIntEnable                   
00001057  GPIOIntClear                   
0000105d  GPIOPinWrite                   
00001063  PWMGenIntClear                 
00001069  SysCtlDelay                    
0000106f  _system_pre_init               
00001348  __TI_Handler_Table_Base        
00001354  __TI_Handler_Table_Limit       
00001360  __TI_CINIT_Base                
00001370  __TI_CINIT_Limit               
20000000  g_pfnRAMVectors                
2000026c  __stack                        
2000046c  __STACK_END                    
2000046c  __STACK_TOP                    
2000046c  __TI_cleanup_ptr               
20000470  __TI_dtors_ptr                 
20000474  __TI_enable_exit_profile_output
20000478  burst_finished_                
2000047c  pwm_burst_cnt_                 
20000484  _lock                          
20000488  _unlock                        
2000048c  main_func_sp                   
20000490  is_switch_active               
ffffffff  __TI_pprof_out_hndl            
ffffffff  __TI_prof_data_size            
ffffffff  __TI_prof_data_start           
ffffffff  __binit__                      
ffffffff  __c_args__                     
ffffffff  binit                          
UNDEFED   SHT$$INIT_ARRAY$$Base          
UNDEFED   SHT$$INIT_ARRAY$$Limit         

[103 symbols]
