******************************************************************************
                  TI ARM Linker PC v16.9.4                     
******************************************************************************
>> Linked Wed Jun 13 22:26:28 2018

OUTPUT FILE NAME:   <EM_1_TIVA_Git.out>
ENTRY POINT SYMBOL: "_c_int00"  address: 00000b61


MEMORY CONFIGURATION

         name            origin    length      used     unused   attr    fill
----------------------  --------  ---------  --------  --------  ----  --------
  FLASH                 00000000   00040000  00001231  0003edcf  R  X
  SRAM                  20000000   00008000  00000489  00007b77  RW X


SEGMENT ALLOCATION MAP

run origin  load origin   length   init length attrs members
----------  ----------- ---------- ----------- ----- -------
00000000    00000000    00001238   00001238    r-x
  00000000    00000000    0000026c   0000026c    r-- .intvecs
  0000026c    0000026c    00000cd8   00000cd8    r-x .text
  00000f44    00000f44    000002b5   000002b5    r-- .const
  00001200    00001200    00000038   00000038    r-- .cinit
20000000    20000000    00000489   00000000    rw-
  20000000    20000000    0000026c   00000000    rw- .vtable
  2000026c    2000026c    00000200   00000000    rw- .stack
  2000046c    2000046c    0000001d   00000000    rw- .data


SECTION ALLOCATION MAP

 output                                  attributes/
section   page    origin      length       input sections
--------  ----  ----------  ----------   ----------------
.intvecs   0    00000000    0000026c     
                  00000000    0000026c     tm4c123gh6pm_startup_ccs.obj (.intvecs)

.text      0    0000026c    00000cd8     
                  0000026c    000001e4     hal_gpio.obj (.text)
                  00000450    00000132     driverlib.lib : gpio.obj (.text:GPIOPadConfigSet)
                  00000582    00000002     rtsv7M4_T_le_v4SPD16_eabi.lib : mpu_init.obj (.text)
                  00000584    00000104     hal_us.obj (.text)
                  00000688    000000f4     driverlib.lib : sysctl.obj (.text:SysCtlClockSet)
                  0000077c    000000a4                   : gpio.obj (.text:GPIOPadConfigGet)
                  00000820    0000009c     rtsv7M4_T_le_v4SPD16_eabi.lib : memcpy_t2.obj (.text)
                  000008bc    00000090     main.obj (.text)
                  0000094c    0000007a     rtsv7M4_T_le_v4SPD16_eabi.lib : memset_t2.obj (.text)
                  000009c6    00000002                                   : startup.obj (.text)
                  000009c8    00000070                                   : autoinit.obj (.text)
                  00000a38    00000068     driverlib.lib : interrupt.obj (.text:IntEnable)
                  00000aa0    00000068     rtsv7M4_T_le_v4SPD16_eabi.lib : copy_decompress_lzss.obj (.text:decompress:lzss)
                  00000b08    00000056     driverlib.lib : gpio.obj (.text:GPIOIntTypeSet)
                  00000b5e    00000002     --HOLE-- [fill = 0]
                  00000b60    00000054     rtsv7M4_T_le_v4SPD16_eabi.lib : boot.obj (.text)
                  00000bb4    00000054                                   : exit.obj (.text)
                  00000c08    0000004c                                   : cpy_tbl.obj (.text)
                  00000c54    00000048     driverlib.lib : gpio.obj (.text:GPIOPinConfigure)
                  00000c9c    00000044                   : gpio.obj (.text:_GPIOIntNumberGet)
                  00000ce0    00000038                   : sysctl.obj (.text:SysCtlPeripheralReady)
                  00000d18    00000034                   : interrupt.obj (.text:IntRegister)
                  00000d4c    00000034                   : sysctl.obj (.text:SysCtlPeripheralEnable)
                  00000d80    0000002a                   : gpio.obj (.text:GPIODirModeSet)
                  00000daa    00000022                   : pwm.obj (.text:PWMGenConfigure)
                  00000dcc    0000001e                   : pwm.obj (.text:PWMPulseWidthSet)
                  00000dea    00000018                   : gpio.obj (.text:GPIOIntRegister)
                  00000e02    00000018                   : gpio.obj (.text:GPIOPinTypeGPIOOutput)
                  00000e1a    00000002     --HOLE-- [fill = 0]
                  00000e1c    00000018     rtsv7M4_T_le_v4SPD16_eabi.lib : args_main.obj (.text)
                  00000e34    00000014     driverlib.lib : sysctl.obj (.text:SysCtlPWMClockSet)
                  00000e48    00000014     rtsv7M4_T_le_v4SPD16_eabi.lib : _lock.obj (.text)
                  00000e5c    00000012     driverlib.lib : gpio.obj (.text:GPIOPinTypeGPIOInput)
                  00000e6e    00000012                   : gpio.obj (.text:GPIOPinTypePWM)
                  00000e80    00000012                   : pwm.obj (.text:PWMOutputState)
                  00000e92    00000010                   : pwm.obj (.text:PWMGenPeriodSet)
                  00000ea2    00000010     hal_init.obj (.text)
                  00000eb2    00000002     --HOLE-- [fill = 0]
                  00000eb4    00000010     hal_usc.obj (.text)
                  00000ec4    0000000e     driverlib.lib : gpio.obj (.text:GPIOIntStatus)
                  00000ed2    0000000e     rtsv7M4_T_le_v4SPD16_eabi.lib : copy_decompress_none.obj (.text:decompress:none)
                  00000ee0    0000000c     driverlib.lib : gpio.obj (.text:GPIOIntEnable)
                  00000eec    0000000c                   : pwm.obj (.text:PWMGenDisable)
                  00000ef8    0000000c                   : pwm.obj (.text:PWMGenEnable)
                  00000f04    0000000c                   : pwm.obj (.text:PWMGenIntStatus)
                  00000f10    0000000c     rtsv7M4_T_le_v4SPD16_eabi.lib : copy_zero_init.obj (.text:decompress:ZI)
                  00000f1c    0000000c     tm4c123gh6pm_startup_ccs.obj (.text)
                  00000f28    00000006     driverlib.lib : gpio.obj (.text:GPIOIntClear)
                  00000f2e    00000006                   : gpio.obj (.text:GPIOPinWrite)
                  00000f34    00000006                   : pwm.obj (.text:PWMGenIntClear)
                  00000f3a    00000006                   : sysctl.obj (.text:SysCtlDelay)
                  00000f40    00000004     rtsv7M4_T_le_v4SPD16_eabi.lib : pre_init.obj (.text)

.const     0    00000f44    000002b5     
                  00000f44    000000d8     driverlib.lib : gpio.obj (.const:g_ppui32GPIOIntMapSnowflake)
                  0000101c    000000c0                   : gpio.obj (.const:g_ppui32GPIOIntMapBlizzard)
                  000010dc    00000090                   : gpio.obj (.const:g_pui32GPIOBaseAddrs)
                  0000116c    00000070                   : interrupt.obj (.const)
                  000011dc    00000013     main.obj (.const:.string:$P$T0$1)
                  000011ef    0000000a     main.obj (.const:.string:$P$T1$2)

.cinit     0    00001200    00000038     
                  00001200    00000014     (.cinit..data.load) [load image, compression = lzss]
                  00001214    0000000c     (__TI_handler_table)
                  00001220    00000008     (.cinit..vtable.load) [load image, compression = zero_init]
                  00001228    00000010     (__TI_cinit_table)

.init_array 
*          0    00000000    00000000     UNINITIALIZED

.vtable    0    20000000    0000026c     UNINITIALIZED
                  20000000    0000026c     driverlib.lib : interrupt.obj (.vtable)

.stack     0    2000026c    00000200     UNINITIALIZED
                  2000026c    00000200     --HOLE--

.data      0    2000046c    0000001d     UNINITIALIZED
                  2000046c    0000000c     rtsv7M4_T_le_v4SPD16_eabi.lib : exit.obj (.data:$O1$$)
                  20000478    00000008                                   : _lock.obj (.data:$O1$$)
                  20000480    00000004     hal_us.obj (.data)
                  20000484    00000004     rtsv7M4_T_le_v4SPD16_eabi.lib : stkdepth_vars.obj (.data)
                  20000488    00000001     hal_gpio.obj (.data)

MODULE SUMMARY

       Module                         code   ro data   rw data
       ------                         ----   -------   -------
    .\
       tm4c123gh6pm_startup_ccs.obj   12     620       0      
       main.obj                       144    29        0      
    +--+------------------------------+------+---------+---------+
       Total:                         156    649       0      
                                                              
    .\F_HAL\
       hal_gpio.obj                   484    0         1      
       hal_us.obj                     260    0         4      
       hal_init.obj                   16     0         0      
       hal_usc.obj                    16     0         0      
    +--+------------------------------+------+---------+---------+
       Total:                         776    0         5      
                                                              
    C:/ti/TivaWare_C_Series-2.1.4.178/driverlib/ccs/Debug/driverlib.lib
       gpio.obj                       860    552       0      
       interrupt.obj                  156    112       620    
       sysctl.obj                     378    0         0      
       pwm.obj                        140    0         0      
    +--+------------------------------+------+---------+---------+
       Total:                         1534   664       620    
                                                              
    C:\ti\ccsv7\tools\compiler\ti-cgt-arm_16.9.4.LTS\lib\rtsv7M4_T_le_v4SPD16_eabi.lib
       memcpy_t2.obj                  156    0         0      
       memset_t2.obj                  122    0         0      
       autoinit.obj                   112    0         0      
       copy_decompress_lzss.obj       104    0         0      
       exit.obj                       84     0         12     
       boot.obj                       84     0         0      
       cpy_tbl.obj                    76     0         0      
       _lock.obj                      20     0         8      
       args_main.obj                  24     0         0      
       copy_decompress_none.obj       14     0         0      
       copy_zero_init.obj             12     0         0      
       pre_init.obj                   4      0         0      
       stkdepth_vars.obj              0      0         4      
       mpu_init.obj                   2      0         0      
       startup.obj                    2      0         0      
    +--+------------------------------+------+---------+---------+
       Total:                         816    0         24     
                                                              
       Stack:                         0      0         512    
       Linker Generated:              0      56        0      
    +--+------------------------------+------+---------+---------+
       Grand Total:                   3282   1369      1161   


LINKER GENERATED COPY TABLES

__TI_cinit_table @ 00001228 records: 2, size/record: 8, table size: 16
	.data: load addr=00001200, load size=00000014 bytes, run addr=2000046c, run size=0000001d bytes, compression=lzss
	.vtable: load addr=00001220, load size=00000008 bytes, run addr=20000000, run size=0000026c bytes, compression=zero_init


LINKER GENERATED HANDLER TABLE

__TI_handler_table @ 00001214 records: 3, size/record: 4, table size: 12
	index: 0, handler: __TI_zero_init
	index: 1, handler: __TI_decompress_lzss
	index: 2, handler: __TI_decompress_none


GLOBAL SYMBOLS: SORTED ALPHABETICALLY BY Name 

address   name                           
-------   ----                           
00000bb5  C$$EXIT                        
00000d81  GPIODirModeSet                 
00000f29  GPIOIntClear                   
00000ee1  GPIOIntEnable                  
00000deb  GPIOIntRegister                
00000ec5  GPIOIntStatus                  
00000b09  GPIOIntTypeSet                 
0000077d  GPIOPadConfigGet               
00000451  GPIOPadConfigSet               
00000c55  GPIOPinConfigure               
00000e5d  GPIOPinTypeGPIOInput           
00000e03  GPIOPinTypeGPIOOutput          
00000e6f  GPIOPinTypePWM                 
00000f2f  GPIOPinWrite                   
00000a39  IntEnable                      
00000d19  IntRegister                    
00000615  PWM0_Int_handler               
00000dab  PWMGenConfigure                
00000eed  PWMGenDisable                  
00000ef9  PWMGenEnable                   
00000f35  PWMGenIntClear                 
00000f05  PWMGenIntStatus                
00000e93  PWMGenPeriodSet                
00000e81  PWMOutputState                 
00000dcd  PWMPulseWidthSet               
00000f1d  ResetISR                       
UNDEFED   SHT$$INIT_ARRAY$$Base          
UNDEFED   SHT$$INIT_ARRAY$$Limit         
00000689  SysCtlClockSet                 
00000f3b  SysCtlDelay                    
00000e35  SysCtlPWMClockSet              
00000d4d  SysCtlPeripheralEnable         
00000ce1  SysCtlPeripheralReady          
2000046c  __STACK_END                    
00000200  __STACK_SIZE                   
2000046c  __STACK_TOP                    
00001228  __TI_CINIT_Base                
00001238  __TI_CINIT_Limit               
00001214  __TI_Handler_Table_Base        
00001220  __TI_Handler_Table_Limit       
000009c9  __TI_auto_init                 
2000046c  __TI_cleanup_ptr               
00000aa1  __TI_decompress_lzss           
00000ed3  __TI_decompress_none           
20000470  __TI_dtors_ptr                 
20000474  __TI_enable_exit_profile_output
ffffffff  __TI_pprof_out_hndl            
ffffffff  __TI_prof_data_size            
ffffffff  __TI_prof_data_start           
00000000  __TI_static_base__             
00000f11  __TI_zero_init                 
0000094d  __aeabi_memclr                 
0000094d  __aeabi_memclr4                
0000094d  __aeabi_memclr8                
00000821  __aeabi_memcpy                 
00000821  __aeabi_memcpy4                
00000821  __aeabi_memcpy8                
0000094f  __aeabi_memset                 
0000094f  __aeabi_memset4                
0000094f  __aeabi_memset8                
ffffffff  __binit__                      
ffffffff  __c_args__                     
00000583  __mpu_init                     
2000026c  __stack                        
00000e1d  _args_main                     
00000b61  _c_int00                       
20000478  _lock                          
00000e57  _nop                           
00000e4f  _register_lock                 
00000e49  _register_unlock               
000009c7  _system_post_cinit             
00000f41  _system_pre_init               
2000047c  _unlock                        
00000bb9  abort                          
ffffffff  binit                          
20000480  burst_finished_                
00000289  configPort_A                   
000002bd  configPort_B                   
00000339  configPort_C                   
0000034d  configPort_D                   
00000385  configPort_E                   
000003a1  configPort_F                   
00000c09  copy_in                        
00000bc1  exit                           
000003eb  extIntFHandler                 
20000000  g_pfnRAMVectors                
00000000  g_pfnVectors                   
0000026d  halGpioInit                    
00000607  halIsBurstFinished             
0000060d  halResetBurstIndicator         
000005ef  halStartBurstModeUS            
00000eb5  halSysClkInit                  
00000585  halUsInit                      
00000ea3  hal_init                       
20000488  is_switch_active               
000008bd  main                           
20000484  main_func_sp                   
00000821  memcpy                         
00000955  memset                         


GLOBAL SYMBOLS: SORTED BY Symbol Address 

address   name                           
-------   ----                           
00000000  __TI_static_base__             
00000000  g_pfnVectors                   
00000200  __STACK_SIZE                   
0000026d  halGpioInit                    
00000289  configPort_A                   
000002bd  configPort_B                   
00000339  configPort_C                   
0000034d  configPort_D                   
00000385  configPort_E                   
000003a1  configPort_F                   
000003eb  extIntFHandler                 
00000451  GPIOPadConfigSet               
00000583  __mpu_init                     
00000585  halUsInit                      
000005ef  halStartBurstModeUS            
00000607  halIsBurstFinished             
0000060d  halResetBurstIndicator         
00000615  PWM0_Int_handler               
00000689  SysCtlClockSet                 
0000077d  GPIOPadConfigGet               
00000821  __aeabi_memcpy                 
00000821  __aeabi_memcpy4                
00000821  __aeabi_memcpy8                
00000821  memcpy                         
000008bd  main                           
0000094d  __aeabi_memclr                 
0000094d  __aeabi_memclr4                
0000094d  __aeabi_memclr8                
0000094f  __aeabi_memset                 
0000094f  __aeabi_memset4                
0000094f  __aeabi_memset8                
00000955  memset                         
000009c7  _system_post_cinit             
000009c9  __TI_auto_init                 
00000a39  IntEnable                      
00000aa1  __TI_decompress_lzss           
00000b09  GPIOIntTypeSet                 
00000b61  _c_int00                       
00000bb5  C$$EXIT                        
00000bb9  abort                          
00000bc1  exit                           
00000c09  copy_in                        
00000c55  GPIOPinConfigure               
00000ce1  SysCtlPeripheralReady          
00000d19  IntRegister                    
00000d4d  SysCtlPeripheralEnable         
00000d81  GPIODirModeSet                 
00000dab  PWMGenConfigure                
00000dcd  PWMPulseWidthSet               
00000deb  GPIOIntRegister                
00000e03  GPIOPinTypeGPIOOutput          
00000e1d  _args_main                     
00000e35  SysCtlPWMClockSet              
00000e49  _register_unlock               
00000e4f  _register_lock                 
00000e57  _nop                           
00000e5d  GPIOPinTypeGPIOInput           
00000e6f  GPIOPinTypePWM                 
00000e81  PWMOutputState                 
00000e93  PWMGenPeriodSet                
00000ea3  hal_init                       
00000eb5  halSysClkInit                  
00000ec5  GPIOIntStatus                  
00000ed3  __TI_decompress_none           
00000ee1  GPIOIntEnable                  
00000eed  PWMGenDisable                  
00000ef9  PWMGenEnable                   
00000f05  PWMGenIntStatus                
00000f11  __TI_zero_init                 
00000f1d  ResetISR                       
00000f29  GPIOIntClear                   
00000f2f  GPIOPinWrite                   
00000f35  PWMGenIntClear                 
00000f3b  SysCtlDelay                    
00000f41  _system_pre_init               
00001214  __TI_Handler_Table_Base        
00001220  __TI_Handler_Table_Limit       
00001228  __TI_CINIT_Base                
00001238  __TI_CINIT_Limit               
20000000  g_pfnRAMVectors                
2000026c  __stack                        
2000046c  __STACK_END                    
2000046c  __STACK_TOP                    
2000046c  __TI_cleanup_ptr               
20000470  __TI_dtors_ptr                 
20000474  __TI_enable_exit_profile_output
20000478  _lock                          
2000047c  _unlock                        
20000480  burst_finished_                
20000484  main_func_sp                   
20000488  is_switch_active               
ffffffff  __TI_pprof_out_hndl            
ffffffff  __TI_prof_data_size            
ffffffff  __TI_prof_data_start           
ffffffff  __binit__                      
ffffffff  __c_args__                     
ffffffff  binit                          
UNDEFED   SHT$$INIT_ARRAY$$Base          
UNDEFED   SHT$$INIT_ARRAY$$Limit         

[99 symbols]
