******************************************************************************
                  TI ARM Linker PC v16.9.4                     
******************************************************************************
>> Linked Mon Jun 18 14:13:37 2018

OUTPUT FILE NAME:   <EM_1_TIVA_Git.out>
ENTRY POINT SYMBOL: "_c_int00"  address: 000010cd


MEMORY CONFIGURATION

         name            origin    length      used     unused   attr    fill
----------------------  --------  ---------  --------  --------  ----  --------
  FLASH                 00000000   00040000  0000191e  0003e6e2  R  X
  SRAM                  20000000   00008000  00000498  00007b68  RW X


SEGMENT ALLOCATION MAP

run origin  load origin   length   init length attrs members
----------  ----------- ---------- ----------- ----- -------
00000000    00000000    00001920   00001920    r-x
  00000000    00000000    0000026c   0000026c    r-- .intvecs
  0000026c    0000026c    00001354   00001354    r-x .text
  000015c0    000015c0    00000316   00000316    r-- .const
  000018d8    000018d8    00000048   00000048    r-- .cinit
20000000    20000000    00000498   00000000    rw-
  20000000    20000000    0000026c   00000000    rw- .vtable
  2000026c    2000026c    00000200   00000000    rw- .stack
  2000046c    2000046c    0000002c   00000000    rw- .data


SECTION ALLOCATION MAP

 output                                  attributes/
section   page    origin      length       input sections
--------  ----  ----------  ----------   ----------------
.intvecs   0    00000000    0000026c     
                  00000000    0000026c     tm4c123gh6pm_startup_ccs.obj (.intvecs)

.text      0    0000026c    00001354     
                  0000026c    00000244     hal_i2c.obj (.text)
                  000004b0    000001e4     hal_gpio.obj (.text)
                  00000694    00000178     hal_mpu_9250.obj (.text)
                  0000080c    00000132     driverlib.lib : gpio.obj (.text:GPIOPadConfigSet)
                  0000093e    00000002     rtsv7M4_T_le_v4SPD16_eabi.lib : mpu_init.obj (.text)
                  00000940    00000130     hal_us.obj (.text)
                  00000a70    00000110     driverlib.lib : sysctl.obj (.text:SysCtlClockGet)
                  00000b80    000000f4                   : sysctl.obj (.text:SysCtlClockSet)
                  00000c74    000000b0                   : pwm.obj (.text:_PWMGenIntNumberGet)
                  00000d24    000000a4                   : gpio.obj (.text:GPIOPadConfigGet)
                  00000dc8    0000009c     rtsv7M4_T_le_v4SPD16_eabi.lib : memcpy_t2.obj (.text)
                  00000e64    0000007a                                   : memset_t2.obj (.text)
                  00000ede    00000002                                   : startup.obj (.text)
                  00000ee0    00000070                                   : autoinit.obj (.text)
                  00000f50    00000068     driverlib.lib : interrupt.obj (.text:IntEnable)
                  00000fb8    00000068     rtsv7M4_T_le_v4SPD16_eabi.lib : copy_decompress_lzss.obj (.text:decompress:lzss)
                  00001020    00000056     driverlib.lib : gpio.obj (.text:GPIOIntTypeSet)
                  00001076    00000002     --HOLE-- [fill = 0]
                  00001078    00000054     main.obj (.text)
                  000010cc    00000054     rtsv7M4_T_le_v4SPD16_eabi.lib : boot.obj (.text)
                  00001120    00000054                                   : exit.obj (.text)
                  00001174    00000050     driverlib.lib : sysctl.obj (.text:SysCtlPeripheralReset)
                  000011c4    0000004c                   : i2c.obj (.text:I2CMasterInitExpClk)
                  00001210    0000004c     rtsv7M4_T_le_v4SPD16_eabi.lib : cpy_tbl.obj (.text)
                  0000125c    00000048     driverlib.lib : gpio.obj (.text:GPIOPinConfigure)
                  000012a4    00000044                   : gpio.obj (.text:_GPIOIntNumberGet)
                  000012e8    00000038                   : sysctl.obj (.text:SysCtlPeripheralReady)
                  00001320    00000034                   : interrupt.obj (.text:IntRegister)
                  00001354    00000034                   : sysctl.obj (.text:SysCtlPeripheralEnable)
                  00001388    0000002a                   : gpio.obj (.text:GPIODirModeSet)
                  000013b2    00000022                   : pwm.obj (.text:PWMGenConfigure)
                  000013d4    0000001e                   : pwm.obj (.text:PWMPulseWidthSet)
                  000013f2    00000018                   : gpio.obj (.text:GPIOIntRegister)
                  0000140a    00000018                   : gpio.obj (.text:GPIOPinTypeGPIOOutput)
                  00001422    00000018                   : pwm.obj (.text:PWMGenIntRegister)
                  0000143a    00000002     --HOLE-- [fill = 0]
                  0000143c    00000018     rtsv7M4_T_le_v4SPD16_eabi.lib : args_main.obj (.text)
                  00001454    00000014     driverlib.lib : sysctl.obj (.text:SysCtlPWMClockSet)
                  00001468    00000014     rtsv7M4_T_le_v4SPD16_eabi.lib : _lock.obj (.text)
                  0000147c    00000012     driverlib.lib : gpio.obj (.text:GPIOPinTypeGPIOInput)
                  0000148e    00000012                   : gpio.obj (.text:GPIOPinTypeI2C)
                  000014a0    00000012                   : gpio.obj (.text:GPIOPinTypeI2CSCL)
                  000014b2    00000012                   : gpio.obj (.text:GPIOPinTypePWM)
                  000014c4    00000012                   : pwm.obj (.text:PWMOutputState)
                  000014d6    00000010                   : pwm.obj (.text:PWMGenPeriodSet)
                  000014e6    00000010     hal_init.obj (.text)
                  000014f6    00000002     --HOLE-- [fill = 0]
                  000014f8    00000010     hal_usc.obj (.text)
                  00001508    0000000e     driverlib.lib : gpio.obj (.text:GPIOIntStatus)
                  00001516    0000000e     rtsv7M4_T_le_v4SPD16_eabi.lib : copy_decompress_none.obj (.text:decompress:none)
                  00001524    0000000c     driverlib.lib : gpio.obj (.text:GPIOIntEnable)
                  00001530    0000000c                   : pwm.obj (.text:PWMGenDisable)
                  0000153c    0000000c                   : pwm.obj (.text:PWMGenEnable)
                  00001548    0000000c                   : pwm.obj (.text:PWMGenIntStatus)
                  00001554    0000000c     rtsv7M4_T_le_v4SPD16_eabi.lib : copy_zero_init.obj (.text:decompress:ZI)
                  00001560    0000000c     tm4c123gh6pm_startup_ccs.obj (.text)
                  0000156c    0000000a     driverlib.lib : i2c.obj (.text:I2CMasterEnable)
                  00001576    0000000a                   : pwm.obj (.text:PWMGenIntTrigEnable)
                  00001580    00000008                   : i2c.obj (.text:I2CMasterBusy)
                  00001588    00000008                   : i2c.obj (.text:I2CMasterSlaveAddrSet)
                  00001590    00000008                   : pwm.obj (.text:PWMIntEnable)
                  00001598    00000006                   : gpio.obj (.text:GPIOIntClear)
                  0000159e    00000006                   : gpio.obj (.text:GPIOPinWrite)
                  000015a4    00000006                   : pwm.obj (.text:PWMGenIntClear)
                  000015aa    00000006                   : sysctl.obj (.text:SysCtlDelay)
                  000015b0    00000004                   : i2c.obj (.text:I2CMasterControl)
                  000015b4    00000004                   : i2c.obj (.text:I2CMasterDataGet)
                  000015b8    00000004                   : i2c.obj (.text:I2CMasterDataPut)
                  000015bc    00000004     rtsv7M4_T_le_v4SPD16_eabi.lib : pre_init.obj (.text)

.const     0    000015c0    00000316     
                  000015c0    000000d8     driverlib.lib : gpio.obj (.const:g_ppui32GPIOIntMapSnowflake)
                  00001698    000000c0                   : gpio.obj (.const:g_ppui32GPIOIntMapBlizzard)
                  00001758    00000090                   : gpio.obj (.const:g_pui32GPIOBaseAddrs)
                  000017e8    00000070                   : interrupt.obj (.const)
                  00001858    0000006c                   : sysctl.obj (.const:g_pui32Xtals)
                  000018c4    0000000c     main.obj (.const:$P$T0$1)
                  000018d0    00000003     hal_mpu_9250.obj (.const:.string:$P$T0$1)
                  000018d3    00000003     hal_mpu_9250.obj (.const:.string:$P$T1$2)

.cinit     0    000018d8    00000048     
                  000018d8    0000001f     (.cinit..data.load) [load image, compression = lzss]
                  000018f7    00000001     --HOLE-- [fill = 0]
                  000018f8    0000000c     (__TI_handler_table)
                  00001904    00000004     --HOLE-- [fill = 0]
                  00001908    00000008     (.cinit..vtable.load) [load image, compression = zero_init]
                  00001910    00000010     (__TI_cinit_table)

.init_array 
*          0    00000000    00000000     UNINITIALIZED

.vtable    0    20000000    0000026c     UNINITIALIZED
                  20000000    0000026c     driverlib.lib : interrupt.obj (.vtable)

.stack     0    2000026c    00000200     UNINITIALIZED
                  2000026c    00000200     --HOLE--

.data      0    2000046c    0000002c     UNINITIALIZED
                  2000046c    0000000c     rtsv7M4_T_le_v4SPD16_eabi.lib : exit.obj (.data:$O1$$)
                  20000478    0000000c     hal_us.obj (.data)
                  20000484    00000008     rtsv7M4_T_le_v4SPD16_eabi.lib : _lock.obj (.data:$O1$$)
                  2000048c    00000006     hal_mpu_9250.obj (.data:Accel_reg_addr)
                  20000492    00000001     hal_gpio.obj (.data)
                  20000493    00000001     --HOLE--
                  20000494    00000004     rtsv7M4_T_le_v4SPD16_eabi.lib : stkdepth_vars.obj (.data)

MODULE SUMMARY

       Module                         code   ro data   rw data
       ------                         ----   -------   -------
    .\
       tm4c123gh6pm_startup_ccs.obj   12     620       0      
       main.obj                       84     12        0      
    +--+------------------------------+------+---------+---------+
       Total:                         96     632       0      
                                                              
    .\F_HAL\
       hal_i2c.obj                    580    0         0      
       hal_gpio.obj                   484    0         1      
       hal_mpu_9250.obj               376    6         6      
       hal_us.obj                     304    0         12     
       hal_init.obj                   16     0         0      
       hal_usc.obj                    16     0         0      
    +--+------------------------------+------+---------+---------+
       Total:                         1776   6         19     
                                                              
    C:/ti/TivaWare_C_Series-2.1.4.178/driverlib/ccs/Debug/driverlib.lib
       gpio.obj                       896    552       0      
       interrupt.obj                  156    112       620    
       sysctl.obj                     730    108       0      
       pwm.obj                        358    0         0      
       i2c.obj                        114    0         0      
    +--+------------------------------+------+---------+---------+
       Total:                         2254   772       620    
                                                              
    C:\ti\ccsv7\tools\compiler\ti-cgt-arm_16.9.4.LTS\lib\rtsv7M4_T_le_v4SPD16_eabi.lib
       memcpy_t2.obj                  156    0         0      
       memset_t2.obj                  122    0         0      
       autoinit.obj                   112    0         0      
       copy_decompress_lzss.obj       104    0         0      
       exit.obj                       84     0         12     
       boot.obj                       84     0         0      
       cpy_tbl.obj                    76     0         0      
       _lock.obj                      20     0         8      
       args_main.obj                  24     0         0      
       copy_decompress_none.obj       14     0         0      
       copy_zero_init.obj             12     0         0      
       pre_init.obj                   4      0         0      
       stkdepth_vars.obj              0      0         4      
       mpu_init.obj                   2      0         0      
       startup.obj                    2      0         0      
    +--+------------------------------+------+---------+---------+
       Total:                         816    0         24     
                                                              
       Stack:                         0      0         512    
       Linker Generated:              0      67        0      
    +--+------------------------------+------+---------+---------+
       Grand Total:                   4942   1477      1175   


LINKER GENERATED COPY TABLES

__TI_cinit_table @ 00001910 records: 2, size/record: 8, table size: 16
	.data: load addr=000018d8, load size=0000001f bytes, run addr=2000046c, run size=0000002c bytes, compression=lzss
	.vtable: load addr=00001908, load size=00000008 bytes, run addr=20000000, run size=0000026c bytes, compression=zero_init


LINKER GENERATED HANDLER TABLE

__TI_handler_table @ 000018f8 records: 3, size/record: 4, table size: 12
	index: 0, handler: __TI_zero_init
	index: 1, handler: __TI_decompress_lzss
	index: 2, handler: __TI_decompress_none


GLOBAL SYMBOLS: SORTED ALPHABETICALLY BY Name 

address   name                           
-------   ----                           
2000048c  Accel_reg_addr                 
00001121  C$$EXIT                        
00001389  GPIODirModeSet                 
00001599  GPIOIntClear                   
00001525  GPIOIntEnable                  
000013f3  GPIOIntRegister                
00001509  GPIOIntStatus                  
00001021  GPIOIntTypeSet                 
00000d25  GPIOPadConfigGet               
0000080d  GPIOPadConfigSet               
0000125d  GPIOPinConfigure               
0000147d  GPIOPinTypeGPIOInput           
0000140b  GPIOPinTypeGPIOOutput          
0000148f  GPIOPinTypeI2C                 
000014a1  GPIOPinTypeI2CSCL              
000014b3  GPIOPinTypePWM                 
0000159f  GPIOPinWrite                   
00001581  I2CMasterBusy                  
000015b1  I2CMasterControl               
000015b5  I2CMasterDataGet               
000015b9  I2CMasterDataPut               
0000156d  I2CMasterEnable                
000011c5  I2CMasterInitExpClk            
00001589  I2CMasterSlaveAddrSet          
000003e1  I2CReceiveBurst                
00000389  I2CReceiveSingle               
000002eb  I2cSendBurst                   
000002b7  I2cSendByte                    
00000f51  IntEnable                      
00001321  IntRegister                    
000009fd  PWM0_Int_handler               
000013b3  PWMGenConfigure                
00001531  PWMGenDisable                  
0000153d  PWMGenEnable                   
000015a5  PWMGenIntClear                 
00001423  PWMGenIntRegister              
00001549  PWMGenIntStatus                
00001577  PWMGenIntTrigEnable            
000014d7  PWMGenPeriodSet                
00001591  PWMIntEnable                   
000014c5  PWMOutputState                 
000013d5  PWMPulseWidthSet               
00001561  ResetISR                       
UNDEFED   SHT$$INIT_ARRAY$$Base          
UNDEFED   SHT$$INIT_ARRAY$$Limit         
00000a71  SysCtlClockGet                 
00000b81  SysCtlClockSet                 
000015ab  SysCtlDelay                    
00001455  SysCtlPWMClockSet              
00001355  SysCtlPeripheralEnable         
000012e9  SysCtlPeripheralReady          
00001175  SysCtlPeripheralReset          
2000046c  __STACK_END                    
00000200  __STACK_SIZE                   
2000046c  __STACK_TOP                    
00001910  __TI_CINIT_Base                
00001920  __TI_CINIT_Limit               
000018f8  __TI_Handler_Table_Base        
00001904  __TI_Handler_Table_Limit       
00000ee1  __TI_auto_init                 
2000046c  __TI_cleanup_ptr               
00000fb9  __TI_decompress_lzss           
00001517  __TI_decompress_none           
20000470  __TI_dtors_ptr                 
20000474  __TI_enable_exit_profile_output
ffffffff  __TI_pprof_out_hndl            
ffffffff  __TI_prof_data_size            
ffffffff  __TI_prof_data_start           
00000000  __TI_static_base__             
00001555  __TI_zero_init                 
00000e65  __aeabi_memclr                 
00000e65  __aeabi_memclr4                
00000e65  __aeabi_memclr8                
00000dc9  __aeabi_memcpy                 
00000dc9  __aeabi_memcpy4                
00000dc9  __aeabi_memcpy8                
00000e67  __aeabi_memset                 
00000e67  __aeabi_memset4                
00000e67  __aeabi_memset8                
ffffffff  __binit__                      
ffffffff  __c_args__                     
0000093f  __mpu_init                     
2000026c  __stack                        
0000143d  _args_main                     
000010cd  _c_int00                       
20000484  _lock                          
00001477  _nop                           
0000146f  _register_lock                 
00001469  _register_unlock               
00000edf  _system_post_cinit             
000015bd  _system_pre_init               
20000488  _unlock                        
00001125  abort                          
ffffffff  binit                          
20000478  burst_finished_                
000004cd  configPort_A                   
00000501  configPort_B                   
0000057d  configPort_C                   
00000591  configPort_D                   
000005c9  configPort_E                   
000005e5  configPort_F                   
00001211  copy_in                        
0000112d  exit                           
0000062f  extIntFHandler                 
20000000  g_pfnRAMVectors                
00000000  g_pfnVectors                   
000006cf  halAccInit                     
00000719  halGetAccData                  
000004b1  halGpioInit                    
0000026d  halI2cInit                     
000009ef  halIsBurstFinished             
00000695  halMpuInit                     
000006a1  halMpuReset                    
000009f5  halResetBurstIndicator         
000009d7  halStartBurstModeUS            
000014f9  halSysClkInit                  
00000941  halUsInit                      
000006c1  halWhoAmI                      
000014e7  hal_init                       
20000492  is_switch_active               
00001079  main                           
20000494  main_func_sp                   
00000dc9  memcpy                         
00000e6d  memset                         
2000047c  pwm_burst_cnt_                 


GLOBAL SYMBOLS: SORTED BY Symbol Address 

address   name                           
-------   ----                           
00000000  __TI_static_base__             
00000000  g_pfnVectors                   
00000200  __STACK_SIZE                   
0000026d  halI2cInit                     
000002b7  I2cSendByte                    
000002eb  I2cSendBurst                   
00000389  I2CReceiveSingle               
000003e1  I2CReceiveBurst                
000004b1  halGpioInit                    
000004cd  configPort_A                   
00000501  configPort_B                   
0000057d  configPort_C                   
00000591  configPort_D                   
000005c9  configPort_E                   
000005e5  configPort_F                   
0000062f  extIntFHandler                 
00000695  halMpuInit                     
000006a1  halMpuReset                    
000006c1  halWhoAmI                      
000006cf  halAccInit                     
00000719  halGetAccData                  
0000080d  GPIOPadConfigSet               
0000093f  __mpu_init                     
00000941  halUsInit                      
000009d7  halStartBurstModeUS            
000009ef  halIsBurstFinished             
000009f5  halResetBurstIndicator         
000009fd  PWM0_Int_handler               
00000a71  SysCtlClockGet                 
00000b81  SysCtlClockSet                 
00000d25  GPIOPadConfigGet               
00000dc9  __aeabi_memcpy                 
00000dc9  __aeabi_memcpy4                
00000dc9  __aeabi_memcpy8                
00000dc9  memcpy                         
00000e65  __aeabi_memclr                 
00000e65  __aeabi_memclr4                
00000e65  __aeabi_memclr8                
00000e67  __aeabi_memset                 
00000e67  __aeabi_memset4                
00000e67  __aeabi_memset8                
00000e6d  memset                         
00000edf  _system_post_cinit             
00000ee1  __TI_auto_init                 
00000f51  IntEnable                      
00000fb9  __TI_decompress_lzss           
00001021  GPIOIntTypeSet                 
00001079  main                           
000010cd  _c_int00                       
00001121  C$$EXIT                        
00001125  abort                          
0000112d  exit                           
00001175  SysCtlPeripheralReset          
000011c5  I2CMasterInitExpClk            
00001211  copy_in                        
0000125d  GPIOPinConfigure               
000012e9  SysCtlPeripheralReady          
00001321  IntRegister                    
00001355  SysCtlPeripheralEnable         
00001389  GPIODirModeSet                 
000013b3  PWMGenConfigure                
000013d5  PWMPulseWidthSet               
000013f3  GPIOIntRegister                
0000140b  GPIOPinTypeGPIOOutput          
00001423  PWMGenIntRegister              
0000143d  _args_main                     
00001455  SysCtlPWMClockSet              
00001469  _register_unlock               
0000146f  _register_lock                 
00001477  _nop                           
0000147d  GPIOPinTypeGPIOInput           
0000148f  GPIOPinTypeI2C                 
000014a1  GPIOPinTypeI2CSCL              
000014b3  GPIOPinTypePWM                 
000014c5  PWMOutputState                 
000014d7  PWMGenPeriodSet                
000014e7  hal_init                       
000014f9  halSysClkInit                  
00001509  GPIOIntStatus                  
00001517  __TI_decompress_none           
00001525  GPIOIntEnable                  
00001531  PWMGenDisable                  
0000153d  PWMGenEnable                   
00001549  PWMGenIntStatus                
00001555  __TI_zero_init                 
00001561  ResetISR                       
0000156d  I2CMasterEnable                
00001577  PWMGenIntTrigEnable            
00001581  I2CMasterBusy                  
00001589  I2CMasterSlaveAddrSet          
00001591  PWMIntEnable                   
00001599  GPIOIntClear                   
0000159f  GPIOPinWrite                   
000015a5  PWMGenIntClear                 
000015ab  SysCtlDelay                    
000015b1  I2CMasterControl               
000015b5  I2CMasterDataGet               
000015b9  I2CMasterDataPut               
000015bd  _system_pre_init               
000018f8  __TI_Handler_Table_Base        
00001904  __TI_Handler_Table_Limit       
00001910  __TI_CINIT_Base                
00001920  __TI_CINIT_Limit               
20000000  g_pfnRAMVectors                
2000026c  __stack                        
2000046c  __STACK_END                    
2000046c  __STACK_TOP                    
2000046c  __TI_cleanup_ptr               
20000470  __TI_dtors_ptr                 
20000474  __TI_enable_exit_profile_output
20000478  burst_finished_                
2000047c  pwm_burst_cnt_                 
20000484  _lock                          
20000488  _unlock                        
2000048c  Accel_reg_addr                 
20000492  is_switch_active               
20000494  main_func_sp                   
ffffffff  __TI_pprof_out_hndl            
ffffffff  __TI_prof_data_size            
ffffffff  __TI_prof_data_start           
ffffffff  __binit__                      
ffffffff  __c_args__                     
ffffffff  binit                          
UNDEFED   SHT$$INIT_ARRAY$$Base          
UNDEFED   SHT$$INIT_ARRAY$$Limit         

[125 symbols]
